Archive member included because of file (symbol)

C:\Program Files (x86)\VEX Robotics\VEXcode Pro V5\sdk/vexv5\libv5rt.a(v5_startup.c.obj)
                              (vexStartup)
C:\Program Files (x86)\VEX Robotics\VEXcode Pro V5\sdk/vexv5\libv5rt.a(v5_util.c.obj)
                              C:\Program Files (x86)\VEX Robotics\VEXcode Pro V5\sdk/vexv5\libv5rt.a(v5_startup.c.obj) (vexStdlibVersionLinked)
C:\Program Files (x86)\VEX Robotics\VEXcode Pro V5\sdk/vexv5\libv5rt.a(v5_apijump.c.obj)
                              C:\Program Files (x86)\VEX Robotics\VEXcode Pro V5\sdk/vexv5\libv5rt.a(v5_startup.c.obj) (vexPrivateApiEnable)
C:\Program Files (x86)\VEX Robotics\VEXcode Pro V5\sdk/vexv5\libv5rt.a(v5_apiversions.c.obj)
                              C:\Program Files (x86)\VEX Robotics\VEXcode Pro V5\sdk/vexv5\libv5rt.a(v5_apijump.c.obj) (vexSystemVersion)
C:\Program Files (x86)\VEX Robotics\VEXcode Pro V5\sdk/vexv5\libv5rt.a(vex_global.cpp.obj)
                              build/src/main.o (vex::wait(double, vex::timeUnits))
C:\Program Files (x86)\VEX Robotics\VEXcode Pro V5\sdk/vexv5\libv5rt.a(vex_thread.cpp.obj)
                              build/src/main.o (vex::thread::thread(int (*)()))
C:\Program Files (x86)\VEX Robotics\VEXcode Pro V5\sdk/vexv5\libv5rt.a(vex_mevent.cpp.obj)
                              build/src/Shades/Screen.o (vex::mevent::operator int() const)
C:\Program Files (x86)\VEX Robotics\VEXcode Pro V5\sdk/vexv5\libv5rt.a(vex_brain.cpp.obj)
                              build/src/robot-config.o (vex::brain::brain())
C:\Program Files (x86)\VEX Robotics\VEXcode Pro V5\sdk/vexv5\libv5rt.a(vex_competition.cpp.obj)
                              build/src/main.o (vex::competition::competition())
C:\Program Files (x86)\VEX Robotics\VEXcode Pro V5\sdk/vexv5\libv5rt.a(vex_triport.cpp.obj)
                              C:\Program Files (x86)\VEX Robotics\VEXcode Pro V5\sdk/vexv5\libv5rt.a(vex_brain.cpp.obj) (vex::triport::~triport())
C:\Program Files (x86)\VEX Robotics\VEXcode Pro V5\sdk/vexv5\libv5rt.a(vex_color.cpp.obj)
                              C:\Program Files (x86)\VEX Robotics\VEXcode Pro V5\sdk/vexv5\libv5rt.a(vex_brain.cpp.obj) (vex::color::operator unsigned long() const)
C:\Program Files (x86)\VEX Robotics\VEXcode Pro V5\sdk/vexv5\libv5rt.a(vex_timer.cpp.obj)
                              C:\Program Files (x86)\VEX Robotics\VEXcode Pro V5\sdk/vexv5\libv5rt.a(vex_brain.cpp.obj) (vex::timer::~timer())
C:\Program Files (x86)\VEX Robotics\VEXcode Pro V5\sdk/vexv5\libv5rt.a(v5_apiuser.c.obj)
                              C:\Program Files (x86)\VEX Robotics\VEXcode Pro V5\sdk/vexv5\libv5rt.a(vex_triport.cpp.obj) (vexAdiPortConfigSet)
C:\Program Files (x86)\VEX Robotics\VEXcode Pro V5\sdk/vexv5\libv5rt.a(vex_device.cpp.obj)
                              C:\Program Files (x86)\VEX Robotics\VEXcode Pro V5\sdk/vexv5\libv5rt.a(vex_triport.cpp.obj) (vex::device::~device())
C:\Program Files (x86)\VEX Robotics\VEXcode Pro V5\sdk/vexv5\libv5rt.a(vex_task.cpp.obj)
                              C:\Program Files (x86)\VEX Robotics\VEXcode Pro V5\sdk/vexv5\libv5rt.a(vex_competition.cpp.obj) (vex::task::task(int (*)()))
C:\Program Files (x86)\VEX Robotics\VEXcode Pro V5\sdk/vexv5\libv5rt.a(vex_event.cpp.obj)
                              C:\Program Files (x86)\VEX Robotics\VEXcode Pro V5\sdk/vexv5\libv5rt.a(vex_mevent.cpp.obj) (vex::event::init(unsigned long, unsigned long, void (*)()))
C:\Program Files (x86)\VEX Robotics\VEXcode Pro V5\sdk/vexv5/gcc/libs\libstdc++.a(class_type_info.o)
                              build/src/Shades/Screen.o (vtable for __cxxabiv1::__class_type_info)
C:\Program Files (x86)\VEX Robotics\VEXcode Pro V5\sdk/vexv5/gcc/libs\libstdc++.a(si_class_type_info.o)
                              build/src/Shades/Screen.o (vtable for __cxxabiv1::__si_class_type_info)
C:\Program Files (x86)\VEX Robotics\VEXcode Pro V5\sdk/vexv5/gcc/libs\libstdc++.a(tinfo.o)
                              C:\Program Files (x86)\VEX Robotics\VEXcode Pro V5\sdk/vexv5/gcc/libs\libstdc++.a(class_type_info.o) (typeinfo for std::type_info)
C:\Program Files (x86)\VEX Robotics\VEXcode Pro V5\sdk/vexv5/gcc/libs\libc.a(lib_a-aeabi_memclr.o)
                              build/src/Shades/tinyxml2.o (__aeabi_memclr)
C:\Program Files (x86)\VEX Robotics\VEXcode Pro V5\sdk/vexv5/gcc/libs\libc.a(lib_a-aeabi_memcpy.o)
                              build/src/Shades/Screen.o (__aeabi_memcpy)
C:\Program Files (x86)\VEX Robotics\VEXcode Pro V5\sdk/vexv5/gcc/libs\libc.a(lib_a-aeabi_memset-soft.o)
                              C:\Program Files (x86)\VEX Robotics\VEXcode Pro V5\sdk/vexv5/gcc/libs\libc.a(lib_a-aeabi_memclr.o) (__aeabi_memset)
C:\Program Files (x86)\VEX Robotics\VEXcode Pro V5\sdk/vexv5/gcc/libs\libc.a(lib_a-ferror.o)
                              build/src/Shades/tinyxml2.o (ferror)
C:\Program Files (x86)\VEX Robotics\VEXcode Pro V5\sdk/vexv5/gcc/libs\libc.a(lib_a-fgetc.o)
[...]
Memory Configuration

Name             Origin             Length             Attributes
ps7_ddr_0_S_AXI_BASEADDR 0x03800000         0x04800000
*default*        0x00000000         0xffffffff

Linker script and memory map

                0x00002000                _STACK_SIZE = DEFINED (_STACK_SIZE)?_STACK_SIZE:0x2000
                0x00100000                _HEAP_SIZE = DEFINED (_HEAP_SIZE)?_HEAP_SIZE:0x100000
                0x00000400                _ABORT_STACK_SIZE = DEFINED (_ABORT_STACK_SIZE)?_ABORT_STACK_SIZE:0x400
                0x00000800                _SUPERVISOR_STACK_SIZE = DEFINED (_SUPERVISOR_STACK_SIZE)?_SUPERVISOR_STACK_SIZE:0x800
                0x00000400                _IRQ_STACK_SIZE = DEFINED (_IRQ_STACK_SIZE)?_IRQ_STACK_SIZE:0x400
                0x00000400                _FIQ_STACK_SIZE = DEFINED (_FIQ_STACK_SIZE)?_FIQ_STACK_SIZE:0x400
                0x00000400                _UNDEF_STACK_SIZE = DEFINED (_UNDEF_STACK_SIZE)?_UNDEF_STACK_SIZE:0x400

.text           0x03800000     0x9560
 *(.vectors)
 *(.boot_data)
 .boot_data     0x03800000       0x20 C:\Program Files (x86)\VEX Robotics\VEXcode Pro V5\sdk/vexv5\libv5rt.a(v5_startup.c.obj)
                0x03800000                vexCodeSig
                0x00000020                . = 0x20
 *(.boot)
 .boot          0x03800020       0xbc C:\Program Files (x86)\VEX Robotics\VEXcode Pro V5\sdk/vexv5\libv5rt.a(v5_startup.c.obj)
                0x03800020                vexStartup
                0x03800100                . = ALIGN (0x40)
 *fill*         0x038000dc       0x24 
 *(.freertos_vectors)
 *(.text)
 .text          0x03800100       0x9a C:\Program Files (x86)\VEX Robotics\VEXcode Pro V5\sdk/vexv5/gcc/libs\libc.a(lib_a-aeabi_memset-soft.o)
                0x03800100                __aeabi_memset8
                0x03800100                __aeabi_memset
                0x03800100                __aeabi_memset4
 *(.text.*)
 *fill*         0x0380019a        0x2 
 .text._Z10autonomousv
                0x0380019c        0x4 build/src/main.o
                0x0380019c                autonomous()
 .text._Z11usercontrolv
                0x038001a0       0x30 build/src/main.o
                0x038001a0                usercontrol()
 .text.main     0x038001d0      0x150 build/src/main.o
                0x038001d0                main
 .text._GLOBAL__sub_I_main.cpp
                0x03800320       0x5c build/src/main.o
 .text._Z11vexcodeInitv
                0x0380037c        0x4 build/src/robot-config.o
                0x0380037c                vexcodeInit()
 .text._GLOBAL__sub_I_robot_config.cpp
                0x03800380       0x34 build/src/robot-config.o
 .text._ZNSt6vectorISt10shared_ptrIN3sds11displayableEESaIS3_EED2Ev
                0x038003b4       0x48 build/src/Shades/Screen.o
                0x038003b4                std::vector<std::shared_ptr<sds::displayable>, std::allocator<std::shared_ptr<sds::displayable> > >::~vector()
 .text._ZNSt13unordered_mapISsSt8functionIFvvEESt4hashISsESt8equal_toISsESaISt4pairIKSsS2_EEED2Ev
                0x038003fc        0x4 build/src/Shades/Screen.o
                0x038003fc                std::unordered_map<std::string, std::function<void ()>, std::hash<std::string>, std::equal_to<std::string>, std::allocator<std::pair<std::string const, std::function<void ()> > > >::~unordered_map()
 .text._ZNSt13unordered_mapISsdSt4hashISsESt8equal_toISsESaISt4pairIKSsdEEED2Ev
                0x03800400        0x4 build/src/Shades/Screen.o
                0x03800400                std::unordered_map<std::string, double, std::hash<std::string>, std::equal_to<std::string>, std::allocator<std::pair<std::string const, double> > >::~unordered_map()
 .text._ZNSt3mapISsPN8tinyxml210XMLElementESt4lessISsESaISt4pairIKSsS2_EEED2Ev
                0x03800404       0x1c build/src/Shades/Screen.o
                0x03800404                std::map<std::string, tinyxml2::XMLElement*, std::less<std::string>, std::allocator<std::pair<std::string const, tinyxml2::XMLElement*> > >::~map()
 .text._ZN3sds6Screen10initializeEv
                0x03800420      0x2a4 build/src/Shades/Screen.o
                0x03800420                sds::Screen::initialize()
 .text._ZNSt3mapISsPN8tinyxml210XMLElementESt4lessISsESaISt4pairIKSsS2_EEEixEOSs
                0x038006c4       0x8c build/src/Shades/Screen.o
                0x038006c4                std::map<std::string, tinyxml2::XMLElement*, std::less<std::string>, std::allocator<std::pair<std::string const, tinyxml2::XMLElement*> > >::operator[](std::string&&)
 .text._ZN3sds6Screen10initializeESs
                0x03800750      0x2f4 build/src/Shades/Screen.o
                0x03800750                sds::Screen::initialize(std::string)
 .text._ZN3sds6Screen4loadESs
                0x03800a44      0x3a0 build/src/Shades/Screen.o
                0x03800a44                sds::Screen::load(std::string)
 .text._ZN3sds6Screen9eventLoopEv
                0x03800de4       0x6c build/src/Shades/Screen.o
                0x03800de4                sds::Screen::eventLoop()
 .text._ZN3sds6Screen11handleClickEii
                0x03800e50       0x6c build/src/Shades/Screen.o
                0x03800e50                sds::Screen::handleClick(int, int)
 .text._ZN3sds6Screen11displayLoopEv
                0x03800ebc       0x38 build/src/Shades/Screen.o
                0x03800ebc                sds::Screen::displayLoop()
 .text._ZN3sds6Screen7displayEv
                0x03800ef4       0x54 build/src/Shades/Screen.o
                0x03800ef4                sds::Screen::display()
 .text._ZN3sds6Screen9getScreenESs
                0x03800f48       0x84 build/src/Shades/Screen.o
                0x03800f48                sds::Screen::getScreen(std::string)
 .text._ZN3sds6Screen15executeCallbackESs
                0x03800fcc       0x54 build/src/Shades/Screen.o
                0x03800fcc                sds::Screen::executeCallback(std::string)
 .text._ZN3sds6Screen7getDataESs
                0x03801020       0x48 build/src/Shades/Screen.o
                0x03801020                sds::Screen::getData(std::string)
 .text._ZNSt10_HashtableISsSt4pairIKSsSt8functionIFvvEEESaIS5_ENSt8__detail10_Select1stESt8equal_toISsESt4hashISsENS7_18_Mod_range_hashingENS7_20_Default_ranged_hashENS7_20_Prime_rehash_policyENS7_17_Hashtable_traitsILb1ELb0ELb1EEEED2Ev
                0x03801068       0x30 build/src/Shades/Screen.o
                0x03801068                std::_Hashtable<std::string, std::pair<std::string const, std::function<void ()> >, std::allocator<std::pair<std::string const, std::function<void ()> > >, std::__detail::_Select1st, std::equal_to<std::string>, std::hash<std::string>, std::__detail::_Mod_range_hashing, std::__detail::_Default_ranged_hash, std::__detail::_Prime_rehash_policy, std::__detail::_Hashtable_traits<true, false, true> >::~_Hashtable()
 .text._ZNSt10_HashtableISsSt4pairIKSsSt8functionIFvvEEESaIS5_ENSt8__detail10_Select1stESt8equal_toISsESt4hashISsENS7_18_Mod_range_hashingENS7_20_Default_ranged_hashENS7_20_Prime_rehash_policyENS7_17_Hashtable_traitsILb1ELb0ELb1EEEE5clearEv
                0x03801098       0x4c build/src/Shades/Screen.o
                0x03801098                std::_Hashtable<std::string, std::pair<std::string const, std::function<void ()> >, std::allocator<std::pair<std::string const, std::function<void ()> > >, std::__detail::_Select1st, std::equal_to<std::string>, std::hash<std::string>, std::__detail::_Mod_range_hashing, std::__detail::_Default_ranged_hash, std::__detail::_Prime_rehash_policy, std::__detail::_Hashtable_traits<true, false, true> >::clear()
 .text._ZNSt8__detail16_Hashtable_allocISaINS_10_Hash_nodeISt4pairIKSsSt8functionIFvvEEELb1EEEEE18_M_deallocate_nodeEPS8_
                0x038010e4       0x40 build/src/Shades/Screen.o
                0x038010e4                std::__detail::_Hashtable_alloc<std::allocator<std::__detail::_Hash_node<std::pair<std::string const, std::function<void ()> >, true> > >::_M_deallocate_node(std::__detail::_Hash_node<std::pair<std::string const, std::function<void ()> >, true>*)
 .text._ZNSt10_HashtableISsSt4pairIKSsdESaIS2_ENSt8__detail10_Select1stESt8equal_toISsESt4hashISsENS4_18_Mod_range_hashingENS4_20_Default_ranged_hashENS4_20_Prime_rehash_policyENS4_17_Hashtable_traitsILb1ELb0ELb1EEEED2Ev
                0x03801124       0x4c build/src/Shades/Screen.o
                0x03801124                std::_Hashtable<std::string, std::pair<std::string const, double>, std::allocator<std::pair<std::string const, double> >, std::__detail::_Select1st, std::equal_to<std::string>, std::hash<std::string>, std::__detail::_Mod_range_hashing, std::__detail::_Default_ranged_hash, std::__detail::_Prime_rehash_policy, std::__detail::_Hashtable_traits<true, false, true> >::~_Hashtable()
 .text._ZNSt8__detail16_Hashtable_allocISaINS_10_Hash_nodeISt4pairIKSsdELb1EEEEE19_M_deallocate_nodesEPS5_
                0x03801170       0x38 build/src/Shades/Screen.o
                0x03801170                std::__detail::_Hashtable_alloc<std::allocator<std::__detail::_Hash_node<std::pair<std::string const, double>, true> > >::_M_deallocate_nodes(std::__detail::_Hash_node<std::pair<std::string const, double>, true>*)
 .text._ZNSt8_Rb_treeISsSt4pairIKSsPN8tinyxml210XMLElementEESt10_Select1stIS5_ESt4lessISsESaIS5_EE8_M_eraseEPSt13_Rb_tree_nodeIS5_E
                0x038011a8       0x48 build/src/Shades/Screen.o
                0x038011a8                std::_Rb_tree<std::string, std::pair<std::string const, tinyxml2::XMLElement*>, std::_Select1st<std::pair<std::string const, tinyxml2::XMLElement*> >, std::less<std::string>, std::allocator<std::pair<std::string const, tinyxml2::XMLElement*> > >::_M_erase(std::_Rb_tree_node<std::pair<std::string const, tinyxml2::XMLElement*> >*)
 .text._ZNSt14__shared_countILN9__gnu_cxx12_Lock_policyE0EED2Ev
                0x038011f0       0x60 build/src/Shades/Screen.o
                0x038011f0                std::__shared_count<(__gnu_cxx::_Lock_policy)0>::~__shared_count()
 .text._ZNSt10_HashtableISsSt4pairIKSsSt8functionIFvvEEESaIS5_ENSt8__detail10_Select1stESt8equal_toISsESt4hashISsENS7_18_Mod_range_hashingENS7_20_Default_ranged_hashENS7_20_Prime_rehash_policyENS7_17_Hashtable_traitsILb1ELb0ELb1EEEEC2EjRKSC_RKSD_RKSE_RKSA_RKS8_RKS6_
                0x03801250       0x78 build/src/Shades/Screen.o
                0x03801250                std::_Hashtable<std::string, std::pair<std::string const, std::function<void ()> >, std::allocator<std::pair<std::string const, std::function<void ()> > >, std::__detail::_Select1st, std::equal_to<std::string>, std::hash<std::string>, std::__detail::_Mod_range_hashing, std::__detail::_Default_ranged_hash, std::__detail::_Prime_rehash_policy, std::__detail::_Hashtable_traits<true, false, true> >::_Hashtable(unsigned int, std::hash<std::string> const&, std::__detail::_Mod_range_hashing const&, std::__detail::_Default_ranged_hash const&, std::equal_to<std::string> const&, std::__detail::_Select1st const&, std::allocator<std::pair<std::string const, std::function<void ()> > > const&)
 .text._ZNSt10_HashtableISsSt4pairIKSsdESaIS2_ENSt8__detail10_Select1stESt8equal_toISsESt4hashISsENS4_18_Mod_range_hashingENS4_20_Default_ranged_hashENS4_20_Prime_rehash_policyENS4_17_Hashtable_traitsILb1ELb0ELb1EEEEC2EjRKS9_RKSA_RKSB_RKS7_RKS5_RKS3_
                0x038012c8       0x78 build/src/Shades/Screen.o
                0x038012c8                std::_Hashtable<std::string, std::pair<std::string const, double>, std::allocator<std::pair<std::string const, double> >, std::__detail::_Select1st, std::equal_to<std::string>, std::hash<std::string>, std::__detail::_Mod_range_hashing, std::__detail::_Default_ranged_hash, std::__detail::_Prime_rehash_policy, std::__detail::_Hashtable_traits<true, false, true> >::_Hashtable(unsigned int, std::hash<std::string> const&, std::__detail::_Mod_range_hashing const&, std::__detail::_Default_ranged_hash const&, std::equal_to<std::string> const&, std::__detail::_Select1st const&, std::allocator<std::pair<std::string const, double> > const&)
 .text._ZNSt8_Rb_treeISsSt4pairIKSsPN8tinyxml210XMLElementEESt10_Select1stIS5_ESt4lessISsESaIS5_EE22_M_emplace_hint_uniqueIJRKSt21piecewise_construct_tSt5tupleIJOSsEESG_IJEEEEESt17_Rb_tree_iteratorIS5_ESt23_Rb_tree_const_iteratorIS5_EDpOT_
                0x03801340       0x9c build/src/Shades/Screen.o
                0x03801340                std::_Rb_tree_iterator<std::pair<std::string const, tinyxml2::XMLElement*> > std::_Rb_tree<std::string, std::pair<std::string const, tinyxml2::XMLElement*>, std::_Select1st<std::pair<std::string const, tinyxml2::XMLElement*> >, std::less<std::string>, std::allocator<std::pair<std::string const, tinyxml2::XMLElement*> > >::_M_emplace_hint_unique<std::piecewise_construct_t const&, std::tuple<std::string&&>, std::tuple<> >(std::_Rb_tree_const_iterator<std::pair<std::string const, tinyxml2::XMLElement*> >, std::piecewise_construct_t const&, std::tuple<std::string&&>&&, std::tuple<>&&)
 .text._ZNSt8_Rb_treeISsSt4pairIKSsPN8tinyxml210XMLElementEESt10_Select1stIS5_ESt4lessISsESaIS5_EE11lower_boundERS1_
                0x038013dc       0x6c build/src/Shades/Screen.o
                0x038013dc                std::_Rb_tree<std::string, std::pair<std::string const, tinyxml2::XMLElement*>, std::_Select1st<std::pair<std::string const, tinyxml2::XMLElement*> >, std::less<std::string>, std::allocator<std::pair<std::string const, tinyxml2::XMLElement*> > >::lower_bound(std::string const&)
 .text._ZNSt8_Rb_treeISsSt4pairIKSsPN8tinyxml210XMLElementEESt10_Select1stIS5_ESt4lessISsESaIS5_EE29_M_get_insert_hint_unique_posESt23_Rb_tree_const_iteratorIS5_ERS1_
                0x03801448      0x210 build/src/Shades/Screen.o
                0x03801448                std::_Rb_tree<std::string, std::pair<std::string const, tinyxml2::XMLElement*>, std::_Select1st<std::pair<std::string const, tinyxml2::XMLElement*> >, std::less<std::string>, std::allocator<std::pair<std::string const, tinyxml2::XMLElement*> > >::_M_get_insert_hint_unique_pos(std::_Rb_tree_const_iterator<std::pair<std::string const, tinyxml2::XMLElement*> >, std::string const&)
 .text._ZNSt8_Rb_treeISsSt4pairIKSsPN8tinyxml210XMLElementEESt10_Select1stIS5_ESt4lessISsESaIS5_EE14_M_insert_nodeEPSt18_Rb_tree_node_baseSD_PSt13_Rb_tree_nodeIS5_E
                0x03801658       0x7c build/src/Shades/Screen.o
                0x03801658                std::_Rb_tree<std::string, std::pair<std::string const, tinyxml2::XMLElement*>, std::_Select1st<std::pair<std::string const, tinyxml2::XMLElement*> >, std::less<std::string>, std::allocator<std::pair<std::string const, tinyxml2::XMLElement*> > >::_M_insert_node(std::_Rb_tree_node_base*, std::_Rb_tree_node_base*, std::_Rb_tree_node<std::pair<std::string const, tinyxml2::XMLElement*> >*)
 .text._ZNSt8_Rb_treeISsSt4pairIKSsPN8tinyxml210XMLElementEESt10_Select1stIS5_ESt4lessISsESaIS5_EE24_M_get_insert_unique_posERS1_
                0x038016d4       0xe8 build/src/Shades/Screen.o
                0x038016d4                std::_Rb_tree<std::string, std::pair<std::string const, tinyxml2::XMLElement*>, std::_Select1st<std::pair<std::string const, tinyxml2::XMLElement*> >, std::less<std::string>, std::allocator<std::pair<std::string const, tinyxml2::XMLElement*> > >::_M_get_insert_unique_pos(std::string const&)
 .text._ZNSt8__detail9_Map_baseISsSt4pairIKSsSt8functionIFvvEEESaIS6_ENS_10_Select1stESt8equal_toISsESt4hashISsENS_18_Mod_range_hashingENS_20_Default_ranged_hashENS_20_Prime_rehash_policyENS_17_Hashtable_traitsILb1ELb0ELb1EEELb1EEixERS2_
                0x038017bc       0x90 build/src/Shades/Screen.o
                0x038017bc                std::__detail::_Map_base<std::string, std::pair<std::string const, std::function<void ()> >, std::allocator<std::pair<std::string const, std::function<void ()> > >, std::__detail::_Select1st, std::equal_to<std::string>, std::hash<std::string>, std::__detail::_Mod_range_hashing, std::__detail::_Default_ranged_hash, std::__detail::_Prime_rehash_policy, std::__detail::_Hashtable_traits<true, false, true>, true>::operator[](std::string const&)
 .text._ZNSt10_HashtableISsSt4pairIKSsSt8functionIFvvEEESaIS5_ENSt8__detail10_Select1stESt8equal_toISsESt4hashISsENS7_18_Mod_range_hashingENS7_20_Default_ranged_hashENS7_20_Prime_rehash_policyENS7_17_Hashtable_traitsILb1ELb0ELb1EEEE21_M_insert_unique_nodeEjjPNS7_10_Hash_nodeIS5_Lb1EEE
                0x0380184c       0x8c build/src/Shades/Screen.o
                0x0380184c                std::_Hashtable<std::string, std::pair<std::string const, std::function<void ()> >, std::allocator<std::pair<std::string const, std::function<void ()> > >, std::__detail::_Select1st, std::equal_to<std::string>, std::hash<std::string>, std::__detail::_Mod_range_hashing, std::__detail::_Default_ranged_hash, std::__detail::_Prime_rehash_policy, std::__detail::_Hashtable_traits<true, false, true> >::_M_insert_unique_node(unsigned int, unsigned int, std::__detail::_Hash_node<std::pair<std::string const, std::function<void ()> >, true>*)
 .text._ZNKSt10_HashtableISsSt4pairIKSsSt8functionIFvvEEESaIS5_ENSt8__detail10_Select1stESt8equal_toISsESt4hashISsENS7_18_Mod_range_hashingENS7_20_Default_ranged_hashENS7_20_Prime_rehash_policyENS7_17_Hashtable_traitsILb1ELb0ELb1EEEE19_M_find_before_nodeEjRS1_j
                0x038018d8       0xa4 build/src/Shades/Screen.o
                0x038018d8                std::_Hashtable<std::string, std::pair<std::string const, std::function<void ()> >, std::allocator<std::pair<std::string const, std::function<void ()> > >, std::__detail::_Select1st, std::equal_to<std::string>, std::hash<std::string>, std::__detail::_Mod_range_hashing, std::__detail::_Default_ranged_hash, std::__detail::_Prime_rehash_policy, std::__detail::_Hashtable_traits<true, false, true> >::_M_find_before_node(unsigned int, std::string const&, unsigned int) const
 .text._ZNSt10_HashtableISsSt4pairIKSsSt8functionIFvvEEESaIS5_ENSt8__detail10_Select1stESt8equal_toISsESt4hashISsENS7_18_Mod_range_hashingENS7_20_Default_ranged_hashENS7_20_Prime_rehash_policyENS7_17_Hashtable_traitsILb1ELb0ELb1EEEE22_M_insert_bucket_beginEjPNS7_10_Hash_nodeIS5_Lb1EEE
                0x0380197c       0x70 build/src/Shades/Screen.o
                0x0380197c                std::_Hashtable<std::string, std::pair<std::string const, std::function<void ()> >, std::allocator<std::pair<std::string const, std::function<void ()> > >, std::__detail::_Select1st, std::equal_to<std::string>, std::hash<std::string>, std::__detail::_Mod_range_hashing, std::__detail::_Default_ranged_hash, std::__detail::_Prime_rehash_policy, std::__detail::_Hashtable_traits<true, false, true> >::_M_insert_bucket_begin(unsigned int, std::__detail::_Hash_node<std::pair<std::string const, std::function<void ()> >, true>*)
 .text._ZNSt10_HashtableISsSt4pairIKSsSt8functionIFvvEEESaIS5_ENSt8__detail10_Select1stESt8equal_toISsESt4hashISsENS7_18_Mod_range_hashingENS7_20_Default_ranged_hashENS7_20_Prime_rehash_policyENS7_17_Hashtable_traitsILb1ELb0ELb1EEEE13_M_rehash_auxEjSt17integral_constantIbLb1EE
                0x038019ec       0xe0 build/src/Shades/Screen.o
                0x038019ec                std::_Hashtable<std::string, std::pair<std::string const, std::function<void ()> >, std::allocator<std::pair<std::string const, std::function<void ()> > >, std::__detail::_Select1st, std::equal_to<std::string>, std::hash<std::string>, std::__detail::_Mod_range_hashing, std::__detail::_Default_ranged_hash, std::__detail::_Prime_rehash_policy, std::__detail::_Hashtable_traits<true, false, true> >::_M_rehash_aux(unsigned int, std::integral_constant<bool, true>)
 .text._ZNSt17_Function_handlerIFvvEZN3sds6Screen10initializeEvE3$_0E9_M_invokeERKSt9_Any_data
                0x03801acc       0x5c build/src/Shades/Screen.o
 .text._ZNSt14_Function_base13_Base_managerIZN3sds6Screen10initializeEvE3$_0E10_M_managerERSt9_Any_dataRKS5_St18_Manager_operation
                0x03801b28       0x64 build/src/Shades/Screen.o
 .text._ZNSt17_Function_handlerIFvvEZN3sds6Screen10initializeESsE3$_1E9_M_invokeERKSt9_Any_data
                0x03801b8c       0x5c build/src/Shades/Screen.o
 .text._ZNSt14_Function_base13_Base_managerIZN3sds6Screen10initializeESsE3$_1E10_M_managerERSt9_Any_dataRKS5_St18_Manager_operation
                0x03801be8       0x64 build/src/Shades/Screen.o
 .text._ZNSt12__shared_ptrIN3sds3BoxELN9__gnu_cxx12_Lock_policyE0EEC2ISaIS1_EJRPN8tinyxml210XMLElementEEEESt19_Sp_make_shared_tagRKT_DpOT0_
                0x03801c4c       0x80 build/src/Shades/Screen.o
                0x03801c4c                std::__shared_ptr<sds::Box, (__gnu_cxx::_Lock_policy)0>::__shared_ptr<std::allocator<sds::Box>, tinyxml2::XMLElement*&>(std::_Sp_make_shared_tag, std::allocator<sds::Box> const&, tinyxml2::XMLElement*&)
 .text._ZN3sds3BoxC2EPN8tinyxml210XMLElementE
                0x03801ccc      0x2ac build/src/Shades/Screen.o
                0x03801ccc                sds::Box::Box(tinyxml2::XMLElement*)
 .text._ZN3sds3Box7displayEv
                0x03801f78       0x34 build/src/Shades/Screen.o
                0x03801f78                sds::Box::display()
 .text._ZN3sds3Box11checkBoundsEii
                0x03801fac       0x4c build/src/Shades/Screen.o
                0x03801fac                sds::Box::checkBounds(int, int)
 .text._ZNSt19_Sp_counted_deleterIPN3sds3BoxENSt12__shared_ptrIS1_LN9__gnu_cxx12_Lock_policyE0EE8_DeleterISaIS1_EEES8_LS5_0EED2Ev
                0x03801ff8        0x4 build/src/Shades/Screen.o
                0x03801ff8                std::_Sp_counted_deleter<sds::Box*, std::__shared_ptr<sds::Box, (__gnu_cxx::_Lock_policy)0>::_Deleter<std::allocator<sds::Box> >, std::allocator<sds::Box>, (__gnu_cxx::_Lock_policy)0>::~_Sp_counted_deleter()
 .text._ZNSt19_Sp_counted_deleterIPN3sds3BoxENSt12__shared_ptrIS1_LN9__gnu_cxx12_Lock_policyE0EE8_DeleterISaIS1_EEES8_LS5_0EED0Ev
                0x03801ffc        0x4 build/src/Shades/Screen.o
                0x03801ffc                std::_Sp_counted_deleter<sds::Box*, std::__shared_ptr<sds::Box, (__gnu_cxx::_Lock_policy)0>::_Deleter<std::allocator<sds::Box> >, std::allocator<sds::Box>, (__gnu_cxx::_Lock_policy)0>::~_Sp_counted_deleter()
 .text._ZNSt19_Sp_counted_deleterIPN3sds3BoxENSt12__shared_ptrIS1_LN9__gnu_cxx12_Lock_policyE0EE8_DeleterISaIS1_EEES8_LS5_0EE10_M_disposeEv
                0x03802000       0x3c build/src/Shades/Screen.o
                0x03802000                std::_Sp_counted_deleter<sds::Box*, std::__shared_ptr<sds::Box, (__gnu_cxx::_Lock_policy)0>::_Deleter<std::allocator<sds::Box> >, std::allocator<sds::Box>, (__gnu_cxx::_Lock_policy)0>::_M_dispose()
 .text._ZNSt19_Sp_counted_deleterIPN3sds3BoxENSt12__shared_ptrIS1_LN9__gnu_cxx12_Lock_policyE0EE8_DeleterISaIS1_EEES8_LS5_0EE10_M_destroyEv
                0x0380203c        0x4 build/src/Shades/Screen.o
                0x0380203c                std::_Sp_counted_deleter<sds::Box*, std::__shared_ptr<sds::Box, (__gnu_cxx::_Lock_policy)0>::_Deleter<std::allocator<sds::Box> >, std::allocator<sds::Box>, (__gnu_cxx::_Lock_policy)0>::_M_destroy()
 .text._ZNSt19_Sp_counted_deleterIPN3sds3BoxENSt12__shared_ptrIS1_LN9__gnu_cxx12_Lock_policyE0EE8_DeleterISaIS1_EEES8_LS5_0EE14_M_get_deleterERKSt9type_info
                0x03802040        0x8 build/src/Shades/Screen.o
                0x03802040                std::_Sp_counted_deleter<sds::Box*, std::__shared_ptr<sds::Box, (__gnu_cxx::_Lock_policy)0>::_Deleter<std::allocator<sds::Box> >, std::allocator<sds::Box>, (__gnu_cxx::_Lock_policy)0>::_M_get_deleter(std::type_info const&)
 .text._ZNSt6vectorISt10shared_ptrIN3sds11displayableEESaIS3_EE12emplace_backIJS3_EEEvDpOT_
                0x03802048       0x38 build/src/Shades/Screen.o
                0x03802048                void std::vector<std::shared_ptr<sds::displayable>, std::allocator<std::shared_ptr<sds::displayable> > >::emplace_back<std::shared_ptr<sds::displayable> >(std::shared_ptr<sds::displayable>&&)
 .text._ZNSt6vectorISt10shared_ptrIN3sds11displayableEESaIS3_EE19_M_emplace_back_auxIJS3_EEEvDpOT_
                0x03802080       0xd8 build/src/Shades/Screen.o
                0x03802080                void std::vector<std::shared_ptr<sds::displayable>, std::allocator<std::shared_ptr<sds::displayable> > >::_M_emplace_back_aux<std::shared_ptr<sds::displayable> >(std::shared_ptr<sds::displayable>&&)
 .text._ZNKSt6vectorISt10shared_ptrIN3sds11displayableEESaIS3_EE12_M_check_lenEjPKc
                0x03802158       0x54 build/src/Shades/Screen.o
                0x03802158                std::vector<std::shared_ptr<sds::displayable>, std::allocator<std::shared_ptr<sds::displayable> > >::_M_check_len(unsigned int, char const*) const
 .text._ZNSt12_Vector_baseISt10shared_ptrIN3sds11displayableEESaIS3_EE11_M_allocateEj
                0x038021ac       0x30 build/src/Shades/Screen.o
                0x038021ac                std::_Vector_base<std::shared_ptr<sds::displayable>, std::allocator<std::shared_ptr<sds::displayable> > >::_M_allocate(unsigned int)
 .text._ZNSt12__shared_ptrIN3sds6CircleELN9__gnu_cxx12_Lock_policyE0EEC2ISaIS1_EJRPN8tinyxml210XMLElementEEEESt19_Sp_make_shared_tagRKT_DpOT0_
                0x038021dc       0x80 build/src/Shades/Screen.o
                0x038021dc                std::__shared_ptr<sds::Circle, (__gnu_cxx::_Lock_policy)0>::__shared_ptr<std::allocator<sds::Circle>, tinyxml2::XMLElement*&>(std::_Sp_make_shared_tag, std::allocator<sds::Circle> const&, tinyxml2::XMLElement*&)
 .text._ZN3sds6CircleC2EPN8tinyxml210XMLElementE
                0x0380225c      0x260 build/src/Shades/Screen.o
                0x0380225c                sds::Circle::Circle(tinyxml2::XMLElement*)
 .text._ZN3sds6Circle7displayEv
                0x038024bc       0x30 build/src/Shades/Screen.o
                0x038024bc                sds::Circle::display()
 .text._ZN3sds6Circle11checkBoundsEii
                0x038024ec       0x6c build/src/Shades/Screen.o
                0x038024ec                sds::Circle::checkBounds(int, int)
 .text._ZNSt19_Sp_counted_deleterIPN3sds6CircleENSt12__shared_ptrIS1_LN9__gnu_cxx12_Lock_policyE0EE8_DeleterISaIS1_EEES8_LS5_0EED2Ev
                0x03802558        0x4 build/src/Shades/Screen.o
                0x03802558                std::_Sp_counted_deleter<sds::Circle*, std::__shared_ptr<sds::Circle, (__gnu_cxx::_Lock_policy)0>::_Deleter<std::allocator<sds::Circle> >, std::allocator<sds::Circle>, (__gnu_cxx::_Lock_policy)0>::~_Sp_counted_deleter()
 .text._ZNSt19_Sp_counted_deleterIPN3sds6CircleENSt12__shared_ptrIS1_LN9__gnu_cxx12_Lock_policyE0EE8_DeleterISaIS1_EEES8_LS5_0EED0Ev
                0x0380255c        0x4 build/src/Shades/Screen.o
                0x0380255c                std::_Sp_counted_deleter<sds::Circle*, std::__shared_ptr<sds::Circle, (__gnu_cxx::_Lock_policy)0>::_Deleter<std::allocator<sds::Circle> >, std::allocator<sds::Circle>, (__gnu_cxx::_Lock_policy)0>::~_Sp_counted_deleter()
 .text._ZNSt19_Sp_counted_deleterIPN3sds6CircleENSt12__shared_ptrIS1_LN9__gnu_cxx12_Lock_policyE0EE8_DeleterISaIS1_EEES8_LS5_0EE10_M_disposeEv
                0x03802560       0x3c build/src/Shades/Screen.o
                0x03802560                std::_Sp_counted_deleter<sds::Circle*, std::__shared_ptr<sds::Circle, (__gnu_cxx::_Lock_policy)0>::_Deleter<std::allocator<sds::Circle> >, std::allocator<sds::Circle>, (__gnu_cxx::_Lock_policy)0>::_M_dispose()
 .text._ZNSt19_Sp_counted_deleterIPN3sds6CircleENSt12__shared_ptrIS1_LN9__gnu_cxx12_Lock_policyE0EE8_DeleterISaIS1_EEES8_LS5_0EE10_M_destroyEv
                0x0380259c        0x4 build/src/Shades/Screen.o
                0x0380259c                std::_Sp_counted_deleter<sds::Circle*, std::__shared_ptr<sds::Circle, (__gnu_cxx::_Lock_policy)0>::_Deleter<std::allocator<sds::Circle> >, std::allocator<sds::Circle>, (__gnu_cxx::_Lock_policy)0>::_M_destroy()
 .text._ZNSt19_Sp_counted_deleterIPN3sds6CircleENSt12__shared_ptrIS1_LN9__gnu_cxx12_Lock_policyE0EE8_DeleterISaIS1_EEES8_LS5_0EE14_M_get_deleterERKSt9type_info
                0x038025a0        0x8 build/src/Shades/Screen.o
                0x038025a0                std::_Sp_counted_deleter<sds::Circle*, std::__shared_ptr<sds::Circle, (__gnu_cxx::_Lock_policy)0>::_Deleter<std::allocator<sds::Circle> >, std::allocator<sds::Circle>, (__gnu_cxx::_Lock_policy)0>::_M_get_deleter(std::type_info const&)
 .text._ZNSt12__shared_ptrIN3sds4TextELN9__gnu_cxx12_Lock_policyE0EEC2ISaIS1_EJRPN8tinyxml210XMLElementEEEESt19_Sp_make_shared_tagRKT_DpOT0_
                0x038025a8       0x80 build/src/Shades/Screen.o
                0x038025a8                std::__shared_ptr<sds::Text, (__gnu_cxx::_Lock_policy)0>::__shared_ptr<std::allocator<sds::Text>, tinyxml2::XMLElement*&>(std::_Sp_make_shared_tag, std::allocator<sds::Text> const&, tinyxml2::XMLElement*&)
 .text._ZN3sds4TextC2EPN8tinyxml210XMLElementE
                0x03802628      0x284 build/src/Shades/Screen.o
                0x03802628                sds::Text::Text(tinyxml2::XMLElement*)
 .text._ZN3sds4Text7displayEv
                0x038028ac       0x18 build/src/Shades/Screen.o
                0x038028ac                sds::Text::display()
 .text._ZN3sds4Text11checkBoundsEii
                0x038028c4        0x8 build/src/Shades/Screen.o
                0x038028c4                sds::Text::checkBounds(int, int)
 .text._ZNSt19_Sp_counted_deleterIPN3sds4TextENSt12__shared_ptrIS1_LN9__gnu_cxx12_Lock_policyE0EE8_DeleterISaIS1_EEES8_LS5_0EED2Ev
                0x038028cc        0x4 build/src/Shades/Screen.o
                0x038028cc                std::_Sp_counted_deleter<sds::Text*, std::__shared_ptr<sds::Text, (__gnu_cxx::_Lock_policy)0>::_Deleter<std::allocator<sds::Text> >, std::allocator<sds::Text>, (__gnu_cxx::_Lock_policy)0>::~_Sp_counted_deleter()
 .text._ZNSt19_Sp_counted_deleterIPN3sds4TextENSt12__shared_ptrIS1_LN9__gnu_cxx12_Lock_policyE0EE8_DeleterISaIS1_EEES8_LS5_0EED0Ev
                0x038028d0        0x4 build/src/Shades/Screen.o
                0x038028d0                std::_Sp_counted_deleter<sds::Text*, std::__shared_ptr<sds::Text, (__gnu_cxx::_Lock_policy)0>::_Deleter<std::allocator<sds::Text> >, std::allocator<sds::Text>, (__gnu_cxx::_Lock_policy)0>::~_Sp_counted_deleter()
 .text._ZNSt19_Sp_counted_deleterIPN3sds4TextENSt12__shared_ptrIS1_LN9__gnu_cxx12_Lock_policyE0EE8_DeleterISaIS1_EEES8_LS5_0EE10_M_disposeEv
                0x038028d4       0x24 build/src/Shades/Screen.o
                0x038028d4                std::_Sp_counted_deleter<sds::Text*, std::__shared_ptr<sds::Text, (__gnu_cxx::_Lock_policy)0>::_Deleter<std::allocator<sds::Text> >, std::allocator<sds::Text>, (__gnu_cxx::_Lock_policy)0>::_M_dispose()
 .text._ZNSt19_Sp_counted_deleterIPN3sds4TextENSt12__shared_ptrIS1_LN9__gnu_cxx12_Lock_policyE0EE8_DeleterISaIS1_EEES8_LS5_0EE10_M_destroyEv
                0x038028f8        0x4 build/src/Shades/Screen.o
                0x038028f8                std::_Sp_counted_deleter<sds::Text*, std::__shared_ptr<sds::Text, (__gnu_cxx::_Lock_policy)0>::_Deleter<std::allocator<sds::Text> >, std::allocator<sds::Text>, (__gnu_cxx::_Lock_policy)0>::_M_destroy()
 .text._ZNSt19_Sp_counted_deleterIPN3sds4TextENSt12__shared_ptrIS1_LN9__gnu_cxx12_Lock_policyE0EE8_DeleterISaIS1_EEES8_LS5_0EE14_M_get_deleterERKSt9type_info
                0x038028fc        0x8 build/src/Shades/Screen.o
                0x038028fc                std::_Sp_counted_deleter<sds::Text*, std::__shared_ptr<sds::Text, (__gnu_cxx::_Lock_policy)0>::_Deleter<std::allocator<sds::Text> >, std::allocator<sds::Text>, (__gnu_cxx::_Lock_policy)0>::_M_get_deleter(std::type_info const&)
 .text._ZN9__gnu_cxx13new_allocatorIN3sds4TextEE7destroyIS2_EEvPT_
                0x03802904       0x4c build/src/Shades/Screen.o
                0x03802904                void __gnu_cxx::new_allocator<sds::Text>::destroy<sds::Text>(sds::Text*)
 .text._ZNSt12__shared_ptrIN3sds5ImageELN9__gnu_cxx12_Lock_policyE0EEC2ISaIS1_EJRPN8tinyxml210XMLElementEEEESt19_Sp_make_shared_tagRKT_DpOT0_
                0x03802950       0x80 build/src/Shades/Screen.o
                0x03802950                std::__shared_ptr<sds::Image, (__gnu_cxx::_Lock_policy)0>::__shared_ptr<std::allocator<sds::Image>, tinyxml2::XMLElement*&>(std::_Sp_make_shared_tag, std::allocator<sds::Image> const&, tinyxml2::XMLElement*&)
 .text._ZN3sds5ImageC2EPN8tinyxml210XMLElementE
                0x038029d0      0x230 build/src/Shades/Screen.o
                0x038029d0                sds::Image::Image(tinyxml2::XMLElement*)
 .text._ZN3sds5Image7displayEv
                0x03802c00       0x18 build/src/Shades/Screen.o
                0x03802c00                sds::Image::display()
 .text._ZN3sds5Image11checkBoundsEii
                0x03802c18        0x8 build/src/Shades/Screen.o
                0x03802c18                sds::Image::checkBounds(int, int)
 .text._ZNSt19_Sp_counted_deleterIPN3sds5ImageENSt12__shared_ptrIS1_LN9__gnu_cxx12_Lock_policyE0EE8_DeleterISaIS1_EEES8_LS5_0EED2Ev
                0x03802c20        0x4 build/src/Shades/Screen.o
                0x03802c20                std::_Sp_counted_deleter<sds::Image*, std::__shared_ptr<sds::Image, (__gnu_cxx::_Lock_policy)0>::_Deleter<std::allocator<sds::Image> >, std::allocator<sds::Image>, (__gnu_cxx::_Lock_policy)0>::~_Sp_counted_deleter()
 .text._ZNSt19_Sp_counted_deleterIPN3sds5ImageENSt12__shared_ptrIS1_LN9__gnu_cxx12_Lock_policyE0EE8_DeleterISaIS1_EEES8_LS5_0EED0Ev
                0x03802c24        0x4 build/src/Shades/Screen.o
                0x03802c24                std::_Sp_counted_deleter<sds::Image*, std::__shared_ptr<sds::Image, (__gnu_cxx::_Lock_policy)0>::_Deleter<std::allocator<sds::Image> >, std::allocator<sds::Image>, (__gnu_cxx::_Lock_policy)0>::~_Sp_counted_deleter()
 .text._ZNSt19_Sp_counted_deleterIPN3sds5ImageENSt12__shared_ptrIS1_LN9__gnu_cxx12_Lock_policyE0EE8_DeleterISaIS1_EEES8_LS5_0EE10_M_disposeEv
                0x03802c28       0x24 build/src/Shades/Screen.o
                0x03802c28                std::_Sp_counted_deleter<sds::Image*, std::__shared_ptr<sds::Image, (__gnu_cxx::_Lock_policy)0>::_Deleter<std::allocator<sds::Image> >, std::allocator<sds::Image>, (__gnu_cxx::_Lock_policy)0>::_M_dispose()
 .text._ZNSt19_Sp_counted_deleterIPN3sds5ImageENSt12__shared_ptrIS1_LN9__gnu_cxx12_Lock_policyE0EE8_DeleterISaIS1_EEES8_LS5_0EE10_M_destroyEv
                0x03802c4c        0x4 build/src/Shades/Screen.o
                0x03802c4c                std::_Sp_counted_deleter<sds::Image*, std::__shared_ptr<sds::Image, (__gnu_cxx::_Lock_policy)0>::_Deleter<std::allocator<sds::Image> >, std::allocator<sds::Image>, (__gnu_cxx::_Lock_policy)0>::_M_destroy()
 .text._ZNSt19_Sp_counted_deleterIPN3sds5ImageENSt12__shared_ptrIS1_LN9__gnu_cxx12_Lock_policyE0EE8_DeleterISaIS1_EEES8_LS5_0EE14_M_get_deleterERKSt9type_info
                0x03802c50        0x8 build/src/Shades/Screen.o
                0x03802c50                std::_Sp_counted_deleter<sds::Image*, std::__shared_ptr<sds::Image, (__gnu_cxx::_Lock_policy)0>::_Deleter<std::allocator<sds::Image> >, std::allocator<sds::Image>, (__gnu_cxx::_Lock_policy)0>::_M_get_deleter(std::type_info const&)
 .text._ZN9__gnu_cxx13new_allocatorIN3sds5ImageEE7destroyIS2_EEvPT_
                0x03802c58       0x4c build/src/Shades/Screen.o
                0x03802c58                void __gnu_cxx::new_allocator<sds::Image>::destroy<sds::Image>(sds::Image*)
 .text._ZNSt12__shared_ptrIN3sds9SmartTextELN9__gnu_cxx12_Lock_policyE0EEC2ISaIS1_EJRPN8tinyxml210XMLElementEEEESt19_Sp_make_shared_tagRKT_DpOT0_
                0x03802ca4       0x80 build/src/Shades/Screen.o
                0x03802ca4                std::__shared_ptr<sds::SmartText, (__gnu_cxx::_Lock_policy)0>::__shared_ptr<std::allocator<sds::SmartText>, tinyxml2::XMLElement*&>(std::_Sp_make_shared_tag, std::allocator<sds::SmartText> const&, tinyxml2::XMLElement*&)
 .text._ZN3sds9SmartTextC2EPN8tinyxml210XMLElementE
                0x03802d24      0x330 build/src/Shades/Screen.o
                0x03802d24                sds::SmartText::SmartText(tinyxml2::XMLElement*)
 .text._ZN3sds9SmartText7displayEv
                0x03803054      0x40c build/src/Shades/Screen.o
                0x03803054                sds::SmartText::display()
 .text._ZN3sds9SmartText11checkBoundsEii
                0x03803460        0x8 build/src/Shades/Screen.o
                0x03803460                sds::SmartText::checkBounds(int, int)
 .text._ZN3sds9SmartText7setTextIJddddddddddEEEvRKSsDpT_
                0x03803468      0x184 build/src/Shades/Screen.o
                0x03803468                void sds::SmartText::setText<double, double, double, double, double, double, double, double, double, double>(std::string const&, double, double, double, double, double, double, double, double, double, double)
 .text._ZNSt19_Sp_counted_deleterIPN3sds9SmartTextENSt12__shared_ptrIS1_LN9__gnu_cxx12_Lock_policyE0EE8_DeleterISaIS1_EEES8_LS5_0EED2Ev
                0x038035ec        0x4 build/src/Shades/Screen.o
                0x038035ec                std::_Sp_counted_deleter<sds::SmartText*, std::__shared_ptr<sds::SmartText, (__gnu_cxx::_Lock_policy)0>::_Deleter<std::allocator<sds::SmartText> >, std::allocator<sds::SmartText>, (__gnu_cxx::_Lock_policy)0>::~_Sp_counted_deleter()
 .text._ZNSt19_Sp_counted_deleterIPN3sds9SmartTextENSt12__shared_ptrIS1_LN9__gnu_cxx12_Lock_policyE0EE8_DeleterISaIS1_EEES8_LS5_0EED0Ev
                0x038035f0        0x4 build/src/Shades/Screen.o
                0x038035f0                std::_Sp_counted_deleter<sds::SmartText*, std::__shared_ptr<sds::SmartText, (__gnu_cxx::_Lock_policy)0>::_Deleter<std::allocator<sds::SmartText> >, std::allocator<sds::SmartText>, (__gnu_cxx::_Lock_policy)0>::~_Sp_counted_deleter()
 .text._ZNSt19_Sp_counted_deleterIPN3sds9SmartTextENSt12__shared_ptrIS1_LN9__gnu_cxx12_Lock_policyE0EE8_DeleterISaIS1_EEES8_LS5_0EE10_M_disposeEv
                0x038035f4       0x74 build/src/Shades/Screen.o
                0x038035f4                std::_Sp_counted_deleter<sds::SmartText*, std::__shared_ptr<sds::SmartText, (__gnu_cxx::_Lock_policy)0>::_Deleter<std::allocator<sds::SmartText> >, std::allocator<sds::SmartText>, (__gnu_cxx::_Lock_policy)0>::_M_dispose()
 .text._ZNSt19_Sp_counted_deleterIPN3sds9SmartTextENSt12__shared_ptrIS1_LN9__gnu_cxx12_Lock_policyE0EE8_DeleterISaIS1_EEES8_LS5_0EE10_M_destroyEv
                0x03803668        0x4 build/src/Shades/Screen.o
                0x03803668                std::_Sp_counted_deleter<sds::SmartText*, std::__shared_ptr<sds::SmartText, (__gnu_cxx::_Lock_policy)0>::_Deleter<std::allocator<sds::SmartText> >, std::allocator<sds::SmartText>, (__gnu_cxx::_Lock_policy)0>::_M_destroy()
 .text._ZNSt19_Sp_counted_deleterIPN3sds9SmartTextENSt12__shared_ptrIS1_LN9__gnu_cxx12_Lock_policyE0EE8_DeleterISaIS1_EEES8_LS5_0EE14_M_get_deleterERKSt9type_info
                0x0380366c        0x8 build/src/Shades/Screen.o
                0x0380366c                std::_Sp_counted_deleter<sds::SmartText*, std::__shared_ptr<sds::SmartText, (__gnu_cxx::_Lock_policy)0>::_Deleter<std::allocator<sds::SmartText> >, std::allocator<sds::SmartText>, (__gnu_cxx::_Lock_policy)0>::_M_get_deleter(std::type_info const&)
 .text._ZNSt10_HashtableISsSt4pairIKSsSt8functionIFvvEEESaIS5_ENSt8__detail10_Select1stESt8equal_toISsESt4hashISsENS7_18_Mod_range_hashingENS7_20_Default_ranged_hashENS7_20_Prime_rehash_policyENS7_17_Hashtable_traitsILb1ELb0ELb1EEEE4findERS1_
                0x03803674       0x50 build/src/Shades/Screen.o
                0x03803674                std::_Hashtable<std::string, std::pair<std::string const, std::function<void ()> >, std::allocator<std::pair<std::string const, std::function<void ()> > >, std::__detail::_Select1st, std::equal_to<std::string>, std::hash<std::string>, std::__detail::_Mod_range_hashing, std::__detail::_Default_ranged_hash, std::__detail::_Prime_rehash_policy, std::__detail::_Hashtable_traits<true, false, true> >::find(std::string const&)
 .text._ZNSt8__detail9_Map_baseISsSt4pairIKSsdESaIS3_ENS_10_Select1stESt8equal_toISsESt4hashISsENS_18_Mod_range_hashingENS_20_Default_ranged_hashENS_20_Prime_rehash_policyENS_17_Hashtable_traitsILb1ELb0ELb1EEELb1EEixERS2_
                0x038036c4       0x98 build/src/Shades/Screen.o
                0x038036c4                std::__detail::_Map_base<std::string, std::pair<std::string const, double>, std::allocator<std::pair<std::string const, double> >, std::__detail::_Select1st, std::equal_to<std::string>, std::hash<std::string>, std::__detail::_Mod_range_hashing, std::__detail::_Default_ranged_hash, std::__detail::_Prime_rehash_policy, std::__detail::_Hashtable_traits<true, false, true>, true>::operator[](std::string const&)
 .text._ZNSt10_HashtableISsSt4pairIKSsdESaIS2_ENSt8__detail10_Select1stESt8equal_toISsESt4hashISsENS4_18_Mod_range_hashingENS4_20_Default_ranged_hashENS4_20_Prime_rehash_policyENS4_17_Hashtable_traitsILb1ELb0ELb1EEEE21_M_insert_unique_nodeEjjPNS4_10_Hash_nodeIS2_Lb1EEE
                0x0380375c       0x8c build/src/Shades/Screen.o
                0x0380375c                std::_Hashtable<std::string, std::pair<std::string const, double>, std::allocator<std::pair<std::string const, double> >, std::__detail::_Select1st, std::equal_to<std::string>, std::hash<std::string>, std::__detail::_Mod_range_hashing, std::__detail::_Default_ranged_hash, std::__detail::_Prime_rehash_policy, std::__detail::_Hashtable_traits<true, false, true> >::_M_insert_unique_node(unsigned int, unsigned int, std::__detail::_Hash_node<std::pair<std::string const, double>, true>*)
 .text._ZNKSt10_HashtableISsSt4pairIKSsdESaIS2_ENSt8__detail10_Select1stESt8equal_toISsESt4hashISsENS4_18_Mod_range_hashingENS4_20_Default_ranged_hashENS4_20_Prime_rehash_policyENS4_17_Hashtable_traitsILb1ELb0ELb1EEEE19_M_find_before_nodeEjRS1_j
                0x038037e8       0xa4 build/src/Shades/Screen.o
                0x038037e8                std::_Hashtable<std::string, std::pair<std::string const, double>, std::allocator<std::pair<std::string const, double> >, std::__detail::_Select1st, std::equal_to<std::string>, std::hash<std::string>, std::__detail::_Mod_range_hashing, std::__detail::_Default_ranged_hash, std::__detail::_Prime_rehash_policy, std::__detail::_Hashtable_traits<true, false, true> >::_M_find_before_node(unsigned int, std::string const&, unsigned int) const
 .text._ZNSt10_HashtableISsSt4pairIKSsdESaIS2_ENSt8__detail10_Select1stESt8equal_toISsESt4hashISsENS4_18_Mod_range_hashingENS4_20_Default_ranged_hashENS4_20_Prime_rehash_policyENS4_17_Hashtable_traitsILb1ELb0ELb1EEEE22_M_insert_bucket_beginEjPNS4_10_Hash_nodeIS2_Lb1EEE
                0x0380388c       0x70 build/src/Shades/Screen.o
                0x0380388c                std::_Hashtable<std::string, std::pair<std::string const, double>, std::allocator<std::pair<std::string const, double> >, std::__detail::_Select1st, std::equal_to<std::string>, std::hash<std::string>, std::__detail::_Mod_range_hashing, std::__detail::_Default_ranged_hash, std::__detail::_Prime_rehash_policy, std::__detail::_Hashtable_traits<true, false, true> >::_M_insert_bucket_begin(unsigned int, std::__detail::_Hash_node<std::pair<std::string const, double>, true>*)
 .text._ZNSt10_HashtableISsSt4pairIKSsdESaIS2_ENSt8__detail10_Select1stESt8equal_toISsESt4hashISsENS4_18_Mod_range_hashingENS4_20_Default_ranged_hashENS4_20_Prime_rehash_policyENS4_17_Hashtable_traitsILb1ELb0ELb1EEEE13_M_rehash_auxEjSt17integral_constantIbLb1EE
                0x038038fc       0xe0 build/src/Shades/Screen.o
                0x038038fc                std::_Hashtable<std::string, std::pair<std::string const, double>, std::allocator<std::pair<std::string const, double> >, std::__detail::_Select1st, std::equal_to<std::string>, std::hash<std::string>, std::__detail::_Mod_range_hashing, std::__detail::_Default_ranged_hash, std::__detail::_Prime_rehash_policy, std::__detail::_Hashtable_traits<true, false, true> >::_M_rehash_aux(unsigned int, std::integral_constant<bool, true>)
 .text._ZNSt10_HashtableISsSt4pairIKSsdESaIS2_ENSt8__detail10_Select1stESt8equal_toISsESt4hashISsENS4_18_Mod_range_hashingENS4_20_Default_ranged_hashENS4_20_Prime_rehash_policyENS4_17_Hashtable_traitsILb1ELb0ELb1EEEE4findERS1_
                0x038039dc       0x50 build/src/Shades/Screen.o
                0x038039dc                std::_Hashtable<std::string, std::pair<std::string const, double>, std::allocator<std::pair<std::string const, double> >, std::__detail::_Select1st, std::equal_to<std::string>, std::hash<std::string>, std::__detail::_Mod_range_hashing, std::__detail::_Default_ranged_hash, std::__detail::_Prime_rehash_policy, std::__detail::_Hashtable_traits<true, false, true> >::find(std::string const&)
 .text._GLOBAL__sub_I_Screen.cpp
                0x03803a2c      0x164 build/src/Shades/Screen.o
 .text._ZN3sds11displayableC2Ev
                0x03803b90       0x50 build/src/Shades/displayable.o
                0x03803b90                sds::displayable::displayable()
 .text._ZN3sds11displayable16registerCallbackESs
                0x03803be0        0x8 build/src/Shades/displayable.o
                0x03803be0                sds::displayable::registerCallback(std::string)
 .text._ZN3sds11displayable15executeCallbackEv
                0x03803be8       0x5c build/src/Shades/displayable.o
                0x03803be8                sds::displayable::executeCallback()
 .text._GLOBAL__sub_I_displayable.cpp
                0x03803c44       0x34 build/src/Shades/displayable.o
 .text._ZN8tinyxml27StrPair5ResetEv
                0x03803c78       0x3c build/src/Shades/tinyxml2.o
                0x03803c78                tinyxml2::StrPair::Reset()
 .text._ZN8tinyxml27StrPair10TransferToEPS0_
                0x03803cb4       0x50 build/src/Shades/tinyxml2.o
                0x03803cb4                tinyxml2::StrPair::TransferTo(tinyxml2::StrPair*)
 .text._ZN8tinyxml27StrPair6SetStrEPKci
                0x03803d04       0x58 build/src/Shades/tinyxml2.o
                0x03803d04                tinyxml2::StrPair::SetStr(char const*, int)
 .text._ZN8tinyxml27StrPair9ParseTextEPcPKciPi
                0x03803d5c       0xb8 build/src/Shades/tinyxml2.o
                0x03803d5c                tinyxml2::StrPair::ParseText(char*, char const*, int, int*)
 .text._ZN8tinyxml27StrPair9ParseNameEPc
                0x03803e14       0xd0 build/src/Shades/tinyxml2.o
                0x03803e14                tinyxml2::StrPair::ParseName(char*)
 .text._ZN8tinyxml27StrPair18CollapseWhitespaceEv
                0x03803ee4       0xb8 build/src/Shades/tinyxml2.o
                0x03803ee4                tinyxml2::StrPair::CollapseWhitespace()
 .text._ZN8tinyxml27XMLUtil14SkipWhiteSpaceEPKcPi
                0x03803f9c       0x5c build/src/Shades/tinyxml2.o
                0x03803f9c                tinyxml2::XMLUtil::SkipWhiteSpace(char const*, int*)
 .text._ZN8tinyxml27StrPair6GetStrEv
                0x03803ff8      0x1dc build/src/Shades/tinyxml2.o
                0x03803ff8                tinyxml2::StrPair::GetStr()
 .text._ZN8tinyxml27XMLUtil15GetCharacterRefEPKcPcPi
                0x038041d4      0x174 build/src/Shades/tinyxml2.o
                0x038041d4                tinyxml2::XMLUtil::GetCharacterRef(char const*, char*, int*)
 .text._ZN8tinyxml27XMLUtil18ConvertUTF32ToUTF8EmPcPi
                0x03804348       0xac build/src/Shades/tinyxml2.o
                0x03804348                tinyxml2::XMLUtil::ConvertUTF32ToUTF8(unsigned long, char*, int*)
 .text._ZN8tinyxml27XMLUtil5ToIntEPKcPi
                0x038043f4       0xc8 build/src/Shades/tinyxml2.o
                0x038043f4                tinyxml2::XMLUtil::ToInt(char const*, int*)
 .text._ZN8tinyxml27XMLUtil7ToInt64EPKcPx
                0x038044bc       0xb8 build/src/Shades/tinyxml2.o
                0x038044bc                tinyxml2::XMLUtil::ToInt64(char const*, long long*)
 .text._ZN8tinyxml211XMLDocument8IdentifyEPcPPNS_7XMLNodeE
                0x03804574      0x3ac build/src/Shades/tinyxml2.o
                0x03804574                tinyxml2::XMLDocument::Identify(char*, tinyxml2::XMLNode**)
 .text._ZNK8tinyxml211XMLDocument6AcceptEPNS_10XMLVisitorE
                0x03804920       0x74 build/src/Shades/tinyxml2.o
                0x03804920                tinyxml2::XMLDocument::Accept(tinyxml2::XMLVisitor*) const
 .text._ZN8tinyxml27XMLNode14DeleteChildrenEv
                0x03804994       0x44 build/src/Shades/tinyxml2.o
                0x03804994                tinyxml2::XMLNode::DeleteChildren()
 .text._ZN8tinyxml27XMLNode6UnlinkEPS0_
                0x038049d8       0x4c build/src/Shades/tinyxml2.o
                0x038049d8                tinyxml2::XMLNode::Unlink(tinyxml2::XMLNode*)
 .text._ZN8tinyxml27XMLNodeD0Ev
                0x03804a24        0x4 build/src/Shades/tinyxml2.o
                0x03804a24                tinyxml2::XMLNode::~XMLNode()
 .text._ZNK8tinyxml27XMLNode5ValueEv
                0x03804a28       0x34 build/src/Shades/tinyxml2.o
                0x03804a28                tinyxml2::XMLNode::Value() const
 .text._ZN8tinyxml27XMLNode14InsertEndChildEPS0_
                0x03804a5c       0x6c build/src/Shades/tinyxml2.o
                0x03804a5c                tinyxml2::XMLNode::InsertEndChild(tinyxml2::XMLNode*)
 .text._ZN8tinyxml27XMLNode10DeleteNodeEPS0_
                0x03804ac8       0xa0 build/src/Shades/tinyxml2.o
                0x03804ac8                tinyxml2::XMLNode::DeleteNode(tinyxml2::XMLNode*)
 .text._ZNK8tinyxml27XMLNode19InsertChildPreambleEPS0_
                0x03804b68       0x74 build/src/Shades/tinyxml2.o
                0x03804b68                tinyxml2::XMLNode::InsertChildPreamble(tinyxml2::XMLNode*) const
 .text._ZNK8tinyxml27XMLNode17FirstChildElementEPKc
                0x03804bdc       0x44 build/src/Shades/tinyxml2.o
                0x03804bdc                tinyxml2::XMLNode::FirstChildElement(char const*) const
 .text._ZNK8tinyxml27XMLNode17ToElementWithNameEPKc
                0x03804c20       0x88 build/src/Shades/tinyxml2.o
                0x03804c20                tinyxml2::XMLNode::ToElementWithName(char const*) const
 .text._ZNK8tinyxml27XMLNode18NextSiblingElementEPKc
                0x03804ca8       0x3c build/src/Shades/tinyxml2.o
                0x03804ca8                tinyxml2::XMLNode::NextSiblingElement(char const*) const
 .text._ZN8tinyxml27XMLNode9ParseDeepEPcPNS_7StrPairEPi
                0x03804ce4      0x35c build/src/Shades/tinyxml2.o
                0x03804ce4                tinyxml2::XMLNode::ParseDeep(char*, tinyxml2::StrPair*, int*)
 .text._ZN8tinyxml211XMLDocument8SetErrorENS_8XMLErrorEiPKcz
                0x03805040       0xcc build/src/Shades/tinyxml2.o
                0x03805040                tinyxml2::XMLDocument::SetError(tinyxml2::XMLError, int, char const*, ...)
 .text._ZN8tinyxml27XMLText9ParseDeepEPcPNS_7StrPairEPi
                0x0380510c       0xc8 build/src/Shades/tinyxml2.o
                0x0380510c                tinyxml2::XMLText::ParseDeep(char*, tinyxml2::StrPair*, int*)
 .text._ZNK8tinyxml27XMLText12ShallowCloneEPNS_11XMLDocumentE
                0x038051d4       0x54 build/src/Shades/tinyxml2.o
                0x038051d4                tinyxml2::XMLText::ShallowClone(tinyxml2::XMLDocument*) const
 .text._ZN8tinyxml211XMLDocument7NewTextEPKc
                0x03805228       0x9c build/src/Shades/tinyxml2.o
                0x03805228                tinyxml2::XMLDocument::NewText(char const*)
 .text._ZNK8tinyxml27XMLText12ShallowEqualEPKNS_7XMLNodeE
                0x038052c4       0xac build/src/Shades/tinyxml2.o
                0x038052c4                tinyxml2::XMLText::ShallowEqual(tinyxml2::XMLNode const*) const
 .text._ZNK8tinyxml27XMLText6AcceptEPNS_10XMLVisitorE
                0x03805370       0x18 build/src/Shades/tinyxml2.o
                0x03805370                tinyxml2::XMLText::Accept(tinyxml2::XMLVisitor*) const
 .text._ZN8tinyxml210XMLCommentD0Ev
                0x03805388       0x14 build/src/Shades/tinyxml2.o
                0x03805388                tinyxml2::XMLComment::~XMLComment()
 .text._ZN8tinyxml210XMLComment9ParseDeepEPcPNS_7StrPairEPi
                0x0380539c       0x54 build/src/Shades/tinyxml2.o
                0x0380539c                tinyxml2::XMLComment::ParseDeep(char*, tinyxml2::StrPair*, int*)
 .text._ZNK8tinyxml210XMLComment12ShallowCloneEPNS_11XMLDocumentE
                0x038053f0       0x4c build/src/Shades/tinyxml2.o
                0x038053f0                tinyxml2::XMLComment::ShallowClone(tinyxml2::XMLDocument*) const
 .text._ZN8tinyxml211XMLDocument10NewCommentEPKc
                0x0380543c       0x98 build/src/Shades/tinyxml2.o
                0x0380543c                tinyxml2::XMLDocument::NewComment(char const*)
 .text._ZNK8tinyxml210XMLComment12ShallowEqualEPKNS_7XMLNodeE
                0x038054d4       0xac build/src/Shades/tinyxml2.o
                0x038054d4                tinyxml2::XMLComment::ShallowEqual(tinyxml2::XMLNode const*) const
 .text._ZNK8tinyxml210XMLComment6AcceptEPNS_10XMLVisitorE
                0x03805580       0x18 build/src/Shades/tinyxml2.o
                0x03805580                tinyxml2::XMLComment::Accept(tinyxml2::XMLVisitor*) const
 .text._ZN8tinyxml214XMLDeclarationD0Ev
                0x03805598       0x14 build/src/Shades/tinyxml2.o
                0x03805598                tinyxml2::XMLDeclaration::~XMLDeclaration()
 .text._ZN8tinyxml214XMLDeclaration9ParseDeepEPcPNS_7StrPairEPi
                0x038055ac       0x54 build/src/Shades/tinyxml2.o
                0x038055ac                tinyxml2::XMLDeclaration::ParseDeep(char*, tinyxml2::StrPair*, int*)
 .text._ZNK8tinyxml214XMLDeclaration12ShallowCloneEPNS_11XMLDocumentE
                0x03805600       0x4c build/src/Shades/tinyxml2.o
                0x03805600                tinyxml2::XMLDeclaration::ShallowClone(tinyxml2::XMLDocument*) const
 .text._ZN8tinyxml211XMLDocument14NewDeclarationEPKc
                0x0380564c       0xa8 build/src/Shades/tinyxml2.o
                0x0380564c                tinyxml2::XMLDocument::NewDeclaration(char const*)
 .text._ZNK8tinyxml214XMLDeclaration12ShallowEqualEPKNS_7XMLNodeE
                0x038056f4       0xac build/src/Shades/tinyxml2.o
                0x038056f4                tinyxml2::XMLDeclaration::ShallowEqual(tinyxml2::XMLNode const*) const
 .text._ZNK8tinyxml214XMLDeclaration6AcceptEPNS_10XMLVisitorE
                0x038057a0       0x18 build/src/Shades/tinyxml2.o
                0x038057a0                tinyxml2::XMLDeclaration::Accept(tinyxml2::XMLVisitor*) const
 .text._ZN8tinyxml210XMLUnknownD0Ev
                0x038057b8       0x14 build/src/Shades/tinyxml2.o
                0x038057b8                tinyxml2::XMLUnknown::~XMLUnknown()
 .text._ZN8tinyxml210XMLUnknown9ParseDeepEPcPNS_7StrPairEPi
                0x038057cc       0x54 build/src/Shades/tinyxml2.o
                0x038057cc                tinyxml2::XMLUnknown::ParseDeep(char*, tinyxml2::StrPair*, int*)
 .text._ZNK8tinyxml210XMLUnknown12ShallowCloneEPNS_11XMLDocumentE
                0x03805820       0x4c build/src/Shades/tinyxml2.o
                0x03805820                tinyxml2::XMLUnknown::ShallowClone(tinyxml2::XMLDocument*) const
 .text._ZN8tinyxml211XMLDocument10NewUnknownEPKc
                0x0380586c       0x98 build/src/Shades/tinyxml2.o
                0x0380586c                tinyxml2::XMLDocument::NewUnknown(char const*)
 .text._ZNK8tinyxml210XMLUnknown12ShallowEqualEPKNS_7XMLNodeE
                0x03805904       0xac build/src/Shades/tinyxml2.o
                0x03805904                tinyxml2::XMLUnknown::ShallowEqual(tinyxml2::XMLNode const*) const
 .text._ZNK8tinyxml210XMLUnknown6AcceptEPNS_10XMLVisitorE
                0x038059b0       0x18 build/src/Shades/tinyxml2.o
                0x038059b0                tinyxml2::XMLUnknown::Accept(tinyxml2::XMLVisitor*) const
 .text._ZNK8tinyxml212XMLAttribute5ValueEv
                0x038059c8        0x8 build/src/Shades/tinyxml2.o
                0x038059c8                tinyxml2::XMLAttribute::Value() const
 .text._ZN8tinyxml212XMLAttribute9ParseDeepEPcbPi
                0x038059d0       0xa8 build/src/Shades/tinyxml2.o
                0x038059d0                tinyxml2::XMLAttribute::ParseDeep(char*, bool, int*)
 .text._ZNK8tinyxml212XMLAttribute13QueryIntValueEPi
                0x03805a78       0x30 build/src/Shades/tinyxml2.o
                0x03805a78                tinyxml2::XMLAttribute::QueryIntValue(int*) const
 .text._ZNK8tinyxml212XMLAttribute15QueryInt64ValueEPx
                0x03805aa8       0x30 build/src/Shades/tinyxml2.o
                0x03805aa8                tinyxml2::XMLAttribute::QueryInt64Value(long long*) const
 .text._ZN8tinyxml210XMLElementD2Ev
                0x03805ad8       0x70 build/src/Shades/tinyxml2.o
                0x03805ad8                tinyxml2::XMLElement::~XMLElement()
                0x03805ad8                tinyxml2::XMLElement::~XMLElement()
 .text._ZN8tinyxml210XMLElementD0Ev
                0x03805b48       0x14 build/src/Shades/tinyxml2.o
                0x03805b48                tinyxml2::XMLElement::~XMLElement()
 .text._ZNK8tinyxml210XMLElement13FindAttributeEPKc
                0x03805b5c       0x5c build/src/Shades/tinyxml2.o
                0x03805b5c                tinyxml2::XMLElement::FindAttribute(char const*) const
 .text._ZNK8tinyxml210XMLElement9AttributeEPKcS2_
                0x03805bb8       0x5c build/src/Shades/tinyxml2.o
                0x03805bb8                tinyxml2::XMLElement::Attribute(char const*, char const*) const
 .text._ZN8tinyxml210XMLElement21FindOrCreateAttributeEPKc
                0x03805c14       0xd4 build/src/Shades/tinyxml2.o
                0x03805c14                tinyxml2::XMLElement::FindOrCreateAttribute(char const*)
 .text._ZN8tinyxml210XMLElement15ParseAttributesEPcPi
                0x03805ce8      0x270 build/src/Shades/tinyxml2.o
                0x03805ce8                tinyxml2::XMLElement::ParseAttributes(char*, int*)
 .text._ZN8tinyxml28MemPoolTILi40EE5AllocEv
                0x03805f58       0xb8 build/src/Shades/tinyxml2.o
                0x03805f58                tinyxml2::MemPoolT<40>::Alloc()
 .text._ZN8tinyxml211XMLDocument10NewElementEPKc
                0x03806010       0xa0 build/src/Shades/tinyxml2.o
                0x03806010                tinyxml2::XMLDocument::NewElement(char const*)
 .text._ZN8tinyxml210XMLElement9ParseDeepEPcPNS_7StrPairEPi
                0x038060b0       0xa8 build/src/Shades/tinyxml2.o
                0x038060b0                tinyxml2::XMLElement::ParseDeep(char*, tinyxml2::StrPair*, int*)
 .text._ZNK8tinyxml210XMLElement12ShallowCloneEPNS_11XMLDocumentE
                0x03806158       0x9c build/src/Shades/tinyxml2.o
                0x03806158                tinyxml2::XMLElement::ShallowClone(tinyxml2::XMLDocument*) const
 .text._ZNK8tinyxml210XMLElement12ShallowEqualEPKNS_7XMLNodeE
                0x038061f4      0x124 build/src/Shades/tinyxml2.o
                0x038061f4                tinyxml2::XMLElement::ShallowEqual(tinyxml2::XMLNode const*) const
 .text._ZNK8tinyxml210XMLElement6AcceptEPNS_10XMLVisitorE
                0x03806318       0x78 build/src/Shades/tinyxml2.o
                0x03806318                tinyxml2::XMLElement::Accept(tinyxml2::XMLVisitor*) const
 .text._ZN8tinyxml211XMLDocumentC2EbNS_10WhitespaceE
                0x03806390      0x11c build/src/Shades/tinyxml2.o
                0x03806390                tinyxml2::XMLDocument::XMLDocument(bool, tinyxml2::Whitespace)
                0x03806390                tinyxml2::XMLDocument::XMLDocument(bool, tinyxml2::Whitespace)
 .text._ZN8tinyxml211XMLDocumentD2Ev
                0x038064ac       0x70 build/src/Shades/tinyxml2.o
                0x038064ac                tinyxml2::XMLDocument::~XMLDocument()
                0x038064ac                tinyxml2::XMLDocument::~XMLDocument()
 .text._ZN8tinyxml211XMLDocument5ClearEv
                0x0380651c       0x5c build/src/Shades/tinyxml2.o
                0x0380651c                tinyxml2::XMLDocument::Clear()
 .text._ZN8tinyxml28MemPoolTILi52EED2Ev
                0x03806578       0x44 build/src/Shades/tinyxml2.o
                0x03806578                tinyxml2::MemPoolT<52>::~MemPoolT()
 .text._ZN8tinyxml28MemPoolTILi56EED2Ev
                0x038065bc       0x44 build/src/Shades/tinyxml2.o
                0x038065bc                tinyxml2::MemPoolT<56>::~MemPoolT()
 .text._ZN8tinyxml28MemPoolTILi40EED2Ev
                0x03806600       0x44 build/src/Shades/tinyxml2.o
                0x03806600                tinyxml2::MemPoolT<40>::~MemPoolT()
 .text._ZN8tinyxml28MemPoolTILi60EED2Ev
                0x03806644       0x44 build/src/Shades/tinyxml2.o
                0x03806644                tinyxml2::MemPoolT<60>::~MemPoolT()
 .text._ZN8tinyxml211XMLDocumentD0Ev
                0x03806688       0x14 build/src/Shades/tinyxml2.o
                0x03806688                tinyxml2::XMLDocument::~XMLDocument()
 .text._ZN8tinyxml211XMLDocument10DeleteNodeEPNS_7XMLNodeE
                0x0380669c       0x40 build/src/Shades/tinyxml2.o
                0x0380669c                tinyxml2::XMLDocument::DeleteNode(tinyxml2::XMLNode*)
 .text._ZN8tinyxml211XMLDocument8LoadFileEPKc
                0x038066dc       0x94 build/src/Shades/tinyxml2.o
                0x038066dc                tinyxml2::XMLDocument::LoadFile(char const*)
 .text._ZN8tinyxml211XMLDocument8LoadFileEP7__sFILE
                0x03806770       0xe8 build/src/Shades/tinyxml2.o
                0x03806770                tinyxml2::XMLDocument::LoadFile(__sFILE*)
 .text._ZN8tinyxml211XMLDocument5ParseEv
                0x03806858       0x9c build/src/Shades/tinyxml2.o
                0x03806858                tinyxml2::XMLDocument::Parse()
 .text._ZN8tinyxml211XMLDocument5ParseEPKcj
                0x038068f4       0xc4 build/src/Shades/tinyxml2.o
                0x038068f4                tinyxml2::XMLDocument::Parse(char const*, unsigned int)
 .text._ZN8tinyxml28MemPoolTILi60EE5ClearEv
                0x038069b8       0x54 build/src/Shades/tinyxml2.o
                0x038069b8                tinyxml2::MemPoolT<60>::Clear()
 .text._ZN8tinyxml28MemPoolTILi40EE5ClearEv
                0x03806a0c       0x54 build/src/Shades/tinyxml2.o
                0x03806a0c                tinyxml2::MemPoolT<40>::Clear()
 .text._ZN8tinyxml28MemPoolTILi56EE5ClearEv
                0x03806a60       0x54 build/src/Shades/tinyxml2.o
                0x03806a60                tinyxml2::MemPoolT<56>::Clear()
 .text._ZN8tinyxml28MemPoolTILi52EE5ClearEv
                0x03806ab4       0x54 build/src/Shades/tinyxml2.o
                0x03806ab4                tinyxml2::MemPoolT<52>::Clear()
 .text._ZN8tinyxml27XMLNode9ToElementEv
                0x03806b08        0x8 build/src/Shades/tinyxml2.o
                0x03806b08                tinyxml2::XMLNode::ToElement()
 .text._ZN8tinyxml27XMLText6ToTextEv
                0x03806b10        0x4 build/src/Shades/tinyxml2.o
                0x03806b10                tinyxml2::XMLText::ToText()
 .text._ZN8tinyxml27XMLNode9ToCommentEv
                0x03806b14        0x8 build/src/Shades/tinyxml2.o
                0x03806b14                tinyxml2::XMLNode::ToComment()
 .text._ZN8tinyxml27XMLNode10ToDocumentEv
                0x03806b1c        0x8 build/src/Shades/tinyxml2.o
                0x03806b1c                tinyxml2::XMLNode::ToDocument()
 .text._ZN8tinyxml27XMLNode13ToDeclarationEv
                0x03806b24        0x8 build/src/Shades/tinyxml2.o
                0x03806b24                tinyxml2::XMLNode::ToDeclaration()
 .text._ZN8tinyxml27XMLNode9ToUnknownEv
                0x03806b2c        0x8 build/src/Shades/tinyxml2.o
                0x03806b2c                tinyxml2::XMLNode::ToUnknown()
 .text._ZNK8tinyxml27XMLNode9ToElementEv
                0x03806b34        0x8 build/src/Shades/tinyxml2.o
                0x03806b34                tinyxml2::XMLNode::ToElement() const
 .text._ZNK8tinyxml27XMLText6ToTextEv
                0x03806b3c        0x4 build/src/Shades/tinyxml2.o
                0x03806b3c                tinyxml2::XMLText::ToText() const
 .text._ZNK8tinyxml27XMLNode9ToCommentEv
                0x03806b40        0x8 build/src/Shades/tinyxml2.o
                0x03806b40                tinyxml2::XMLNode::ToComment() const
 .text._ZNK8tinyxml27XMLNode10ToDocumentEv
                0x03806b48        0x8 build/src/Shades/tinyxml2.o
                0x03806b48                tinyxml2::XMLNode::ToDocument() const
 .text._ZNK8tinyxml27XMLNode13ToDeclarationEv
                0x03806b50        0x8 build/src/Shades/tinyxml2.o
                0x03806b50                tinyxml2::XMLNode::ToDeclaration() const
 .text._ZNK8tinyxml27XMLNode9ToUnknownEv
                0x03806b58        0x8 build/src/Shades/tinyxml2.o
                0x03806b58                tinyxml2::XMLNode::ToUnknown() const
 .text._ZN8tinyxml27XMLNodeD2Ev
                0x03806b60       0x44 build/src/Shades/tinyxml2.o
                0x03806b60                tinyxml2::XMLComment::~XMLComment()
                0x03806b60                tinyxml2::XMLNode::~XMLNode()
                0x03806b60                tinyxml2::XMLUnknown::~XMLUnknown()
                0x03806b60                tinyxml2::XMLNode::~XMLNode()
                0x03806b60                tinyxml2::XMLComment::~XMLComment()
                0x03806b60                tinyxml2::XMLDeclaration::~XMLDeclaration()
                0x03806b60                tinyxml2::XMLUnknown::~XMLUnknown()
                0x03806b60                tinyxml2::XMLDeclaration::~XMLDeclaration()
 .text._ZN8tinyxml27XMLTextD0Ev
                0x03806ba4       0x14 build/src/Shades/tinyxml2.o
                0x03806ba4                tinyxml2::XMLText::~XMLText()
 .text._ZN8tinyxml27XMLNode6ToTextEv
                0x03806bb8        0x8 build/src/Shades/tinyxml2.o
                0x03806bb8                tinyxml2::XMLNode::ToText()
 .text._ZNK8tinyxml27XMLNode6ToTextEv
                0x03806bc0        0x8 build/src/Shades/tinyxml2.o
                0x03806bc0                tinyxml2::XMLNode::ToText() const
 .text._ZN8tinyxml210XMLComment9ToCommentEv
                0x03806bc8        0x4 build/src/Shades/tinyxml2.o
                0x03806bc8                tinyxml2::XMLComment::ToComment()
 .text._ZNK8tinyxml210XMLComment9ToCommentEv
                0x03806bcc        0x4 build/src/Shades/tinyxml2.o
                0x03806bcc                tinyxml2::XMLComment::ToComment() const
 .text._ZN8tinyxml214XMLDeclaration13ToDeclarationEv
                0x03806bd0        0x4 build/src/Shades/tinyxml2.o
                0x03806bd0                tinyxml2::XMLDeclaration::ToDeclaration()
 .text._ZNK8tinyxml214XMLDeclaration13ToDeclarationEv
                0x03806bd4        0x4 build/src/Shades/tinyxml2.o
                0x03806bd4                tinyxml2::XMLDeclaration::ToDeclaration() const
 .text._ZN8tinyxml210XMLUnknown9ToUnknownEv
                0x03806bd8        0x4 build/src/Shades/tinyxml2.o
                0x03806bd8                tinyxml2::XMLUnknown::ToUnknown()
 .text._ZNK8tinyxml210XMLUnknown9ToUnknownEv
                0x03806bdc        0x4 build/src/Shades/tinyxml2.o
                0x03806bdc                tinyxml2::XMLUnknown::ToUnknown() const
 .text._ZN8tinyxml210XMLElement9ToElementEv
                0x03806be0        0x4 build/src/Shades/tinyxml2.o
                0x03806be0                tinyxml2::XMLElement::ToElement()
 .text._ZNK8tinyxml210XMLElement9ToElementEv
                0x03806be4        0x4 build/src/Shades/tinyxml2.o
                0x03806be4                tinyxml2::XMLElement::ToElement() const
 .text._ZN8tinyxml211XMLDocument10ToDocumentEv
                0x03806be8        0x4 build/src/Shades/tinyxml2.o
                0x03806be8                tinyxml2::XMLDocument::ToDocument()
 .text._ZNK8tinyxml211XMLDocument10ToDocumentEv
                0x03806bec        0x4 build/src/Shades/tinyxml2.o
                0x03806bec                tinyxml2::XMLDocument::ToDocument() const
 .text._ZNK8tinyxml211XMLDocument12ShallowCloneEPS0_
                0x03806bf0        0x8 build/src/Shades/tinyxml2.o
                0x03806bf0                tinyxml2::XMLDocument::ShallowClone(tinyxml2::XMLDocument*) const
 .text._ZNK8tinyxml211XMLDocument12ShallowEqualEPKNS_7XMLNodeE
                0x03806bf8        0x8 build/src/Shades/tinyxml2.o
                0x03806bf8                tinyxml2::XMLDocument::ShallowEqual(tinyxml2::XMLNode const*) const
 .text._ZN8tinyxml212XMLAttributeD2Ev
                0x03806c00       0x38 build/src/Shades/tinyxml2.o
                0x03806c00                tinyxml2::XMLAttribute::~XMLAttribute()
 .text._ZN8tinyxml212XMLAttributeD0Ev
                0x03806c38       0x3c build/src/Shades/tinyxml2.o
                0x03806c38                tinyxml2::XMLAttribute::~XMLAttribute()
 .text._ZN8tinyxml28DynArrayIPNS_7XMLNodeELi10EE14EnsureCapacityEi
                0x03806c74       0x78 build/src/Shades/tinyxml2.o
                0x03806c74                tinyxml2::DynArray<tinyxml2::XMLNode*, 10>::EnsureCapacity(int)
 .text._ZN8tinyxml28DynArrayIPNS_8MemPoolTILi40EE5BlockELi10EE14EnsureCapacityEi
                0x03806cec       0x78 build/src/Shades/tinyxml2.o
                0x03806cec                tinyxml2::DynArray<tinyxml2::MemPoolT<40>::Block*, 10>::EnsureCapacity(int)
 .text._ZN8tinyxml28MemPoolTILi60EED0Ev
                0x03806d64       0x14 build/src/Shades/tinyxml2.o
                0x03806d64                tinyxml2::MemPoolT<60>::~MemPoolT()
 .text._ZNK8tinyxml28MemPoolTILi60EE8ItemSizeEv
                0x03806d78        0x8 build/src/Shades/tinyxml2.o
                0x03806d78                tinyxml2::MemPoolT<60>::ItemSize() const
 .text._ZN8tinyxml28MemPoolTILi60EE5AllocEv
                0x03806d80       0xb8 build/src/Shades/tinyxml2.o
                0x03806d80                tinyxml2::MemPoolT<60>::Alloc()
 .text._ZN8tinyxml28MemPoolTILi60EE4FreeEPv
                0x03806e38       0x20 build/src/Shades/tinyxml2.o
                0x03806e38                tinyxml2::MemPoolT<60>::Free(void*)
 .text._ZN8tinyxml28MemPoolTILi60EE10SetTrackedEv
                0x03806e58       0x10 build/src/Shades/tinyxml2.o
                0x03806e58                tinyxml2::MemPoolT<60>::SetTracked()
 .text._ZN8tinyxml28DynArrayIPNS_8MemPoolTILi60EE5BlockELi10EE14EnsureCapacityEi
                0x03806e68       0x78 build/src/Shades/tinyxml2.o
                0x03806e68                tinyxml2::DynArray<tinyxml2::MemPoolT<60>::Block*, 10>::EnsureCapacity(int)
 .text._ZN8tinyxml28MemPoolTILi40EED0Ev
                0x03806ee0       0x14 build/src/Shades/tinyxml2.o
                0x03806ee0                tinyxml2::MemPoolT<40>::~MemPoolT()
 .text._ZNK8tinyxml28MemPoolTILi40EE8ItemSizeEv
                0x03806ef4        0x8 build/src/Shades/tinyxml2.o
                0x03806ef4                tinyxml2::MemPoolT<40>::ItemSize() const
 .text._ZN8tinyxml28MemPoolTILi40EE4FreeEPv
                0x03806efc       0x20 build/src/Shades/tinyxml2.o
                0x03806efc                tinyxml2::MemPoolT<40>::Free(void*)
 .text._ZN8tinyxml28MemPoolTILi40EE10SetTrackedEv
                0x03806f1c       0x10 build/src/Shades/tinyxml2.o
                0x03806f1c                tinyxml2::MemPoolT<40>::SetTracked()
 .text._ZN8tinyxml28MemPoolTILi56EED0Ev
                0x03806f2c       0x14 build/src/Shades/tinyxml2.o
                0x03806f2c                tinyxml2::MemPoolT<56>::~MemPoolT()
 .text._ZNK8tinyxml28MemPoolTILi56EE8ItemSizeEv
                0x03806f40        0x8 build/src/Shades/tinyxml2.o
                0x03806f40                tinyxml2::MemPoolT<56>::ItemSize() const
 .text._ZN8tinyxml28MemPoolTILi56EE5AllocEv
                0x03806f48       0xb8 build/src/Shades/tinyxml2.o
                0x03806f48                tinyxml2::MemPoolT<56>::Alloc()
 .text._ZN8tinyxml28MemPoolTILi56EE4FreeEPv
                0x03807000       0x20 build/src/Shades/tinyxml2.o
                0x03807000                tinyxml2::MemPoolT<56>::Free(void*)
 .text._ZN8tinyxml28MemPoolTILi56EE10SetTrackedEv
                0x03807020       0x10 build/src/Shades/tinyxml2.o
                0x03807020                tinyxml2::MemPoolT<56>::SetTracked()
 .text._ZN8tinyxml28DynArrayIPNS_8MemPoolTILi56EE5BlockELi10EE14EnsureCapacityEi
                0x03807030       0x78 build/src/Shades/tinyxml2.o
                0x03807030                tinyxml2::DynArray<tinyxml2::MemPoolT<56>::Block*, 10>::EnsureCapacity(int)
 .text._ZN8tinyxml28MemPoolTILi52EED0Ev
                0x038070a8       0x14 build/src/Shades/tinyxml2.o
                0x038070a8                tinyxml2::MemPoolT<52>::~MemPoolT()
 .text._ZNK8tinyxml28MemPoolTILi52EE8ItemSizeEv
                0x038070bc        0x8 build/src/Shades/tinyxml2.o
                0x038070bc                tinyxml2::MemPoolT<52>::ItemSize() const
 .text._ZN8tinyxml28MemPoolTILi52EE5AllocEv
                0x038070c4       0xb4 build/src/Shades/tinyxml2.o
                0x038070c4                tinyxml2::MemPoolT<52>::Alloc()
 .text._ZN8tinyxml28MemPoolTILi52EE4FreeEPv
                0x03807178       0x20 build/src/Shades/tinyxml2.o
                0x03807178                tinyxml2::MemPoolT<52>::Free(void*)
 .text._ZN8tinyxml28MemPoolTILi52EE10SetTrackedEv
                0x03807198       0x10 build/src/Shades/tinyxml2.o
                0x03807198                tinyxml2::MemPoolT<52>::SetTracked()
 .text._ZN8tinyxml28DynArrayIPNS_8MemPoolTILi52EE5BlockELi10EE14EnsureCapacityEi
                0x038071a8       0x78 build/src/Shades/tinyxml2.o
                0x038071a8                tinyxml2::DynArray<tinyxml2::MemPoolT<52>::Block*, 10>::EnsureCapacity(int)
 .text.vexMain  0x03807220       0xb0 C:\Program Files (x86)\VEX Robotics\VEXcode Pro V5\sdk/vexv5\libv5rt.a(v5_startup.c.obj)
                0x03807220                vexMain
 .text.__vex_function_prolog
                0x038072d0       0x18 C:\Program Files (x86)\VEX Robotics\VEXcode Pro V5\sdk/vexv5\libv5rt.a(v5_startup.c.obj)
                0x038072d0                __vex_function_prolog
 .text._init    0x038072e8        0x4 C:\Program Files (x86)\VEX Robotics\VEXcode Pro V5\sdk/vexv5\libv5rt.a(v5_startup.c.obj)
                0x038072e8                _init
 .text._fini    0x038072ec        0x4 C:\Program Files (x86)\VEX Robotics\VEXcode Pro V5\sdk/vexv5\libv5rt.a(v5_startup.c.obj)
                0x038072ec                _fini
 .text.vexStdlibVersionLinked
                0x038072f0        0xc C:\Program Files (x86)\VEX Robotics\VEXcode Pro V5\sdk/vexv5\libv5rt.a(v5_util.c.obj)
                0x038072f0                vexStdlibVersionLinked
 .text.vexStdlibVersionVerify
                0x038072fc       0x30 C:\Program Files (x86)\VEX Robotics\VEXcode Pro V5\sdk/vexv5\libv5rt.a(v5_util.c.obj)
                0x038072fc                vexStdlibVersionVerify
 .text.vexPrivateApiEnable
                0x0380732c       0x10 C:\Program Files (x86)\VEX Robotics\VEXcode Pro V5\sdk/vexv5\libv5rt.a(v5_apijump.c.obj)
                0x0380732c                vexPrivateApiEnable
 .text.vexStdlibMismatchError
                0x0380733c       0x3c C:\Program Files (x86)\VEX Robotics\VEXcode Pro V5\sdk/vexv5\libv5rt.a(v5_apijump.c.obj)
                0x0380733c                vexStdlibMismatchError
 .text.vexScratchMemoryPtr
                0x03807378       0x30 C:\Program Files (x86)\VEX Robotics\VEXcode Pro V5\sdk/vexv5\libv5rt.a(v5_apijump.c.obj)
                0x03807378                vexScratchMemoryPtr
 .text.vexTaskAdd
                0x038073a8       0x10 C:\Program Files (x86)\VEX Robotics\VEXcode Pro V5\sdk/vexv5\libv5rt.a(v5_apijump.c.obj)
                0x038073a8                vexTaskAdd
 .text.vexTasksRun
                0x038073b8       0x10 C:\Program Files (x86)\VEX Robotics\VEXcode Pro V5\sdk/vexv5\libv5rt.a(v5_apijump.c.obj)
                0x038073b8                vexTasksRun
 .text.vexTaskYield
                0x038073c8       0x10 C:\Program Files (x86)\VEX Robotics\VEXcode Pro V5\sdk/vexv5\libv5rt.a(v5_apijump.c.obj)
                0x038073c8                vexTaskYield
 .text.vexTaskCheckTimeslice
                0x038073d8       0x10 C:\Program Files (x86)\VEX Robotics\VEXcode Pro V5\sdk/vexv5\libv5rt.a(v5_apijump.c.obj)
                0x038073d8                vexTaskCheckTimeslice
 .text.vexTaskSleep
                0x038073e8       0x10 C:\Program Files (x86)\VEX Robotics\VEXcode Pro V5\sdk/vexv5\libv5rt.a(v5_apijump.c.obj)
                0x038073e8                vexTaskSleep
 .text.vexTasksDump
                0x038073f8       0x1c C:\Program Files (x86)\VEX Robotics\VEXcode Pro V5\sdk/vexv5\libv5rt.a(v5_apijump.c.obj)
                0x038073f8                vexTasksDump
 .text.vexTaskGetTaskIndex
                0x03807414       0x10 C:\Program Files (x86)\VEX Robotics\VEXcode Pro V5\sdk/vexv5\libv5rt.a(v5_apijump.c.obj)
                0x03807414                vexTaskGetTaskIndex
 .text.vexTaskStopAll
                0x03807424       0x10 C:\Program Files (x86)\VEX Robotics\VEXcode Pro V5\sdk/vexv5\libv5rt.a(v5_apijump.c.obj)
                0x03807424                vexTaskStopAll
 .text.vexTaskRemoveAllUser
                0x03807434       0x34 C:\Program Files (x86)\VEX Robotics\VEXcode Pro V5\sdk/vexv5\libv5rt.a(v5_apijump.c.obj)
                0x03807434                vexTaskRemoveAllUser
 .text.vexTaskCompletionIdSet
                0x03807468       0x10 C:\Program Files (x86)\VEX Robotics\VEXcode Pro V5\sdk/vexv5\libv5rt.a(v5_apijump.c.obj)
                0x03807468                vexTaskCompletionIdSet
 .text.vexTaskStopWithId
                0x03807478       0x10 C:\Program Files (x86)\VEX Robotics\VEXcode Pro V5\sdk/vexv5\libv5rt.a(v5_apijump.c.obj)
                0x03807478                vexTaskStopWithId
 .text.vexEventAdd
                0x03807488       0x34 C:\Program Files (x86)\VEX Robotics\VEXcode Pro V5\sdk/vexv5\libv5rt.a(v5_apijump.c.obj)
                0x03807488                vexEventAdd
 .text.vexEventUserIndexGet
                0x038074bc       0x1c C:\Program Files (x86)\VEX Robotics\VEXcode Pro V5\sdk/vexv5\libv5rt.a(v5_apijump.c.obj)
                0x038074bc                vexEventUserIndexGet
 .text.vexEventAddWithArg
                0x038074d8       0x3c C:\Program Files (x86)\VEX Robotics\VEXcode Pro V5\sdk/vexv5\libv5rt.a(v5_apijump.c.obj)
                0x038074d8                vexEventAddWithArg
 .text.vexEventsCleanup
                0x03807514       0x2c C:\Program Files (x86)\VEX Robotics\VEXcode Pro V5\sdk/vexv5\libv5rt.a(v5_apijump.c.obj)
                0x03807514                vexEventsCleanup
 .text.vexDebug
                0x03807540       0x38 C:\Program Files (x86)\VEX Robotics\VEXcode Pro V5\sdk/vexv5\libv5rt.a(v5_apijump.c.obj)
                0x03807540                vexDebug
 .text.vex_sprintf
                0x03807578       0x40 C:\Program Files (x86)\VEX Robotics\VEXcode Pro V5\sdk/vexv5\libv5rt.a(v5_apijump.c.obj)
                0x03807578                vex_sprintf
 .text.vexSystemTimeGet
                0x038075b8       0x1c C:\Program Files (x86)\VEX Robotics\VEXcode Pro V5\sdk/vexv5\libv5rt.a(v5_apijump.c.obj)
                0x038075b8                vexSystemTimeGet
 .text.vexSystemExitRequest
                0x038075d4       0x1c C:\Program Files (x86)\VEX Robotics\VEXcode Pro V5\sdk/vexv5\libv5rt.a(v5_apijump.c.obj)
                0x038075d4                vexSystemExitRequest
 .text.vexDeviceGetByIndex
                0x038075f0       0x24 C:\Program Files (x86)\VEX Robotics\VEXcode Pro V5\sdk/vexv5\libv5rt.a(v5_apijump.c.obj)
                0x038075f0                vexDeviceGetByIndex
 .text.vexDisplayForegroundColor
                0x03807614       0x24 C:\Program Files (x86)\VEX Robotics\VEXcode Pro V5\sdk/vexv5\libv5rt.a(v5_apijump.c.obj)
                0x03807614                vexDisplayForegroundColor
 .text.vexDisplayBackgroundColor
                0x03807638       0x24 C:\Program Files (x86)\VEX Robotics\VEXcode Pro V5\sdk/vexv5\libv5rt.a(v5_apijump.c.obj)
                0x03807638                vexDisplayBackgroundColor
 .text.vexDisplayBackgroundColorGet
                0x0380765c       0x1c C:\Program Files (x86)\VEX Robotics\VEXcode Pro V5\sdk/vexv5\libv5rt.a(v5_apijump.c.obj)
                0x0380765c                vexDisplayBackgroundColorGet
 .text.vexDisplayCopyRect
                0x03807678       0x5c C:\Program Files (x86)\VEX Robotics\VEXcode Pro V5\sdk/vexv5\libv5rt.a(v5_apijump.c.obj)
                0x03807678                vexDisplayCopyRect
 .text.vexDisplayRectDraw
                0x038076d4       0x4c C:\Program Files (x86)\VEX Robotics\VEXcode Pro V5\sdk/vexv5\libv5rt.a(v5_apijump.c.obj)
                0x038076d4                vexDisplayRectDraw
 .text.vexDisplayRectClear
                0x03807720       0x4c C:\Program Files (x86)\VEX Robotics\VEXcode Pro V5\sdk/vexv5\libv5rt.a(v5_apijump.c.obj)
                0x03807720                vexDisplayRectClear
 .text.vexDisplayCircleDraw
                0x0380776c       0x40 C:\Program Files (x86)\VEX Robotics\VEXcode Pro V5\sdk/vexv5\libv5rt.a(v5_apijump.c.obj)
                0x0380776c                vexDisplayCircleDraw
 .text.vexDisplayCircleClear
                0x038077ac       0x40 C:\Program Files (x86)\VEX Robotics\VEXcode Pro V5\sdk/vexv5\libv5rt.a(v5_apijump.c.obj)
                0x038077ac                vexDisplayCircleClear
 .text.vexDisplayVPrintf
                0x038077ec       0x50 C:\Program Files (x86)\VEX Robotics\VEXcode Pro V5\sdk/vexv5\libv5rt.a(v5_apijump.c.obj)
                0x038077ec                vexDisplayVPrintf
 .text.vexDisplayTextReference
                0x0380783c       0x24 C:\Program Files (x86)\VEX Robotics\VEXcode Pro V5\sdk/vexv5\libv5rt.a(v5_apijump.c.obj)
                0x0380783c                vexDisplayTextReference
 .text.vexDisplayTextSize
                0x03807860       0x2c C:\Program Files (x86)\VEX Robotics\VEXcode Pro V5\sdk/vexv5\libv5rt.a(v5_apijump.c.obj)
                0x03807860                vexDisplayTextSize
 .text.vexDisplayFontNamedSet
                0x0380788c       0x24 C:\Program Files (x86)\VEX Robotics\VEXcode Pro V5\sdk/vexv5\libv5rt.a(v5_apijump.c.obj)
                0x0380788c                vexDisplayFontNamedSet
 .text.vexDisplayPenSizeGet
                0x038078b0       0x1c C:\Program Files (x86)\VEX Robotics\VEXcode Pro V5\sdk/vexv5\libv5rt.a(v5_apijump.c.obj)
                0x038078b0                vexDisplayPenSizeGet
 .text.vexFileOpen
                0x038078cc       0x2c C:\Program Files (x86)\VEX Robotics\VEXcode Pro V5\sdk/vexv5\libv5rt.a(v5_apijump.c.obj)
                0x038078cc                vexFileOpen
 .text.vexFileClose
                0x038078f8       0x24 C:\Program Files (x86)\VEX Robotics\VEXcode Pro V5\sdk/vexv5\libv5rt.a(v5_apijump.c.obj)
                0x038078f8                vexFileClose
 .text.vexFileRead
                0x0380791c       0x3c C:\Program Files (x86)\VEX Robotics\VEXcode Pro V5\sdk/vexv5\libv5rt.a(v5_apijump.c.obj)
                0x0380791c                vexFileRead
 .text.vexFileSize
                0x03807958       0x24 C:\Program Files (x86)\VEX Robotics\VEXcode Pro V5\sdk/vexv5\libv5rt.a(v5_apijump.c.obj)
                0x03807958                vexFileSize
 .text.vexFileDriveStatus
                0x0380797c       0x24 C:\Program Files (x86)\VEX Robotics\VEXcode Pro V5\sdk/vexv5\libv5rt.a(v5_apijump.c.obj)
                0x0380797c                vexFileDriveStatus
 .text.vexSystemStdlibImpureDataAddr
                0x038079a0       0x28 C:\Program Files (x86)\VEX Robotics\VEXcode Pro V5\sdk/vexv5\libv5rt.a(v5_apijump.c.obj)
                0x038079a0                vexSystemStdlibImpureDataAddr
 .text.vexSystemStdlibImpureDataSize
                0x038079c8       0x28 C:\Program Files (x86)\VEX Robotics\VEXcode Pro V5\sdk/vexv5\libv5rt.a(v5_apijump.c.obj)
                0x038079c8                vexSystemStdlibImpureDataSize
 .text.vexSystemSaveUserData
                0x038079f0       0x3c C:\Program Files (x86)\VEX Robotics\VEXcode Pro V5\sdk/vexv5\libv5rt.a(v5_apijump.c.obj)
                0x038079f0                vexSystemSaveUserData
 .text.vexTouchDataGet
                0x03807a2c       0x10 C:\Program Files (x86)\VEX Robotics\VEXcode Pro V5\sdk/vexv5\libv5rt.a(v5_apijump.c.obj)
                0x03807a2c                vexTouchDataGet
 .text.vexImageBmpRead
                0x03807a3c       0x3c C:\Program Files (x86)\VEX Robotics\VEXcode Pro V5\sdk/vexv5\libv5rt.a(v5_apijump.c.obj)
                0x03807a3c                vexImageBmpRead
 .text.vexImagePngRead
                0x03807a78       0x44 C:\Program Files (x86)\VEX Robotics\VEXcode Pro V5\sdk/vexv5\libv5rt.a(v5_apijump.c.obj)
                0x03807a78                vexImagePngRead
 .text.vexDisplayThemeIdGet
                0x03807abc       0x38 C:\Program Files (x86)\VEX Robotics\VEXcode Pro V5\sdk/vexv5\libv5rt.a(v5_apijump.c.obj)
                0x03807abc                vexDisplayThemeIdGet
 .text.vexDeviceEventMaskSet
                0x03807af4       0x48 C:\Program Files (x86)\VEX Robotics\VEXcode Pro V5\sdk/vexv5\libv5rt.a(v5_apijump.c.obj)
                0x03807af4                vexDeviceEventMaskSet
 .text.vexDeviceEventMaskGet
                0x03807b3c       0x3c C:\Program Files (x86)\VEX Robotics\VEXcode Pro V5\sdk/vexv5\libv5rt.a(v5_apijump.c.obj)
                0x03807b3c                vexDeviceEventMaskGet
 .text.vexDeviceEventBitsSet
                0x03807b78       0x48 C:\Program Files (x86)\VEX Robotics\VEXcode Pro V5\sdk/vexv5\libv5rt.a(v5_apijump.c.obj)
                0x03807b78                vexDeviceEventBitsSet
 .text.vexDeviceEventBitsGet
                0x03807bc0       0x3c C:\Program Files (x86)\VEX Robotics\VEXcode Pro V5\sdk/vexv5\libv5rt.a(v5_apijump.c.obj)
                0x03807bc0                vexDeviceEventBitsGet
 .text.vexSystemVersion
                0x03807bfc       0x10 C:\Program Files (x86)\VEX Robotics\VEXcode Pro V5\sdk/vexv5\libv5rt.a(v5_apiversions.c.obj)
                0x03807bfc                vexSystemVersion
 .text.vexStdlibVersion
                0x03807c0c       0x10 C:\Program Files (x86)\VEX Robotics\VEXcode Pro V5\sdk/vexv5\libv5rt.a(v5_apiversions.c.obj)
                0x03807c0c                vexStdlibVersion
 *fill*         0x03807c1c        0x4 
 .text._ZN3vex4waitEdNS_9timeUnitsE
                0x03807c20       0x30 C:\Program Files (x86)\VEX Robotics\VEXcode Pro V5\sdk/vexv5\libv5rt.a(vex_global.cpp.obj)
                0x03807c20                vex::wait(double, vex::timeUnits)
 .text._ZN3vex6threadC2EPFivE
                0x03807c50       0x5c C:\Program Files (x86)\VEX Robotics\VEXcode Pro V5\sdk/vexv5\libv5rt.a(vex_thread.cpp.obj)
                0x03807c50                vex::thread::thread(int (*)())
                0x03807c50                vex::thread::thread(int (*)())
 .text._ZN3vex11this_thread9sleep_forEm
                0x03807cac        0x4 C:\Program Files (x86)\VEX Robotics\VEXcode Pro V5\sdk/vexv5\libv5rt.a(vex_thread.cpp.obj)
                0x03807cac                vex::this_thread::sleep_for(unsigned long)
 .text._ZZN3vex6meventC4EmmENUlvE_4_FUNEv
                0x03807cb0        0x4 C:\Program Files (x86)\VEX Robotics\VEXcode Pro V5\sdk/vexv5\libv5rt.a(vex_mevent.cpp.obj)
 .text._ZN3vex6meventC2Emm
                0x03807cb4       0x70 C:\Program Files (x86)\VEX Robotics\VEXcode Pro V5\sdk/vexv5\libv5rt.a(vex_mevent.cpp.obj)
                0x03807cb4                vex::mevent::mevent(unsigned long, unsigned long)
                0x03807cb4                vex::mevent::mevent(unsigned long, unsigned long)
 .text._ZNK3vex6meventcviEv
                0x03807d24       0x4c C:\Program Files (x86)\VEX Robotics\VEXcode Pro V5\sdk/vexv5\libv5rt.a(vex_mevent.cpp.obj)
                0x03807d24                vex::mevent::operator int() const
 .text._ZN3vex5brain9_getIndexEv
                0x03807d70       0x10 C:\Program Files (x86)\VEX Robotics\VEXcode Pro V5\sdk/vexv5\libv5rt.a(vex_brain.cpp.obj)
                0x03807d70                vex::brain::_getIndex()
 .text._ZN3vex5brain3lcd9setCursorEll
                0x03807d80       0x44 C:\Program Files (x86)\VEX Robotics\VEXcode Pro V5\sdk/vexv5\libv5rt.a(vex_brain.cpp.obj)
                0x03807d80                vex::brain::lcd::setCursor(long, long)
 .text._ZN3vex5brain3lcd7setFontENS_8fontTypeE
                0x03807dc4      0x23c C:\Program Files (x86)\VEX Robotics\VEXcode Pro V5\sdk/vexv5\libv5rt.a(vex_brain.cpp.obj)
                0x03807dc4                vex::brain::lcd::setFont(vex::fontType)
 .text._ZN3vex5brain3lcdC2Ev
                0x03808000       0x94 C:\Program Files (x86)\VEX Robotics\VEXcode Pro V5\sdk/vexv5\libv5rt.a(vex_brain.cpp.obj)
                0x03808000                vex::brain::lcd::lcd()
                0x03808000                vex::brain::lcd::lcd()
 .text._ZN3vex5brainC2Ev
                0x03808094       0x3c C:\Program Files (x86)\VEX Robotics\VEXcode Pro V5\sdk/vexv5\libv5rt.a(vex_brain.cpp.obj)
                0x03808094                vex::brain::brain()
                0x03808094                vex::brain::brain()
 .text._ZN3vex5brain3lcd7printAtEllPKcz
                0x038080d0       0x54 C:\Program Files (x86)\VEX Robotics\VEXcode Pro V5\sdk/vexv5\libv5rt.a(vex_brain.cpp.obj)
                0x038080d0                vex::brain::lcd::printAt(long, long, char const*, ...)
 .text._ZN3vex5brain3lcd12_clearScreenEm
                0x03808124       0x38 C:\Program Files (x86)\VEX Robotics\VEXcode Pro V5\sdk/vexv5\libv5rt.a(vex_brain.cpp.obj)
                0x03808124                vex::brain::lcd::_clearScreen(unsigned long)
 .text._ZN3vex5brain3lcd11clearScreenERKNS_5colorE
                0x0380815c       0x20 C:\Program Files (x86)\VEX Robotics\VEXcode Pro V5\sdk/vexv5\libv5rt.a(vex_brain.cpp.obj)
                0x0380815c                vex::brain::lcd::clearScreen(vex::color const&)
 .text._ZN3vex5brain3lcd11clearScreenEv
                0x0380817c       0x2c C:\Program Files (x86)\VEX Robotics\VEXcode Pro V5\sdk/vexv5\libv5rt.a(vex_brain.cpp.obj)
                0x0380817c                vex::brain::lcd::clearScreen()
 .text._ZN3vex5brain3lcd13drawRectangleEiiii
                0x038081a8       0xdc C:\Program Files (x86)\VEX Robotics\VEXcode Pro V5\sdk/vexv5\libv5rt.a(vex_brain.cpp.obj)
                0x038081a8                vex::brain::lcd::drawRectangle(int, int, int, int)
 .text._ZN3vex5brain3lcd14_drawRectangleEiiiim
                0x03808284       0x74 C:\Program Files (x86)\VEX Robotics\VEXcode Pro V5\sdk/vexv5\libv5rt.a(vex_brain.cpp.obj)
                0x03808284                vex::brain::lcd::_drawRectangle(int, int, int, int, unsigned long)
 .text._ZN3vex5brain3lcd10drawCircleEiii
                0x038082f8       0xa4 C:\Program Files (x86)\VEX Robotics\VEXcode Pro V5\sdk/vexv5\libv5rt.a(vex_brain.cpp.obj)
                0x038082f8                vex::brain::lcd::drawCircle(int, int, int)
 .text._ZN3vex5brain3lcd11_drawCircleEiiim
                0x0380839c       0x60 C:\Program Files (x86)\VEX Robotics\VEXcode Pro V5\sdk/vexv5\libv5rt.a(vex_brain.cpp.obj)
                0x0380839c                vex::brain::lcd::_drawCircle(int, int, int, unsigned long)
 .text._ZN3vex5brain3lcd9xPositionEv
                0x038083fc       0x24 C:\Program Files (x86)\VEX Robotics\VEXcode Pro V5\sdk/vexv5\libv5rt.a(vex_brain.cpp.obj)
                0x038083fc                vex::brain::lcd::xPosition()
 .text._ZN3vex5brain3lcd9yPositionEv
                0x03808420       0x24 C:\Program Files (x86)\VEX Robotics\VEXcode Pro V5\sdk/vexv5\libv5rt.a(vex_brain.cpp.obj)
                0x03808420                vex::brain::lcd::yPosition()
 .text._ZN3vex5brain3lcd20_validateImageBufferEPh
                0x03808444       0x58 C:\Program Files (x86)\VEX Robotics\VEXcode Pro V5\sdk/vexv5\libv5rt.a(vex_brain.cpp.obj)
                0x03808444                vex::brain::lcd::_validateImageBuffer(unsigned char*)
 .text._ZN3vex5brain3lcd17drawImageFromFileEPKcii
                0x0380849c      0x264 C:\Program Files (x86)\VEX Robotics\VEXcode Pro V5\sdk/vexv5\libv5rt.a(vex_brain.cpp.obj)
                0x0380849c                vex::brain::lcd::drawImageFromFile(char const*, int, int)
 .text._ZN3vex5brain6sdcard10isInsertedEv
                0x03808700        0x8 C:\Program Files (x86)\VEX Robotics\VEXcode Pro V5\sdk/vexv5\libv5rt.a(vex_brain.cpp.obj)
                0x03808700                vex::brain::sdcard::isInserted()
 .text._ZN3vex5brainD2Ev
                0x03808708       0x20 C:\Program Files (x86)\VEX Robotics\VEXcode Pro V5\sdk/vexv5\libv5rt.a(vex_brain.cpp.obj)
                0x03808708                vex::brain::~brain()
                0x03808708                vex::brain::~brain()
 .text._ZN3vex11competition8_disableEPv
                0x03808728       0xa4 C:\Program Files (x86)\VEX Robotics\VEXcode Pro V5\sdk/vexv5\libv5rt.a(vex_competition.cpp.obj)
                0x03808728                vex::competition::_disable(void*)
 .text._ZN3vex11competition11_autonomousEv
                0x038087cc       0x80 C:\Program Files (x86)\VEX Robotics\VEXcode Pro V5\sdk/vexv5\libv5rt.a(vex_competition.cpp.obj)
                0x038087cc                vex::competition::_autonomous()
 .text._ZN3vex11competition14_drivercontrolEv
                0x0380884c       0x80 C:\Program Files (x86)\VEX Robotics\VEXcode Pro V5\sdk/vexv5\libv5rt.a(vex_competition.cpp.obj)
                0x0380884c                vex::competition::_drivercontrol()
 .text._ZN3vex11competitionC2Ev
                0x038088cc      0x13c C:\Program Files (x86)\VEX Robotics\VEXcode Pro V5\sdk/vexv5\libv5rt.a(vex_competition.cpp.obj)
                0x038088cc                vex::competition::competition()
                0x038088cc                vex::competition::competition()
 .text._ZN3vex11competitionD2Ev
                0x03808a08        0x4 C:\Program Files (x86)\VEX Robotics\VEXcode Pro V5\sdk/vexv5\libv5rt.a(vex_competition.cpp.obj)
                0x03808a08                vex::competition::~competition()
                0x03808a08                vex::competition::~competition()
 .text._ZN3vex11competition10autonomousEPFvvE
                0x03808a0c       0x44 C:\Program Files (x86)\VEX Robotics\VEXcode Pro V5\sdk/vexv5\libv5rt.a(vex_competition.cpp.obj)