Archive member included because of file (symbol)

C:\Program Files (x86)\VEX Robotics\VEXcode Pro V5\sdk/vexv5\libv5rt.a(v5_startup.c.obj)
                              (vexStartup)
C:\Program Files (x86)\VEX Robotics\VEXcode Pro V5\sdk/vexv5\libv5rt.a(v5_util.c.obj)
                              C:\Program Files (x86)\VEX Robotics\VEXcode Pro V5\sdk/vexv5\libv5rt.a(v5_startup.c.obj) (vexStdlibVersionLinked)
C:\Program Files (x86)\VEX Robotics\VEXcode Pro V5\sdk/vexv5\libv5rt.a(v5_apijump.c.obj)
                              C:\Program Files (x86)\VEX Robotics\VEXcode Pro V5\sdk/vexv5\libv5rt.a(v5_startup.c.obj) (vexPrivateApiEnable)
C:\Program Files (x86)\VEX Robotics\VEXcode Pro V5\sdk/vexv5\libv5rt.a(v5_apiversions.c.obj)
                              C:\Program Files (x86)\VEX Robotics\VEXcode Pro V5\sdk/vexv5\libv5rt.a(v5_apijump.c.obj) (vexSystemVersion)
C:\Program Files (x86)\VEX Robotics\VEXcode Pro V5\sdk/vexv5\libv5rt.a(vex_global.cpp.obj)
                              build/src/main.o (vex::wait(double, vex::timeUnits))
C:\Program Files (x86)\VEX Robotics\VEXcode Pro V5\sdk/vexv5\libv5rt.a(vex_thread.cpp.obj)
                              build/src/main.o (vex::thread::thread(int (*)()))
C:\Program Files (x86)\VEX Robotics\VEXcode Pro V5\sdk/vexv5\libv5rt.a(vex_mevent.cpp.obj)
                              build/src/Shades/Screen.o (vex::mevent::operator int() const)
C:\Program Files (x86)\VEX Robotics\VEXcode Pro V5\sdk/vexv5\libv5rt.a(vex_brain.cpp.obj)
                              build/src/robot-config.o (vex::brain::brain())
C:\Program Files (x86)\VEX Robotics\VEXcode Pro V5\sdk/vexv5\libv5rt.a(vex_competition.cpp.obj)
                              build/src/main.o (vex::competition::competition())
C:\Program Files (x86)\VEX Robotics\VEXcode Pro V5\sdk/vexv5\libv5rt.a(vex_triport.cpp.obj)
                              C:\Program Files (x86)\VEX Robotics\VEXcode Pro V5\sdk/vexv5\libv5rt.a(vex_brain.cpp.obj) (vex::triport::~triport())
C:\Program Files (x86)\VEX Robotics\VEXcode Pro V5\sdk/vexv5\libv5rt.a(vex_color.cpp.obj)
                              C:\Program Files (x86)\VEX Robotics\VEXcode Pro V5\sdk/vexv5\libv5rt.a(vex_brain.cpp.obj) (vex::color::operator unsigned long() const)
C:\Program Files (x86)\VEX Robotics\VEXcode Pro V5\sdk/vexv5\libv5rt.a(vex_timer.cpp.obj)
                              C:\Program Files (x86)\VEX Robotics\VEXcode Pro V5\sdk/vexv5\libv5rt.a(vex_brain.cpp.obj) (vex::timer::~timer())
C:\Program Files (x86)\VEX Robotics\VEXcode Pro V5\sdk/vexv5\libv5rt.a(v5_apiuser.c.obj)
                              C:\Program Files (x86)\VEX Robotics\VEXcode Pro V5\sdk/vexv5\libv5rt.a(vex_triport.cpp.obj) (vexAdiPortConfigSet)
C:\Program Files (x86)\VEX Robotics\VEXcode Pro V5\sdk/vexv5\libv5rt.a(vex_device.cpp.obj)
                              C:\Program Files (x86)\VEX Robotics\VEXcode Pro V5\sdk/vexv5\libv5rt.a(vex_triport.cpp.obj) (vex::device::~device())
C:\Program Files (x86)\VEX Robotics\VEXcode Pro V5\sdk/vexv5\libv5rt.a(vex_task.cpp.obj)
                              C:\Program Files (x86)\VEX Robotics\VEXcode Pro V5\sdk/vexv5\libv5rt.a(vex_competition.cpp.obj) (vex::task::task(int (*)()))
C:\Program Files (x86)\VEX Robotics\VEXcode Pro V5\sdk/vexv5\libv5rt.a(vex_event.cpp.obj)
                              C:\Program Files (x86)\VEX Robotics\VEXcode Pro V5\sdk/vexv5\libv5rt.a(vex_mevent.cpp.obj) (vex::event::init(unsigned long, unsigned long, void (*)()))
C:\Program Files (x86)\VEX Robotics\VEXcode Pro V5\sdk/vexv5/gcc/libs\libstdc++.a(class_type_info.o)
                              build/src/Shades/Screen.o (vtable for __cxxabiv1::__class_type_info)
C:\Program Files (x86)\VEX Robotics\VEXcode Pro V5\sdk/vexv5/gcc/libs\libstdc++.a(si_class_type_info.o)
                              build/src/Shades/Screen.o (vtable for __cxxabiv1::__si_class_type_info)
C:\Program Files (x86)\VEX Robotics\VEXcode Pro V5\sdk/vexv5/gcc/libs\libstdc++.a(tinfo.o)
                              C:\Program Files (x86)\VEX Robotics\VEXcode Pro V5\sdk/vexv5/gcc/libs\libstdc++.a(class_type_info.o) (typeinfo for std::type_info)
C:\Program Files (x86)\VEX Robotics\VEXcode Pro V5\sdk/vexv5/gcc/libs\libc.a(lib_a-aeabi_memclr.o)
                              build/src/Shades/tinyxml2.o (__aeabi_memclr)
C:\Program Files (x86)\VEX Robotics\VEXcode Pro V5\sdk/vexv5/gcc/libs\libc.a(lib_a-aeabi_memcpy.o)
                              build/src/Shades/Screen.o (__aeabi_memcpy)
C:\Program Files (x86)\VEX Robotics\VEXcode Pro V5\sdk/vexv5/gcc/libs\libc.a(lib_a-aeabi_memset-soft.o)
                              C:\Program Files (x86)\VEX Robotics\VEXcode Pro V5\sdk/vexv5/gcc/libs\libc.a(lib_a-aeabi_memclr.o) (__aeabi_memset)
C:\Program Files (x86)\VEX Robotics\VEXcode Pro V5\sdk/vexv5/gcc/libs\libc.a(lib_a-ferror.o)
                              build/src/Shades/tinyxml2.o (ferror)
C:\Program Files (x86)\VEX Robotics\VEXcode Pro V5\sdk/vexv5/gcc/libs\libc.a(lib_a-fgetc.o)
[...]
Memory Configuration

Name             Origin             Length             Attributes
ps7_ddr_0_S_AXI_BASEADDR 0x03800000         0x04800000
*default*        0x00000000         0xffffffff

Linker script and memory map

                0x00002000                _STACK_SIZE = DEFINED (_STACK_SIZE)?_STACK_SIZE:0x2000
                0x00100000                _HEAP_SIZE = DEFINED (_HEAP_SIZE)?_HEAP_SIZE:0x100000
                0x00000400                _ABORT_STACK_SIZE = DEFINED (_ABORT_STACK_SIZE)?_ABORT_STACK_SIZE:0x400
                0x00000800                _SUPERVISOR_STACK_SIZE = DEFINED (_SUPERVISOR_STACK_SIZE)?_SUPERVISOR_STACK_SIZE:0x800
                0x00000400                _IRQ_STACK_SIZE = DEFINED (_IRQ_STACK_SIZE)?_IRQ_STACK_SIZE:0x400
                0x00000400                _FIQ_STACK_SIZE = DEFINED (_FIQ_STACK_SIZE)?_FIQ_STACK_SIZE:0x400
                0x00000400                _UNDEF_STACK_SIZE = DEFINED (_UNDEF_STACK_SIZE)?_UNDEF_STACK_SIZE:0x400

.text           0x03800000     0x97a8
 *(.vectors)
 *(.boot_data)
 .boot_data     0x03800000       0x20 C:\Program Files (x86)\VEX Robotics\VEXcode Pro V5\sdk/vexv5\libv5rt.a(v5_startup.c.obj)
                0x03800000                vexCodeSig
                0x00000020                . = 0x20
 *(.boot)
 .boot          0x03800020       0xbc C:\Program Files (x86)\VEX Robotics\VEXcode Pro V5\sdk/vexv5\libv5rt.a(v5_startup.c.obj)
                0x03800020                vexStartup
                0x03800100                . = ALIGN (0x40)
 *fill*         0x038000dc       0x24 
 *(.freertos_vectors)
 *(.text)
 .text          0x03800100       0x9a C:\Program Files (x86)\VEX Robotics\VEXcode Pro V5\sdk/vexv5/gcc/libs\libc.a(lib_a-aeabi_memset-soft.o)
                0x03800100                __aeabi_memset8
                0x03800100                __aeabi_memset
                0x03800100                __aeabi_memset4
 *(.text.*)
 *fill*         0x0380019a        0x2 
 .text._Z10autonomousv
                0x0380019c        0x4 build/src/main.o
                0x0380019c                autonomous()
 .text._Z11usercontrolv
                0x038001a0      0x134 build/src/main.o
                0x038001a0                usercontrol()
 *fill*         0x038002d4        0x4 
 .text.main     0x038002d8      0x100 build/src/main.o
                0x038002d8                main
 .text._GLOBAL__sub_I_main.cpp
                0x038003d8       0x5c build/src/main.o
 .text._Z11vexcodeInitv
                0x03800434        0x4 build/src/robot-config.o
                0x03800434                vexcodeInit()
 .text._GLOBAL__sub_I_robot_config.cpp
                0x03800438       0x34 build/src/robot-config.o
 .text._ZNSt6vectorISt10shared_ptrIN3sds11displayableEESaIS3_EED2Ev
                0x0380046c       0x48 build/src/Shades/Screen.o
                0x0380046c                std::vector<std::shared_ptr<sds::displayable>, std::allocator<std::shared_ptr<sds::displayable> > >::~vector()
 .text._ZNSt13unordered_mapISsSt8functionIFvvEESt4hashISsESt8equal_toISsESaISt4pairIKSsS2_EEED2Ev
                0x038004b4        0x4 build/src/Shades/Screen.o
                0x038004b4                std::unordered_map<std::string, std::function<void ()>, std::hash<std::string>, std::equal_to<std::string>, std::allocator<std::pair<std::string const, std::function<void ()> > > >::~unordered_map()
 .text._ZNSt13unordered_mapISsdSt4hashISsESt8equal_toISsESaISt4pairIKSsdEEED2Ev
                0x038004b8        0x4 build/src/Shades/Screen.o
                0x038004b8                std::unordered_map<std::string, double, std::hash<std::string>, std::equal_to<std::string>, std::allocator<std::pair<std::string const, double> > >::~unordered_map()
 .text._ZNSt3mapISsPN8tinyxml210XMLElementESt4lessISsESaISt4pairIKSsS2_EEED2Ev
                0x038004bc       0x1c build/src/Shades/Screen.o
                0x038004bc                std::map<std::string, tinyxml2::XMLElement*, std::less<std::string>, std::allocator<std::pair<std::string const, tinyxml2::XMLElement*> > >::~map()
 .text._ZN3sds6Screen10initializeEv
                0x038004d8      0x2f4 build/src/Shades/Screen.o
                0x038004d8                sds::Screen::initialize()
 .text._ZNSt3mapISsPN8tinyxml210XMLElementESt4lessISsESaISt4pairIKSsS2_EEEixEOSs
                0x038007cc       0x8c build/src/Shades/Screen.o
                0x038007cc                std::map<std::string, tinyxml2::XMLElement*, std::less<std::string>, std::allocator<std::pair<std::string const, tinyxml2::XMLElement*> > >::operator[](std::string&&)
 .text._ZN3sds6Screen4loadESs
                0x03800858      0x3a4 build/src/Shades/Screen.o
                0x03800858                sds::Screen::load(std::string)
 .text._ZN3sds6Screen10initializeESs
                0x03800bfc      0x2f4 build/src/Shades/Screen.o
                0x03800bfc                sds::Screen::initialize(std::string)
 .text._ZN3sds6Screen9eventLoopEv
                0x03800ef0       0x6c build/src/Shades/Screen.o
                0x03800ef0                sds::Screen::eventLoop()
 .text._ZN3sds6Screen11handleClickEii
                0x03800f5c       0x6c build/src/Shades/Screen.o
                0x03800f5c                sds::Screen::handleClick(int, int)
 .text._ZN3sds6Screen11displayLoopEv
                0x03800fc8       0x54 build/src/Shades/Screen.o
                0x03800fc8                sds::Screen::displayLoop()
 .text._ZN3sds6Screen7displayEv
                0x0380101c       0x54 build/src/Shades/Screen.o
                0x0380101c                sds::Screen::display()
 .text._ZN3sds6Screen9getScreenESs
                0x03801070       0x84 build/src/Shades/Screen.o
                0x03801070                sds::Screen::getScreen(std::string)
 .text._ZN3sds6Screen15executeCallbackESs
                0x038010f4       0x54 build/src/Shades/Screen.o
                0x038010f4                sds::Screen::executeCallback(std::string)
 .text._ZN3sds6Screen14getElementByIdESs
                0x03801148      0x100 build/src/Shades/Screen.o
                0x03801148                sds::Screen::getElementById(std::string)
 .text._ZN3sds6Screen7getDataESs
                0x03801248       0x48 build/src/Shades/Screen.o
                0x03801248                sds::Screen::getData(std::string)
 .text._ZNSt10_HashtableISsSt4pairIKSsSt8functionIFvvEEESaIS5_ENSt8__detail10_Select1stESt8equal_toISsESt4hashISsENS7_18_Mod_range_hashingENS7_20_Default_ranged_hashENS7_20_Prime_rehash_policyENS7_17_Hashtable_traitsILb1ELb0ELb1EEEED2Ev
                0x03801290       0x30 build/src/Shades/Screen.o
                0x03801290                std::_Hashtable<std::string, std::pair<std::string const, std::function<void ()> >, std::allocator<std::pair<std::string const, std::function<void ()> > >, std::__detail::_Select1st, std::equal_to<std::string>, std::hash<std::string>, std::__detail::_Mod_range_hashing, std::__detail::_Default_ranged_hash, std::__detail::_Prime_rehash_policy, std::__detail::_Hashtable_traits<true, false, true> >::~_Hashtable()
 .text._ZNSt10_HashtableISsSt4pairIKSsSt8functionIFvvEEESaIS5_ENSt8__detail10_Select1stESt8equal_toISsESt4hashISsENS7_18_Mod_range_hashingENS7_20_Default_ranged_hashENS7_20_Prime_rehash_policyENS7_17_Hashtable_traitsILb1ELb0ELb1EEEE5clearEv
                0x038012c0       0x4c build/src/Shades/Screen.o
                0x038012c0                std::_Hashtable<std::string, std::pair<std::string const, std::function<void ()> >, std::allocator<std::pair<std::string const, std::function<void ()> > >, std::__detail::_Select1st, std::equal_to<std::string>, std::hash<std::string>, std::__detail::_Mod_range_hashing, std::__detail::_Default_ranged_hash, std::__detail::_Prime_rehash_policy, std::__detail::_Hashtable_traits<true, false, true> >::clear()
 .text._ZNSt8__detail16_Hashtable_allocISaINS_10_Hash_nodeISt4pairIKSsSt8functionIFvvEEELb1EEEEE18_M_deallocate_nodeEPS8_
                0x0380130c       0x40 build/src/Shades/Screen.o
                0x0380130c                std::__detail::_Hashtable_alloc<std::allocator<std::__detail::_Hash_node<std::pair<std::string const, std::function<void ()> >, true> > >::_M_deallocate_node(std::__detail::_Hash_node<std::pair<std::string const, std::function<void ()> >, true>*)
 .text._ZNSt10_HashtableISsSt4pairIKSsdESaIS2_ENSt8__detail10_Select1stESt8equal_toISsESt4hashISsENS4_18_Mod_range_hashingENS4_20_Default_ranged_hashENS4_20_Prime_rehash_policyENS4_17_Hashtable_traitsILb1ELb0ELb1EEEED2Ev
                0x0380134c       0x4c build/src/Shades/Screen.o
                0x0380134c                std::_Hashtable<std::string, std::pair<std::string const, double>, std::allocator<std::pair<std::string const, double> >, std::__detail::_Select1st, std::equal_to<std::string>, std::hash<std::string>, std::__detail::_Mod_range_hashing, std::__detail::_Default_ranged_hash, std::__detail::_Prime_rehash_policy, std::__detail::_Hashtable_traits<true, false, true> >::~_Hashtable()
 .text._ZNSt8__detail16_Hashtable_allocISaINS_10_Hash_nodeISt4pairIKSsdELb1EEEEE19_M_deallocate_nodesEPS5_
                0x03801398       0x38 build/src/Shades/Screen.o
                0x03801398                std::__detail::_Hashtable_alloc<std::allocator<std::__detail::_Hash_node<std::pair<std::string const, double>, true> > >::_M_deallocate_nodes(std::__detail::_Hash_node<std::pair<std::string const, double>, true>*)
 .text._ZNSt8_Rb_treeISsSt4pairIKSsPN8tinyxml210XMLElementEESt10_Select1stIS5_ESt4lessISsESaIS5_EE8_M_eraseEPSt13_Rb_tree_nodeIS5_E
                0x038013d0       0x48 build/src/Shades/Screen.o
                0x038013d0                std::_Rb_tree<std::string, std::pair<std::string const, tinyxml2::XMLElement*>, std::_Select1st<std::pair<std::string const, tinyxml2::XMLElement*> >, std::less<std::string>, std::allocator<std::pair<std::string const, tinyxml2::XMLElement*> > >::_M_erase(std::_Rb_tree_node<std::pair<std::string const, tinyxml2::XMLElement*> >*)
 .text._ZNSt14__shared_countILN9__gnu_cxx12_Lock_policyE0EED2Ev
                0x03801418       0x60 build/src/Shades/Screen.o
                0x03801418                std::__shared_count<(__gnu_cxx::_Lock_policy)0>::~__shared_count()
 .text._ZNSt10_HashtableISsSt4pairIKSsSt8functionIFvvEEESaIS5_ENSt8__detail10_Select1stESt8equal_toISsESt4hashISsENS7_18_Mod_range_hashingENS7_20_Default_ranged_hashENS7_20_Prime_rehash_policyENS7_17_Hashtable_traitsILb1ELb0ELb1EEEEC2EjRKSC_RKSD_RKSE_RKSA_RKS8_RKS6_
                0x03801478       0x78 build/src/Shades/Screen.o
                0x03801478                std::_Hashtable<std::string, std::pair<std::string const, std::function<void ()> >, std::allocator<std::pair<std::string const, std::function<void ()> > >, std::__detail::_Select1st, std::equal_to<std::string>, std::hash<std::string>, std::__detail::_Mod_range_hashing, std::__detail::_Default_ranged_hash, std::__detail::_Prime_rehash_policy, std::__detail::_Hashtable_traits<true, false, true> >::_Hashtable(unsigned int, std::hash<std::string> const&, std::__detail::_Mod_range_hashing const&, std::__detail::_Default_ranged_hash const&, std::equal_to<std::string> const&, std::__detail::_Select1st const&, std::allocator<std::pair<std::string const, std::function<void ()> > > const&)
 .text._ZNSt10_HashtableISsSt4pairIKSsdESaIS2_ENSt8__detail10_Select1stESt8equal_toISsESt4hashISsENS4_18_Mod_range_hashingENS4_20_Default_ranged_hashENS4_20_Prime_rehash_policyENS4_17_Hashtable_traitsILb1ELb0ELb1EEEEC2EjRKS9_RKSA_RKSB_RKS7_RKS5_RKS3_
                0x038014f0       0x78 build/src/Shades/Screen.o
                0x038014f0                std::_Hashtable<std::string, std::pair<std::string const, double>, std::allocator<std::pair<std::string const, double> >, std::__detail::_Select1st, std::equal_to<std::string>, std::hash<std::string>, std::__detail::_Mod_range_hashing, std::__detail::_Default_ranged_hash, std::__detail::_Prime_rehash_policy, std::__detail::_Hashtable_traits<true, false, true> >::_Hashtable(unsigned int, std::hash<std::string> const&, std::__detail::_Mod_range_hashing const&, std::__detail::_Default_ranged_hash const&, std::equal_to<std::string> const&, std::__detail::_Select1st const&, std::allocator<std::pair<std::string const, double> > const&)
 .text._ZNSt8_Rb_treeISsSt4pairIKSsPN8tinyxml210XMLElementEESt10_Select1stIS5_ESt4lessISsESaIS5_EE22_M_emplace_hint_uniqueIJRKSt21piecewise_construct_tSt5tupleIJOSsEESG_IJEEEEESt17_Rb_tree_iteratorIS5_ESt23_Rb_tree_const_iteratorIS5_EDpOT_
                0x03801568       0x9c build/src/Shades/Screen.o
                0x03801568                std::_Rb_tree_iterator<std::pair<std::string const, tinyxml2::XMLElement*> > std::_Rb_tree<std::string, std::pair<std::string const, tinyxml2::XMLElement*>, std::_Select1st<std::pair<std::string const, tinyxml2::XMLElement*> >, std::less<std::string>, std::allocator<std::pair<std::string const, tinyxml2::XMLElement*> > >::_M_emplace_hint_unique<std::piecewise_construct_t const&, std::tuple<std::string&&>, std::tuple<> >(std::_Rb_tree_const_iterator<std::pair<std::string const, tinyxml2::XMLElement*> >, std::piecewise_construct_t const&, std::tuple<std::string&&>&&, std::tuple<>&&)
 .text._ZNSt8_Rb_treeISsSt4pairIKSsPN8tinyxml210XMLElementEESt10_Select1stIS5_ESt4lessISsESaIS5_EE11lower_boundERS1_
                0x03801604       0x6c build/src/Shades/Screen.o
                0x03801604                std::_Rb_tree<std::string, std::pair<std::string const, tinyxml2::XMLElement*>, std::_Select1st<std::pair<std::string const, tinyxml2::XMLElement*> >, std::less<std::string>, std::allocator<std::pair<std::string const, tinyxml2::XMLElement*> > >::lower_bound(std::string const&)
 .text._ZNSt8_Rb_treeISsSt4pairIKSsPN8tinyxml210XMLElementEESt10_Select1stIS5_ESt4lessISsESaIS5_EE29_M_get_insert_hint_unique_posESt23_Rb_tree_const_iteratorIS5_ERS1_
                0x03801670      0x210 build/src/Shades/Screen.o
                0x03801670                std::_Rb_tree<std::string, std::pair<std::string const, tinyxml2::XMLElement*>, std::_Select1st<std::pair<std::string const, tinyxml2::XMLElement*> >, std::less<std::string>, std::allocator<std::pair<std::string const, tinyxml2::XMLElement*> > >::_M_get_insert_hint_unique_pos(std::_Rb_tree_const_iterator<std::pair<std::string const, tinyxml2::XMLElement*> >, std::string const&)
 .text._ZNSt8_Rb_treeISsSt4pairIKSsPN8tinyxml210XMLElementEESt10_Select1stIS5_ESt4lessISsESaIS5_EE14_M_insert_nodeEPSt18_Rb_tree_node_baseSD_PSt13_Rb_tree_nodeIS5_E
                0x03801880       0x7c build/src/Shades/Screen.o
                0x03801880                std::_Rb_tree<std::string, std::pair<std::string const, tinyxml2::XMLElement*>, std::_Select1st<std::pair<std::string const, tinyxml2::XMLElement*> >, std::less<std::string>, std::allocator<std::pair<std::string const, tinyxml2::XMLElement*> > >::_M_insert_node(std::_Rb_tree_node_base*, std::_Rb_tree_node_base*, std::_Rb_tree_node<std::pair<std::string const, tinyxml2::XMLElement*> >*)
 .text._ZNSt8_Rb_treeISsSt4pairIKSsPN8tinyxml210XMLElementEESt10_Select1stIS5_ESt4lessISsESaIS5_EE24_M_get_insert_unique_posERS1_
                0x038018fc       0xe8 build/src/Shades/Screen.o
                0x038018fc                std::_Rb_tree<std::string, std::pair<std::string const, tinyxml2::XMLElement*>, std::_Select1st<std::pair<std::string const, tinyxml2::XMLElement*> >, std::less<std::string>, std::allocator<std::pair<std::string const, tinyxml2::XMLElement*> > >::_M_get_insert_unique_pos(std::string const&)
 .text._ZNSt8__detail9_Map_baseISsSt4pairIKSsSt8functionIFvvEEESaIS6_ENS_10_Select1stESt8equal_toISsESt4hashISsENS_18_Mod_range_hashingENS_20_Default_ranged_hashENS_20_Prime_rehash_policyENS_17_Hashtable_traitsILb1ELb0ELb1EEELb1EEixERS2_
                0x038019e4       0x90 build/src/Shades/Screen.o
                0x038019e4                std::__detail::_Map_base<std::string, std::pair<std::string const, std::function<void ()> >, std::allocator<std::pair<std::string const, std::function<void ()> > >, std::__detail::_Select1st, std::equal_to<std::string>, std::hash<std::string>, std::__detail::_Mod_range_hashing, std::__detail::_Default_ranged_hash, std::__detail::_Prime_rehash_policy, std::__detail::_Hashtable_traits<true, false, true>, true>::operator[](std::string const&)
 .text._ZNSt10_HashtableISsSt4pairIKSsSt8functionIFvvEEESaIS5_ENSt8__detail10_Select1stESt8equal_toISsESt4hashISsENS7_18_Mod_range_hashingENS7_20_Default_ranged_hashENS7_20_Prime_rehash_policyENS7_17_Hashtable_traitsILb1ELb0ELb1EEEE21_M_insert_unique_nodeEjjPNS7_10_Hash_nodeIS5_Lb1EEE
                0x03801a74       0x8c build/src/Shades/Screen.o
                0x03801a74                std::_Hashtable<std::string, std::pair<std::string const, std::function<void ()> >, std::allocator<std::pair<std::string const, std::function<void ()> > >, std::__detail::_Select1st, std::equal_to<std::string>, std::hash<std::string>, std::__detail::_Mod_range_hashing, std::__detail::_Default_ranged_hash, std::__detail::_Prime_rehash_policy, std::__detail::_Hashtable_traits<true, false, true> >::_M_insert_unique_node(unsigned int, unsigned int, std::__detail::_Hash_node<std::pair<std::string const, std::function<void ()> >, true>*)
 .text._ZNKSt10_HashtableISsSt4pairIKSsSt8functionIFvvEEESaIS5_ENSt8__detail10_Select1stESt8equal_toISsESt4hashISsENS7_18_Mod_range_hashingENS7_20_Default_ranged_hashENS7_20_Prime_rehash_policyENS7_17_Hashtable_traitsILb1ELb0ELb1EEEE19_M_find_before_nodeEjRS1_j
                0x03801b00       0xa4 build/src/Shades/Screen.o
                0x03801b00                std::_Hashtable<std::string, std::pair<std::string const, std::function<void ()> >, std::allocator<std::pair<std::string const, std::function<void ()> > >, std::__detail::_Select1st, std::equal_to<std::string>, std::hash<std::string>, std::__detail::_Mod_range_hashing, std::__detail::_Default_ranged_hash, std::__detail::_Prime_rehash_policy, std::__detail::_Hashtable_traits<true, false, true> >::_M_find_before_node(unsigned int, std::string const&, unsigned int) const
 .text._ZNSt10_HashtableISsSt4pairIKSsSt8functionIFvvEEESaIS5_ENSt8__detail10_Select1stESt8equal_toISsESt4hashISsENS7_18_Mod_range_hashingENS7_20_Default_ranged_hashENS7_20_Prime_rehash_policyENS7_17_Hashtable_traitsILb1ELb0ELb1EEEE22_M_insert_bucket_beginEjPNS7_10_Hash_nodeIS5_Lb1EEE
                0x03801ba4       0x70 build/src/Shades/Screen.o
                0x03801ba4                std::_Hashtable<std::string, std::pair<std::string const, std::function<void ()> >, std::allocator<std::pair<std::string const, std::function<void ()> > >, std::__detail::_Select1st, std::equal_to<std::string>, std::hash<std::string>, std::__detail::_Mod_range_hashing, std::__detail::_Default_ranged_hash, std::__detail::_Prime_rehash_policy, std::__detail::_Hashtable_traits<true, false, true> >::_M_insert_bucket_begin(unsigned int, std::__detail::_Hash_node<std::pair<std::string const, std::function<void ()> >, true>*)
 .text._ZNSt10_HashtableISsSt4pairIKSsSt8functionIFvvEEESaIS5_ENSt8__detail10_Select1stESt8equal_toISsESt4hashISsENS7_18_Mod_range_hashingENS7_20_Default_ranged_hashENS7_20_Prime_rehash_policyENS7_17_Hashtable_traitsILb1ELb0ELb1EEEE13_M_rehash_auxEjSt17integral_constantIbLb1EE
                0x03801c14       0xe0 build/src/Shades/Screen.o
                0x03801c14                std::_Hashtable<std::string, std::pair<std::string const, std::function<void ()> >, std::allocator<std::pair<std::string const, std::function<void ()> > >, std::__detail::_Select1st, std::equal_to<std::string>, std::hash<std::string>, std::__detail::_Mod_range_hashing, std::__detail::_Default_ranged_hash, std::__detail::_Prime_rehash_policy, std::__detail::_Hashtable_traits<true, false, true> >::_M_rehash_aux(unsigned int, std::integral_constant<bool, true>)
 .text._ZNSt17_Function_handlerIFvvEZN3sds6Screen10initializeEvE3$_0E9_M_invokeERKSt9_Any_data
                0x03801cf4       0x5c build/src/Shades/Screen.o
 .text._ZNSt14_Function_base13_Base_managerIZN3sds6Screen10initializeEvE3$_0E10_M_managerERSt9_Any_dataRKS5_St18_Manager_operation
                0x03801d50       0x64 build/src/Shades/Screen.o
 .text._ZNSt17_Function_handlerIFvvEZN3sds6Screen10initializeESsE3$_1E9_M_invokeERKSt9_Any_data
                0x03801db4       0x5c build/src/Shades/Screen.o
 .text._ZNSt14_Function_base13_Base_managerIZN3sds6Screen10initializeESsE3$_1E10_M_managerERSt9_Any_dataRKS5_St18_Manager_operation
                0x03801e10       0x64 build/src/Shades/Screen.o
 .text._ZNSt12__shared_ptrIN3sds3BoxELN9__gnu_cxx12_Lock_policyE0EEC2ISaIS1_EJRPN8tinyxml210XMLElementEEEESt19_Sp_make_shared_tagRKT_DpOT0_
                0x03801e74       0x80 build/src/Shades/Screen.o
                0x03801e74                std::__shared_ptr<sds::Box, (__gnu_cxx::_Lock_policy)0>::__shared_ptr<std::allocator<sds::Box>, tinyxml2::XMLElement*&>(std::_Sp_make_shared_tag, std::allocator<sds::Box> const&, tinyxml2::XMLElement*&)
 .text._ZN3sds3BoxC2EPN8tinyxml210XMLElementE
                0x03801ef4      0x2ac build/src/Shades/Screen.o
                0x03801ef4                sds::Box::Box(tinyxml2::XMLElement*)
 .text._ZN3sds3Box7displayEv
                0x038021a0       0x34 build/src/Shades/Screen.o
                0x038021a0                sds::Box::display()
 .text._ZN3sds3Box11checkBoundsEii
                0x038021d4       0x4c build/src/Shades/Screen.o
                0x038021d4                sds::Box::checkBounds(int, int)
 .text._ZNSt19_Sp_counted_deleterIPN3sds3BoxENSt12__shared_ptrIS1_LN9__gnu_cxx12_Lock_policyE0EE8_DeleterISaIS1_EEES8_LS5_0EED2Ev
                0x03802220        0x4 build/src/Shades/Screen.o
                0x03802220                std::_Sp_counted_deleter<sds::Box*, std::__shared_ptr<sds::Box, (__gnu_cxx::_Lock_policy)0>::_Deleter<std::allocator<sds::Box> >, std::allocator<sds::Box>, (__gnu_cxx::_Lock_policy)0>::~_Sp_counted_deleter()
 .text._ZNSt19_Sp_counted_deleterIPN3sds3BoxENSt12__shared_ptrIS1_LN9__gnu_cxx12_Lock_policyE0EE8_DeleterISaIS1_EEES8_LS5_0EED0Ev
                0x03802224        0x4 build/src/Shades/Screen.o
                0x03802224                std::_Sp_counted_deleter<sds::Box*, std::__shared_ptr<sds::Box, (__gnu_cxx::_Lock_policy)0>::_Deleter<std::allocator<sds::Box> >, std::allocator<sds::Box>, (__gnu_cxx::_Lock_policy)0>::~_Sp_counted_deleter()
 .text._ZNSt19_Sp_counted_deleterIPN3sds3BoxENSt12__shared_ptrIS1_LN9__gnu_cxx12_Lock_policyE0EE8_DeleterISaIS1_EEES8_LS5_0EE10_M_disposeEv
                0x03802228       0x3c build/src/Shades/Screen.o
                0x03802228                std::_Sp_counted_deleter<sds::Box*, std::__shared_ptr<sds::Box, (__gnu_cxx::_Lock_policy)0>::_Deleter<std::allocator<sds::Box> >, std::allocator<sds::Box>, (__gnu_cxx::_Lock_policy)0>::_M_dispose()
 .text._ZNSt19_Sp_counted_deleterIPN3sds3BoxENSt12__shared_ptrIS1_LN9__gnu_cxx12_Lock_policyE0EE8_DeleterISaIS1_EEES8_LS5_0EE10_M_destroyEv
                0x03802264        0x4 build/src/Shades/Screen.o
                0x03802264                std::_Sp_counted_deleter<sds::Box*, std::__shared_ptr<sds::Box, (__gnu_cxx::_Lock_policy)0>::_Deleter<std::allocator<sds::Box> >, std::allocator<sds::Box>, (__gnu_cxx::_Lock_policy)0>::_M_destroy()
 .text._ZNSt19_Sp_counted_deleterIPN3sds3BoxENSt12__shared_ptrIS1_LN9__gnu_cxx12_Lock_policyE0EE8_DeleterISaIS1_EEES8_LS5_0EE14_M_get_deleterERKSt9type_info
                0x03802268        0x8 build/src/Shades/Screen.o
                0x03802268                std::_Sp_counted_deleter<sds::Box*, std::__shared_ptr<sds::Box, (__gnu_cxx::_Lock_policy)0>::_Deleter<std::allocator<sds::Box> >, std::allocator<sds::Box>, (__gnu_cxx::_Lock_policy)0>::_M_get_deleter(std::type_info const&)
 .text._ZNSt6vectorISt10shared_ptrIN3sds11displayableEESaIS3_EE12emplace_backIJS3_EEEvDpOT_
                0x03802270       0x38 build/src/Shades/Screen.o
                0x03802270                void std::vector<std::shared_ptr<sds::displayable>, std::allocator<std::shared_ptr<sds::displayable> > >::emplace_back<std::shared_ptr<sds::displayable> >(std::shared_ptr<sds::displayable>&&)
 .text._ZNSt6vectorISt10shared_ptrIN3sds11displayableEESaIS3_EE19_M_emplace_back_auxIJS3_EEEvDpOT_
                0x038022a8       0xd8 build/src/Shades/Screen.o
                0x038022a8                void std::vector<std::shared_ptr<sds::displayable>, std::allocator<std::shared_ptr<sds::displayable> > >::_M_emplace_back_aux<std::shared_ptr<sds::displayable> >(std::shared_ptr<sds::displayable>&&)
 .text._ZNKSt6vectorISt10shared_ptrIN3sds11displayableEESaIS3_EE12_M_check_lenEjPKc
                0x03802380       0x54 build/src/Shades/Screen.o
                0x03802380                std::vector<std::shared_ptr<sds::displayable>, std::allocator<std::shared_ptr<sds::displayable> > >::_M_check_len(unsigned int, char const*) const
 .text._ZNSt12_Vector_baseISt10shared_ptrIN3sds11displayableEESaIS3_EE11_M_allocateEj
                0x038023d4       0x30 build/src/Shades/Screen.o
                0x038023d4                std::_Vector_base<std::shared_ptr<sds::displayable>, std::allocator<std::shared_ptr<sds::displayable> > >::_M_allocate(unsigned int)
 .text._ZNSt12__shared_ptrIN3sds6CircleELN9__gnu_cxx12_Lock_policyE0EEC2ISaIS1_EJRPN8tinyxml210XMLElementEEEESt19_Sp_make_shared_tagRKT_DpOT0_
                0x03802404       0x80 build/src/Shades/Screen.o
                0x03802404                std::__shared_ptr<sds::Circle, (__gnu_cxx::_Lock_policy)0>::__shared_ptr<std::allocator<sds::Circle>, tinyxml2::XMLElement*&>(std::_Sp_make_shared_tag, std::allocator<sds::Circle> const&, tinyxml2::XMLElement*&)
 .text._ZN3sds6CircleC2EPN8tinyxml210XMLElementE
                0x03802484      0x260 build/src/Shades/Screen.o
                0x03802484                sds::Circle::Circle(tinyxml2::XMLElement*)
 .text._ZN3sds6Circle7displayEv
                0x038026e4       0x30 build/src/Shades/Screen.o
                0x038026e4                sds::Circle::display()
 .text._ZN3sds6Circle11checkBoundsEii
                0x03802714       0x6c build/src/Shades/Screen.o
                0x03802714                sds::Circle::checkBounds(int, int)
 .text._ZNSt19_Sp_counted_deleterIPN3sds6CircleENSt12__shared_ptrIS1_LN9__gnu_cxx12_Lock_policyE0EE8_DeleterISaIS1_EEES8_LS5_0EED2Ev
                0x03802780        0x4 build/src/Shades/Screen.o
                0x03802780                std::_Sp_counted_deleter<sds::Circle*, std::__shared_ptr<sds::Circle, (__gnu_cxx::_Lock_policy)0>::_Deleter<std::allocator<sds::Circle> >, std::allocator<sds::Circle>, (__gnu_cxx::_Lock_policy)0>::~_Sp_counted_deleter()
 .text._ZNSt19_Sp_counted_deleterIPN3sds6CircleENSt12__shared_ptrIS1_LN9__gnu_cxx12_Lock_policyE0EE8_DeleterISaIS1_EEES8_LS5_0EED0Ev
                0x03802784        0x4 build/src/Shades/Screen.o
                0x03802784                std::_Sp_counted_deleter<sds::Circle*, std::__shared_ptr<sds::Circle, (__gnu_cxx::_Lock_policy)0>::_Deleter<std::allocator<sds::Circle> >, std::allocator<sds::Circle>, (__gnu_cxx::_Lock_policy)0>::~_Sp_counted_deleter()
 .text._ZNSt19_Sp_counted_deleterIPN3sds6CircleENSt12__shared_ptrIS1_LN9__gnu_cxx12_Lock_policyE0EE8_DeleterISaIS1_EEES8_LS5_0EE10_M_disposeEv
                0x03802788       0x3c build/src/Shades/Screen.o
                0x03802788                std::_Sp_counted_deleter<sds::Circle*, std::__shared_ptr<sds::Circle, (__gnu_cxx::_Lock_policy)0>::_Deleter<std::allocator<sds::Circle> >, std::allocator<sds::Circle>, (__gnu_cxx::_Lock_policy)0>::_M_dispose()
 .text._ZNSt19_Sp_counted_deleterIPN3sds6CircleENSt12__shared_ptrIS1_LN9__gnu_cxx12_Lock_policyE0EE8_DeleterISaIS1_EEES8_LS5_0EE10_M_destroyEv
                0x038027c4        0x4 build/src/Shades/Screen.o
                0x038027c4                std::_Sp_counted_deleter<sds::Circle*, std::__shared_ptr<sds::Circle, (__gnu_cxx::_Lock_policy)0>::_Deleter<std::allocator<sds::Circle> >, std::allocator<sds::Circle>, (__gnu_cxx::_Lock_policy)0>::_M_destroy()
 .text._ZNSt19_Sp_counted_deleterIPN3sds6CircleENSt12__shared_ptrIS1_LN9__gnu_cxx12_Lock_policyE0EE8_DeleterISaIS1_EEES8_LS5_0EE14_M_get_deleterERKSt9type_info
                0x038027c8        0x8 build/src/Shades/Screen.o
                0x038027c8                std::_Sp_counted_deleter<sds::Circle*, std::__shared_ptr<sds::Circle, (__gnu_cxx::_Lock_policy)0>::_Deleter<std::allocator<sds::Circle> >, std::allocator<sds::Circle>, (__gnu_cxx::_Lock_policy)0>::_M_get_deleter(std::type_info const&)
 .text._ZNSt12__shared_ptrIN3sds4TextELN9__gnu_cxx12_Lock_policyE0EEC2ISaIS1_EJRPN8tinyxml210XMLElementEEEESt19_Sp_make_shared_tagRKT_DpOT0_
                0x038027d0       0x80 build/src/Shades/Screen.o
                0x038027d0                std::__shared_ptr<sds::Text, (__gnu_cxx::_Lock_policy)0>::__shared_ptr<std::allocator<sds::Text>, tinyxml2::XMLElement*&>(std::_Sp_make_shared_tag, std::allocator<sds::Text> const&, tinyxml2::XMLElement*&)
 .text._ZN3sds4TextC2EPN8tinyxml210XMLElementE
                0x03802850      0x284 build/src/Shades/Screen.o
                0x03802850                sds::Text::Text(tinyxml2::XMLElement*)
 .text._ZN3sds4Text7displayEv
                0x03802ad4       0x1c build/src/Shades/Screen.o
                0x03802ad4                sds::Text::display()
 .text._ZN3sds4Text11checkBoundsEii
                0x03802af0        0x8 build/src/Shades/Screen.o
                0x03802af0                sds::Text::checkBounds(int, int)
 .text._ZNSt19_Sp_counted_deleterIPN3sds4TextENSt12__shared_ptrIS1_LN9__gnu_cxx12_Lock_policyE0EE8_DeleterISaIS1_EEES8_LS5_0EED2Ev
                0x03802af8        0x4 build/src/Shades/Screen.o
                0x03802af8                std::_Sp_counted_deleter<sds::Text*, std::__shared_ptr<sds::Text, (__gnu_cxx::_Lock_policy)0>::_Deleter<std::allocator<sds::Text> >, std::allocator<sds::Text>, (__gnu_cxx::_Lock_policy)0>::~_Sp_counted_deleter()
 .text._ZNSt19_Sp_counted_deleterIPN3sds4TextENSt12__shared_ptrIS1_LN9__gnu_cxx12_Lock_policyE0EE8_DeleterISaIS1_EEES8_LS5_0EED0Ev
                0x03802afc        0x4 build/src/Shades/Screen.o
                0x03802afc                std::_Sp_counted_deleter<sds::Text*, std::__shared_ptr<sds::Text, (__gnu_cxx::_Lock_policy)0>::_Deleter<std::allocator<sds::Text> >, std::allocator<sds::Text>, (__gnu_cxx::_Lock_policy)0>::~_Sp_counted_deleter()
 .text._ZNSt19_Sp_counted_deleterIPN3sds4TextENSt12__shared_ptrIS1_LN9__gnu_cxx12_Lock_policyE0EE8_DeleterISaIS1_EEES8_LS5_0EE10_M_disposeEv
                0x03802b00       0x24 build/src/Shades/Screen.o
                0x03802b00                std::_Sp_counted_deleter<sds::Text*, std::__shared_ptr<sds::Text, (__gnu_cxx::_Lock_policy)0>::_Deleter<std::allocator<sds::Text> >, std::allocator<sds::Text>, (__gnu_cxx::_Lock_policy)0>::_M_dispose()
 .text._ZNSt19_Sp_counted_deleterIPN3sds4TextENSt12__shared_ptrIS1_LN9__gnu_cxx12_Lock_policyE0EE8_DeleterISaIS1_EEES8_LS5_0EE10_M_destroyEv
                0x03802b24        0x4 build/src/Shades/Screen.o
                0x03802b24                std::_Sp_counted_deleter<sds::Text*, std::__shared_ptr<sds::Text, (__gnu_cxx::_Lock_policy)0>::_Deleter<std::allocator<sds::Text> >, std::allocator<sds::Text>, (__gnu_cxx::_Lock_policy)0>::_M_destroy()
 .text._ZNSt19_Sp_counted_deleterIPN3sds4TextENSt12__shared_ptrIS1_LN9__gnu_cxx12_Lock_policyE0EE8_DeleterISaIS1_EEES8_LS5_0EE14_M_get_deleterERKSt9type_info
                0x03802b28        0x8 build/src/Shades/Screen.o
                0x03802b28                std::_Sp_counted_deleter<sds::Text*, std::__shared_ptr<sds::Text, (__gnu_cxx::_Lock_policy)0>::_Deleter<std::allocator<sds::Text> >, std::allocator<sds::Text>, (__gnu_cxx::_Lock_policy)0>::_M_get_deleter(std::type_info const&)
 .text._ZN9__gnu_cxx13new_allocatorIN3sds4TextEE7destroyIS2_EEvPT_
                0x03802b30       0x4c build/src/Shades/Screen.o
                0x03802b30                void __gnu_cxx::new_allocator<sds::Text>::destroy<sds::Text>(sds::Text*)
 .text._ZNSt12__shared_ptrIN3sds5ImageELN9__gnu_cxx12_Lock_policyE0EEC2ISaIS1_EJRPN8tinyxml210XMLElementEEEESt19_Sp_make_shared_tagRKT_DpOT0_
                0x03802b7c       0x80 build/src/Shades/Screen.o
                0x03802b7c                std::__shared_ptr<sds::Image, (__gnu_cxx::_Lock_policy)0>::__shared_ptr<std::allocator<sds::Image>, tinyxml2::XMLElement*&>(std::_Sp_make_shared_tag, std::allocator<sds::Image> const&, tinyxml2::XMLElement*&)
 .text._ZN3sds5ImageC2EPN8tinyxml210XMLElementE
                0x03802bfc      0x230 build/src/Shades/Screen.o
                0x03802bfc                sds::Image::Image(tinyxml2::XMLElement*)
 .text._ZN3sds5Image7displayEv
                0x03802e2c       0x18 build/src/Shades/Screen.o
                0x03802e2c                sds::Image::display()
 .text._ZN3sds5Image11checkBoundsEii
                0x03802e44        0x8 build/src/Shades/Screen.o
                0x03802e44                sds::Image::checkBounds(int, int)
 .text._ZNSt19_Sp_counted_deleterIPN3sds5ImageENSt12__shared_ptrIS1_LN9__gnu_cxx12_Lock_policyE0EE8_DeleterISaIS1_EEES8_LS5_0EED2Ev
                0x03802e4c        0x4 build/src/Shades/Screen.o
                0x03802e4c                std::_Sp_counted_deleter<sds::Image*, std::__shared_ptr<sds::Image, (__gnu_cxx::_Lock_policy)0>::_Deleter<std::allocator<sds::Image> >, std::allocator<sds::Image>, (__gnu_cxx::_Lock_policy)0>::~_Sp_counted_deleter()
 .text._ZNSt19_Sp_counted_deleterIPN3sds5ImageENSt12__shared_ptrIS1_LN9__gnu_cxx12_Lock_policyE0EE8_DeleterISaIS1_EEES8_LS5_0EED0Ev
                0x03802e50        0x4 build/src/Shades/Screen.o
                0x03802e50                std::_Sp_counted_deleter<sds::Image*, std::__shared_ptr<sds::Image, (__gnu_cxx::_Lock_policy)0>::_Deleter<std::allocator<sds::Image> >, std::allocator<sds::Image>, (__gnu_cxx::_Lock_policy)0>::~_Sp_counted_deleter()
 .text._ZNSt19_Sp_counted_deleterIPN3sds5ImageENSt12__shared_ptrIS1_LN9__gnu_cxx12_Lock_policyE0EE8_DeleterISaIS1_EEES8_LS5_0EE10_M_disposeEv
                0x03802e54       0x24 build/src/Shades/Screen.o
                0x03802e54                std::_Sp_counted_deleter<sds::Image*, std::__shared_ptr<sds::Image, (__gnu_cxx::_Lock_policy)0>::_Deleter<std::allocator<sds::Image> >, std::allocator<sds::Image>, (__gnu_cxx::_Lock_policy)0>::_M_dispose()
 .text._ZNSt19_Sp_counted_deleterIPN3sds5ImageENSt12__shared_ptrIS1_LN9__gnu_cxx12_Lock_policyE0EE8_DeleterISaIS1_EEES8_LS5_0EE10_M_destroyEv
                0x03802e78        0x4 build/src/Shades/Screen.o
                0x03802e78                std::_Sp_counted_deleter<sds::Image*, std::__shared_ptr<sds::Image, (__gnu_cxx::_Lock_policy)0>::_Deleter<std::allocator<sds::Image> >, std::allocator<sds::Image>, (__gnu_cxx::_Lock_policy)0>::_M_destroy()
 .text._ZNSt19_Sp_counted_deleterIPN3sds5ImageENSt12__shared_ptrIS1_LN9__gnu_cxx12_Lock_policyE0EE8_DeleterISaIS1_EEES8_LS5_0EE14_M_get_deleterERKSt9type_info
                0x03802e7c        0x8 build/src/Shades/Screen.o
                0x03802e7c                std::_Sp_counted_deleter<sds::Image*, std::__shared_ptr<sds::Image, (__gnu_cxx::_Lock_policy)0>::_Deleter<std::allocator<sds::Image> >, std::allocator<sds::Image>, (__gnu_cxx::_Lock_policy)0>::_M_get_deleter(std::type_info const&)
 .text._ZN9__gnu_cxx13new_allocatorIN3sds5ImageEE7destroyIS2_EEvPT_
                0x03802e84       0x4c build/src/Shades/Screen.o
                0x03802e84                void __gnu_cxx::new_allocator<sds::Image>::destroy<sds::Image>(sds::Image*)
 .text._ZNSt12__shared_ptrIN3sds9SmartTextELN9__gnu_cxx12_Lock_policyE0EEC2ISaIS1_EJRPN8tinyxml210XMLElementEEEESt19_Sp_make_shared_tagRKT_DpOT0_
                0x03802ed0       0x80 build/src/Shades/Screen.o
                0x03802ed0                std::__shared_ptr<sds::SmartText, (__gnu_cxx::_Lock_policy)0>::__shared_ptr<std::allocator<sds::SmartText>, tinyxml2::XMLElement*&>(std::_Sp_make_shared_tag, std::allocator<sds::SmartText> const&, tinyxml2::XMLElement*&)
 .text._ZN3sds9SmartTextC2EPN8tinyxml210XMLElementE
                0x03802f50      0x330 build/src/Shades/Screen.o
                0x03802f50                sds::SmartText::SmartText(tinyxml2::XMLElement*)
 .text._ZN3sds9SmartText7displayEv
                0x03803280      0x40c build/src/Shades/Screen.o
                0x03803280                sds::SmartText::display()
 .text._ZN3sds9SmartText11checkBoundsEii
                0x0380368c        0x8 build/src/Shades/Screen.o
                0x0380368c                sds::SmartText::checkBounds(int, int)
 .text._ZN3sds9SmartText7setTextIJddddddddddEEEvRKSsDpT_
                0x03803694      0x184 build/src/Shades/Screen.o
                0x03803694                void sds::SmartText::setText<double, double, double, double, double, double, double, double, double, double>(std::string const&, double, double, double, double, double, double, double, double, double, double)
 .text._ZNSt19_Sp_counted_deleterIPN3sds9SmartTextENSt12__shared_ptrIS1_LN9__gnu_cxx12_Lock_policyE0EE8_DeleterISaIS1_EEES8_LS5_0EED2Ev
                0x03803818        0x4 build/src/Shades/Screen.o
                0x03803818                std::_Sp_counted_deleter<sds::SmartText*, std::__shared_ptr<sds::SmartText, (__gnu_cxx::_Lock_policy)0>::_Deleter<std::allocator<sds::SmartText> >, std::allocator<sds::SmartText>, (__gnu_cxx::_Lock_policy)0>::~_Sp_counted_deleter()
 .text._ZNSt19_Sp_counted_deleterIPN3sds9SmartTextENSt12__shared_ptrIS1_LN9__gnu_cxx12_Lock_policyE0EE8_DeleterISaIS1_EEES8_LS5_0EED0Ev
                0x0380381c        0x4 build/src/Shades/Screen.o
                0x0380381c                std::_Sp_counted_deleter<sds::SmartText*, std::__shared_ptr<sds::SmartText, (__gnu_cxx::_Lock_policy)0>::_Deleter<std::allocator<sds::SmartText> >, std::allocator<sds::SmartText>, (__gnu_cxx::_Lock_policy)0>::~_Sp_counted_deleter()
 .text._ZNSt19_Sp_counted_deleterIPN3sds9SmartTextENSt12__shared_ptrIS1_LN9__gnu_cxx12_Lock_policyE0EE8_DeleterISaIS1_EEES8_LS5_0EE10_M_disposeEv
                0x03803820       0x74 build/src/Shades/Screen.o
                0x03803820                std::_Sp_counted_deleter<sds::SmartText*, std::__shared_ptr<sds::SmartText, (__gnu_cxx::_Lock_policy)0>::_Deleter<std::allocator<sds::SmartText> >, std::allocator<sds::SmartText>, (__gnu_cxx::_Lock_policy)0>::_M_dispose()
 .text._ZNSt19_Sp_counted_deleterIPN3sds9SmartTextENSt12__shared_ptrIS1_LN9__gnu_cxx12_Lock_policyE0EE8_DeleterISaIS1_EEES8_LS5_0EE10_M_destroyEv
                0x03803894        0x4 build/src/Shades/Screen.o
                0x03803894                std::_Sp_counted_deleter<sds::SmartText*, std::__shared_ptr<sds::SmartText, (__gnu_cxx::_Lock_policy)0>::_Deleter<std::allocator<sds::SmartText> >, std::allocator<sds::SmartText>, (__gnu_cxx::_Lock_policy)0>::_M_destroy()
 .text._ZNSt19_Sp_counted_deleterIPN3sds9SmartTextENSt12__shared_ptrIS1_LN9__gnu_cxx12_Lock_policyE0EE8_DeleterISaIS1_EEES8_LS5_0EE14_M_get_deleterERKSt9type_info
                0x03803898        0x8 build/src/Shades/Screen.o
                0x03803898                std::_Sp_counted_deleter<sds::SmartText*, std::__shared_ptr<sds::SmartText, (__gnu_cxx::_Lock_policy)0>::_Deleter<std::allocator<sds::SmartText> >, std::allocator<sds::SmartText>, (__gnu_cxx::_Lock_policy)0>::_M_get_deleter(std::type_info const&)
 .text._ZNSt10_HashtableISsSt4pairIKSsSt8functionIFvvEEESaIS5_ENSt8__detail10_Select1stESt8equal_toISsESt4hashISsENS7_18_Mod_range_hashingENS7_20_Default_ranged_hashENS7_20_Prime_rehash_policyENS7_17_Hashtable_traitsILb1ELb0ELb1EEEE4findERS1_
                0x038038a0       0x50 build/src/Shades/Screen.o
                0x038038a0                std::_Hashtable<std::string, std::pair<std::string const, std::function<void ()> >, std::allocator<std::pair<std::string const, std::function<void ()> > >, std::__detail::_Select1st, std::equal_to<std::string>, std::hash<std::string>, std::__detail::_Mod_range_hashing, std::__detail::_Default_ranged_hash, std::__detail::_Prime_rehash_policy, std::__detail::_Hashtable_traits<true, false, true> >::find(std::string const&)
 .text._ZNSt8__detail9_Map_baseISsSt4pairIKSsdESaIS3_ENS_10_Select1stESt8equal_toISsESt4hashISsENS_18_Mod_range_hashingENS_20_Default_ranged_hashENS_20_Prime_rehash_policyENS_17_Hashtable_traitsILb1ELb0ELb1EEELb1EEixERS2_
                0x038038f0       0x98 build/src/Shades/Screen.o
                0x038038f0                std::__detail::_Map_base<std::string, std::pair<std::string const, double>, std::allocator<std::pair<std::string const, double> >, std::__detail::_Select1st, std::equal_to<std::string>, std::hash<std::string>, std::__detail::_Mod_range_hashing, std::__detail::_Default_ranged_hash, std::__detail::_Prime_rehash_policy, std::__detail::_Hashtable_traits<true, false, true>, true>::operator[](std::string const&)
 .text._ZNSt10_HashtableISsSt4pairIKSsdESaIS2_ENSt8__detail10_Select1stESt8equal_toISsESt4hashISsENS4_18_Mod_range_hashingENS4_20_Default_ranged_hashENS4_20_Prime_rehash_policyENS4_17_Hashtable_traitsILb1ELb0ELb1EEEE21_M_insert_unique_nodeEjjPNS4_10_Hash_nodeIS2_Lb1EEE
                0x03803988       0x8c build/src/Shades/Screen.o
                0x03803988                std::_Hashtable<std::string, std::pair<std::string const, double>, std::allocator<std::pair<std::string const, double> >, std::__detail::_Select1st, std::equal_to<std::string>, std::hash<std::string>, std::__detail::_Mod_range_hashing, std::__detail::_Default_ranged_hash, std::__detail::_Prime_rehash_policy, std::__detail::_Hashtable_traits<true, false, true> >::_M_insert_unique_node(unsigned int, unsigned int, std::__detail::_Hash_node<std::pair<std::string const, double>, true>*)
 .text._ZNKSt10_HashtableISsSt4pairIKSsdESaIS2_ENSt8__detail10_Select1stESt8equal_toISsESt4hashISsENS4_18_Mod_range_hashingENS4_20_Default_ranged_hashENS4_20_Prime_rehash_policyENS4_17_Hashtable_traitsILb1ELb0ELb1EEEE19_M_find_before_nodeEjRS1_j
                0x03803a14       0xa4 build/src/Shades/Screen.o
                0x03803a14                std::_Hashtable<std::string, std::pair<std::string const, double>, std::allocator<std::pair<std::string const, double> >, std::__detail::_Select1st, std::equal_to<std::string>, std::hash<std::string>, std::__detail::_Mod_range_hashing, std::__detail::_Default_ranged_hash, std::__detail::_Prime_rehash_policy, std::__detail::_Hashtable_traits<true, false, true> >::_M_find_before_node(unsigned int, std::string const&, unsigned int) const
 .text._ZNSt10_HashtableISsSt4pairIKSsdESaIS2_ENSt8__detail10_Select1stESt8equal_toISsESt4hashISsENS4_18_Mod_range_hashingENS4_20_Default_ranged_hashENS4_20_Prime_rehash_policyENS4_17_Hashtable_traitsILb1ELb0ELb1EEEE22_M_insert_bucket_beginEjPNS4_10_Hash_nodeIS2_Lb1EEE
                0x03803ab8       0x70 build/src/Shades/Screen.o
                0x03803ab8                std::_Hashtable<std::string, std::pair<std::string const, double>, std::allocator<std::pair<std::string const, double> >, std::__detail::_Select1st, std::equal_to<std::string>, std::hash<std::string>, std::__detail::_Mod_range_hashing, std::__detail::_Default_ranged_hash, std::__detail::_Prime_rehash_policy, std::__detail::_Hashtable_traits<true, false, true> >::_M_insert_bucket_begin(unsigned int, std::__detail::_Hash_node<std::pair<std::string const, double>, true>*)
 .text._ZNSt10_HashtableISsSt4pairIKSsdESaIS2_ENSt8__detail10_Select1stESt8equal_toISsESt4hashISsENS4_18_Mod_range_hashingENS4_20_Default_ranged_hashENS4_20_Prime_rehash_policyENS4_17_Hashtable_traitsILb1ELb0ELb1EEEE13_M_rehash_auxEjSt17integral_constantIbLb1EE
                0x03803b28       0xe0 build/src/Shades/Screen.o
                0x03803b28                std::_Hashtable<std::string, std::pair<std::string const, double>, std::allocator<std::pair<std::string const, double> >, std::__detail::_Select1st, std::equal_to<std::string>, std::hash<std::string>, std::__detail::_Mod_range_hashing, std::__detail::_Default_ranged_hash, std::__detail::_Prime_rehash_policy, std::__detail::_Hashtable_traits<true, false, true> >::_M_rehash_aux(unsigned int, std::integral_constant<bool, true>)
 .text._ZNSt10_HashtableISsSt4pairIKSsdESaIS2_ENSt8__detail10_Select1stESt8equal_toISsESt4hashISsENS4_18_Mod_range_hashingENS4_20_Default_ranged_hashENS4_20_Prime_rehash_policyENS4_17_Hashtable_traitsILb1ELb0ELb1EEEE4findERS1_
                0x03803c08       0x50 build/src/Shades/Screen.o
                0x03803c08                std::_Hashtable<std::string, std::pair<std::string const, double>, std::allocator<std::pair<std::string const, double> >, std::__detail::_Select1st, std::equal_to<std::string>, std::hash<std::string>, std::__detail::_Mod_range_hashing, std::__detail::_Default_ranged_hash, std::__detail::_Prime_rehash_policy, std::__detail::_Hashtable_traits<true, false, true> >::find(std::string const&)
 .text._GLOBAL__sub_I_Screen.cpp
                0x03803c58      0x164 build/src/Shades/Screen.o
 .text._ZN3sds11displayableC2Ev
                0x03803dbc       0x54 build/src/Shades/displayable.o
                0x03803dbc                sds::displayable::displayable()
 .text._ZN3sds11displayable5getIdEv
                0x03803e10       0x14 build/src/Shades/displayable.o
                0x03803e10                sds::displayable::getId()
 .text._ZN3sds11displayable16registerCallbackESs
                0x03803e24        0x8 build/src/Shades/displayable.o
                0x03803e24                sds::displayable::registerCallback(std::string)
 .text._ZN3sds11displayable15executeCallbackEv
                0x03803e2c       0x5c build/src/Shades/displayable.o
                0x03803e2c                sds::displayable::executeCallback()
 .text._ZN3sds11displayable7setTextESs
                0x03803e88        0x8 build/src/Shades/displayable.o
                0x03803e88                sds::displayable::setText(std::string)
 .text._GLOBAL__sub_I_displayable.cpp
                0x03803e90       0x34 build/src/Shades/displayable.o
 .text._ZN8tinyxml27StrPair5ResetEv
                0x03803ec4       0x3c build/src/Shades/tinyxml2.o
                0x03803ec4                tinyxml2::StrPair::Reset()
 .text._ZN8tinyxml27StrPair10TransferToEPS0_
                0x03803f00       0x50 build/src/Shades/tinyxml2.o
                0x03803f00                tinyxml2::StrPair::TransferTo(tinyxml2::StrPair*)
 .text._ZN8tinyxml27StrPair6SetStrEPKci
                0x03803f50       0x58 build/src/Shades/tinyxml2.o
                0x03803f50                tinyxml2::StrPair::SetStr(char const*, int)
 .text._ZN8tinyxml27StrPair9ParseTextEPcPKciPi
                0x03803fa8       0xb8 build/src/Shades/tinyxml2.o
                0x03803fa8                tinyxml2::StrPair::ParseText(char*, char const*, int, int*)
 .text._ZN8tinyxml27StrPair9ParseNameEPc
                0x03804060       0xd0 build/src/Shades/tinyxml2.o
                0x03804060                tinyxml2::StrPair::ParseName(char*)
 .text._ZN8tinyxml27StrPair18CollapseWhitespaceEv
                0x03804130       0xb8 build/src/Shades/tinyxml2.o
                0x03804130                tinyxml2::StrPair::CollapseWhitespace()
 .text._ZN8tinyxml27XMLUtil14SkipWhiteSpaceEPKcPi
                0x038041e8       0x5c build/src/Shades/tinyxml2.o
                0x038041e8                tinyxml2::XMLUtil::SkipWhiteSpace(char const*, int*)
 .text._ZN8tinyxml27StrPair6GetStrEv
                0x03804244      0x1dc build/src/Shades/tinyxml2.o
                0x03804244                tinyxml2::StrPair::GetStr()
 .text._ZN8tinyxml27XMLUtil15GetCharacterRefEPKcPcPi
                0x03804420      0x174 build/src/Shades/tinyxml2.o
                0x03804420                tinyxml2::XMLUtil::GetCharacterRef(char const*, char*, int*)
 .text._ZN8tinyxml27XMLUtil18ConvertUTF32ToUTF8EmPcPi
                0x03804594       0xac build/src/Shades/tinyxml2.o
                0x03804594                tinyxml2::XMLUtil::ConvertUTF32ToUTF8(unsigned long, char*, int*)
 .text._ZN8tinyxml27XMLUtil5ToIntEPKcPi
                0x03804640       0xc8 build/src/Shades/tinyxml2.o
                0x03804640                tinyxml2::XMLUtil::ToInt(char const*, int*)
 .text._ZN8tinyxml27XMLUtil7ToInt64EPKcPx
                0x03804708       0xb8 build/src/Shades/tinyxml2.o
                0x03804708                tinyxml2::XMLUtil::ToInt64(char const*, long long*)
 .text._ZN8tinyxml211XMLDocument8IdentifyEPcPPNS_7XMLNodeE
                0x038047c0      0x3ac build/src/Shades/tinyxml2.o
                0x038047c0                tinyxml2::XMLDocument::Identify(char*, tinyxml2::XMLNode**)
 .text._ZNK8tinyxml211XMLDocument6AcceptEPNS_10XMLVisitorE
                0x03804b6c       0x74 build/src/Shades/tinyxml2.o
                0x03804b6c                tinyxml2::XMLDocument::Accept(tinyxml2::XMLVisitor*) const
 .text._ZN8tinyxml27XMLNode14DeleteChildrenEv
                0x03804be0       0x44 build/src/Shades/tinyxml2.o
                0x03804be0                tinyxml2::XMLNode::DeleteChildren()
 .text._ZN8tinyxml27XMLNode6UnlinkEPS0_
                0x03804c24       0x4c build/src/Shades/tinyxml2.o
                0x03804c24                tinyxml2::XMLNode::Unlink(tinyxml2::XMLNode*)
 .text._ZN8tinyxml27XMLNodeD0Ev
                0x03804c70        0x4 build/src/Shades/tinyxml2.o
                0x03804c70                tinyxml2::XMLNode::~XMLNode()
 .text._ZNK8tinyxml27XMLNode5ValueEv
                0x03804c74       0x34 build/src/Shades/tinyxml2.o
                0x03804c74                tinyxml2::XMLNode::Value() const
 .text._ZN8tinyxml27XMLNode14InsertEndChildEPS0_
                0x03804ca8       0x6c build/src/Shades/tinyxml2.o
                0x03804ca8                tinyxml2::XMLNode::InsertEndChild(tinyxml2::XMLNode*)
 .text._ZN8tinyxml27XMLNode10DeleteNodeEPS0_
                0x03804d14       0xa0 build/src/Shades/tinyxml2.o
                0x03804d14                tinyxml2::XMLNode::DeleteNode(tinyxml2::XMLNode*)
 .text._ZNK8tinyxml27XMLNode19InsertChildPreambleEPS0_
                0x03804db4       0x74 build/src/Shades/tinyxml2.o
                0x03804db4                tinyxml2::XMLNode::InsertChildPreamble(tinyxml2::XMLNode*) const
 .text._ZNK8tinyxml27XMLNode17FirstChildElementEPKc
                0x03804e28       0x44 build/src/Shades/tinyxml2.o
                0x03804e28                tinyxml2::XMLNode::FirstChildElement(char const*) const
 .text._ZNK8tinyxml27XMLNode17ToElementWithNameEPKc
                0x03804e6c       0x88 build/src/Shades/tinyxml2.o
                0x03804e6c                tinyxml2::XMLNode::ToElementWithName(char const*) const
 .text._ZNK8tinyxml27XMLNode18NextSiblingElementEPKc
                0x03804ef4       0x3c build/src/Shades/tinyxml2.o
                0x03804ef4                tinyxml2::XMLNode::NextSiblingElement(char const*) const
 .text._ZN8tinyxml27XMLNode9ParseDeepEPcPNS_7StrPairEPi
                0x03804f30      0x35c build/src/Shades/tinyxml2.o
                0x03804f30                tinyxml2::XMLNode::ParseDeep(char*, tinyxml2::StrPair*, int*)
 .text._ZN8tinyxml211XMLDocument8SetErrorENS_8XMLErrorEiPKcz
                0x0380528c       0xcc build/src/Shades/tinyxml2.o
                0x0380528c                tinyxml2::XMLDocument::SetError(tinyxml2::XMLError, int, char const*, ...)
 .text._ZN8tinyxml27XMLText9ParseDeepEPcPNS_7StrPairEPi
                0x03805358       0xc8 build/src/Shades/tinyxml2.o
                0x03805358                tinyxml2::XMLText::ParseDeep(char*, tinyxml2::StrPair*, int*)
 .text._ZNK8tinyxml27XMLText12ShallowCloneEPNS_11XMLDocumentE
                0x03805420       0x54 build/src/Shades/tinyxml2.o
                0x03805420                tinyxml2::XMLText::ShallowClone(tinyxml2::XMLDocument*) const
 .text._ZN8tinyxml211XMLDocument7NewTextEPKc
                0x03805474       0x9c build/src/Shades/tinyxml2.o
                0x03805474                tinyxml2::XMLDocument::NewText(char const*)
 .text._ZNK8tinyxml27XMLText12ShallowEqualEPKNS_7XMLNodeE
                0x03805510       0xac build/src/Shades/tinyxml2.o
                0x03805510                tinyxml2::XMLText::ShallowEqual(tinyxml2::XMLNode const*) const
 .text._ZNK8tinyxml27XMLText6AcceptEPNS_10XMLVisitorE
                0x038055bc       0x18 build/src/Shades/tinyxml2.o
                0x038055bc                tinyxml2::XMLText::Accept(tinyxml2::XMLVisitor*) const
 .text._ZN8tinyxml210XMLCommentD0Ev
                0x038055d4       0x14 build/src/Shades/tinyxml2.o
                0x038055d4                tinyxml2::XMLComment::~XMLComment()
 .text._ZN8tinyxml210XMLComment9ParseDeepEPcPNS_7StrPairEPi
                0x038055e8       0x54 build/src/Shades/tinyxml2.o
                0x038055e8                tinyxml2::XMLComment::ParseDeep(char*, tinyxml2::StrPair*, int*)
 .text._ZNK8tinyxml210XMLComment12ShallowCloneEPNS_11XMLDocumentE
                0x0380563c       0x4c build/src/Shades/tinyxml2.o
                0x0380563c                tinyxml2::XMLComment::ShallowClone(tinyxml2::XMLDocument*) const
 .text._ZN8tinyxml211XMLDocument10NewCommentEPKc
                0x03805688       0x98 build/src/Shades/tinyxml2.o
                0x03805688                tinyxml2::XMLDocument::NewComment(char const*)
 .text._ZNK8tinyxml210XMLComment12ShallowEqualEPKNS_7XMLNodeE
                0x03805720       0xac build/src/Shades/tinyxml2.o
                0x03805720                tinyxml2::XMLComment::ShallowEqual(tinyxml2::XMLNode const*) const
 .text._ZNK8tinyxml210XMLComment6AcceptEPNS_10XMLVisitorE
                0x038057cc       0x18 build/src/Shades/tinyxml2.o
                0x038057cc                tinyxml2::XMLComment::Accept(tinyxml2::XMLVisitor*) const
 .text._ZN8tinyxml214XMLDeclarationD0Ev
                0x038057e4       0x14 build/src/Shades/tinyxml2.o
                0x038057e4                tinyxml2::XMLDeclaration::~XMLDeclaration()
 .text._ZN8tinyxml214XMLDeclaration9ParseDeepEPcPNS_7StrPairEPi
                0x038057f8       0x54 build/src/Shades/tinyxml2.o
                0x038057f8                tinyxml2::XMLDeclaration::ParseDeep(char*, tinyxml2::StrPair*, int*)
 .text._ZNK8tinyxml214XMLDeclaration12ShallowCloneEPNS_11XMLDocumentE
                0x0380584c       0x4c build/src/Shades/tinyxml2.o
                0x0380584c                tinyxml2::XMLDeclaration::ShallowClone(tinyxml2::XMLDocument*) const
 .text._ZN8tinyxml211XMLDocument14NewDeclarationEPKc
                0x03805898       0xa8 build/src/Shades/tinyxml2.o
                0x03805898                tinyxml2::XMLDocument::NewDeclaration(char const*)
 .text._ZNK8tinyxml214XMLDeclaration12ShallowEqualEPKNS_7XMLNodeE
                0x03805940       0xac build/src/Shades/tinyxml2.o
                0x03805940                tinyxml2::XMLDeclaration::ShallowEqual(tinyxml2::XMLNode const*) const
 .text._ZNK8tinyxml214XMLDeclaration6AcceptEPNS_10XMLVisitorE
                0x038059ec       0x18 build/src/Shades/tinyxml2.o
                0x038059ec                tinyxml2::XMLDeclaration::Accept(tinyxml2::XMLVisitor*) const
 .text._ZN8tinyxml210XMLUnknownD0Ev
                0x03805a04       0x14 build/src/Shades/tinyxml2.o
                0x03805a04                tinyxml2::XMLUnknown::~XMLUnknown()
 .text._ZN8tinyxml210XMLUnknown9ParseDeepEPcPNS_7StrPairEPi
                0x03805a18       0x54 build/src/Shades/tinyxml2.o
                0x03805a18                tinyxml2::XMLUnknown::ParseDeep(char*, tinyxml2::StrPair*, int*)
 .text._ZNK8tinyxml210XMLUnknown12ShallowCloneEPNS_11XMLDocumentE
                0x03805a6c       0x4c build/src/Shades/tinyxml2.o
                0x03805a6c                tinyxml2::XMLUnknown::ShallowClone(tinyxml2::XMLDocument*) const
 .text._ZN8tinyxml211XMLDocument10NewUnknownEPKc
                0x03805ab8       0x98 build/src/Shades/tinyxml2.o
                0x03805ab8                tinyxml2::XMLDocument::NewUnknown(char const*)
 .text._ZNK8tinyxml210XMLUnknown12ShallowEqualEPKNS_7XMLNodeE
                0x03805b50       0xac build/src/Shades/tinyxml2.o
                0x03805b50                tinyxml2::XMLUnknown::ShallowEqual(tinyxml2::XMLNode const*) const
 .text._ZNK8tinyxml210XMLUnknown6AcceptEPNS_10XMLVisitorE
                0x03805bfc       0x18 build/src/Shades/tinyxml2.o
                0x03805bfc                tinyxml2::XMLUnknown::Accept(tinyxml2::XMLVisitor*) const
 .text._ZNK8tinyxml212XMLAttribute5ValueEv
                0x03805c14        0x8 build/src/Shades/tinyxml2.o
                0x03805c14                tinyxml2::XMLAttribute::Value() const
 .text._ZN8tinyxml212XMLAttribute9ParseDeepEPcbPi
                0x03805c1c       0xa8 build/src/Shades/tinyxml2.o
                0x03805c1c                tinyxml2::XMLAttribute::ParseDeep(char*, bool, int*)
 .text._ZNK8tinyxml212XMLAttribute13QueryIntValueEPi
                0x03805cc4       0x30 build/src/Shades/tinyxml2.o
                0x03805cc4                tinyxml2::XMLAttribute::QueryIntValue(int*) const
 .text._ZNK8tinyxml212XMLAttribute15QueryInt64ValueEPx
                0x03805cf4       0x30 build/src/Shades/tinyxml2.o
                0x03805cf4                tinyxml2::XMLAttribute::QueryInt64Value(long long*) const
 .text._ZN8tinyxml210XMLElementD2Ev
                0x03805d24       0x70 build/src/Shades/tinyxml2.o
                0x03805d24                tinyxml2::XMLElement::~XMLElement()
                0x03805d24                tinyxml2::XMLElement::~XMLElement()
 .text._ZN8tinyxml210XMLElementD0Ev
                0x03805d94       0x14 build/src/Shades/tinyxml2.o
                0x03805d94                tinyxml2::XMLElement::~XMLElement()
 .text._ZNK8tinyxml210XMLElement13FindAttributeEPKc
                0x03805da8       0x5c build/src/Shades/tinyxml2.o
                0x03805da8                tinyxml2::XMLElement::FindAttribute(char const*) const
 .text._ZNK8tinyxml210XMLElement9AttributeEPKcS2_
                0x03805e04       0x5c build/src/Shades/tinyxml2.o
                0x03805e04                tinyxml2::XMLElement::Attribute(char const*, char const*) const
 .text._ZN8tinyxml210XMLElement21FindOrCreateAttributeEPKc
                0x03805e60       0xd4 build/src/Shades/tinyxml2.o
                0x03805e60                tinyxml2::XMLElement::FindOrCreateAttribute(char const*)
 .text._ZN8tinyxml210XMLElement15ParseAttributesEPcPi
                0x03805f34      0x270 build/src/Shades/tinyxml2.o
                0x03805f34                tinyxml2::XMLElement::ParseAttributes(char*, int*)
 .text._ZN8tinyxml28MemPoolTILi40EE5AllocEv
                0x038061a4       0xb8 build/src/Shades/tinyxml2.o
                0x038061a4                tinyxml2::MemPoolT<40>::Alloc()
 .text._ZN8tinyxml211XMLDocument10NewElementEPKc
                0x0380625c       0xa0 build/src/Shades/tinyxml2.o
                0x0380625c                tinyxml2::XMLDocument::NewElement(char const*)
 .text._ZN8tinyxml210XMLElement9ParseDeepEPcPNS_7StrPairEPi
                0x038062fc       0xa8 build/src/Shades/tinyxml2.o
                0x038062fc                tinyxml2::XMLElement::ParseDeep(char*, tinyxml2::StrPair*, int*)
 .text._ZNK8tinyxml210XMLElement12ShallowCloneEPNS_11XMLDocumentE
                0x038063a4       0x9c build/src/Shades/tinyxml2.o
                0x038063a4                tinyxml2::XMLElement::ShallowClone(tinyxml2::XMLDocument*) const
 .text._ZNK8tinyxml210XMLElement12ShallowEqualEPKNS_7XMLNodeE
                0x03806440      0x124 build/src/Shades/tinyxml2.o
                0x03806440                tinyxml2::XMLElement::ShallowEqual(tinyxml2::XMLNode const*) const
 .text._ZNK8tinyxml210XMLElement6AcceptEPNS_10XMLVisitorE
                0x03806564       0x78 build/src/Shades/tinyxml2.o
                0x03806564                tinyxml2::XMLElement::Accept(tinyxml2::XMLVisitor*) const
 .text._ZN8tinyxml211XMLDocumentC2EbNS_10WhitespaceE
                0x038065dc      0x11c build/src/Shades/tinyxml2.o
                0x038065dc                tinyxml2::XMLDocument::XMLDocument(bool, tinyxml2::Whitespace)
                0x038065dc                tinyxml2::XMLDocument::XMLDocument(bool, tinyxml2::Whitespace)
 .text._ZN8tinyxml211XMLDocumentD2Ev
                0x038066f8       0x70 build/src/Shades/tinyxml2.o
                0x038066f8                tinyxml2::XMLDocument::~XMLDocument()
                0x038066f8                tinyxml2::XMLDocument::~XMLDocument()
 .text._ZN8tinyxml211XMLDocument5ClearEv
                0x03806768       0x5c build/src/Shades/tinyxml2.o
                0x03806768                tinyxml2::XMLDocument::Clear()
 .text._ZN8tinyxml28MemPoolTILi52EED2Ev
                0x038067c4       0x44 build/src/Shades/tinyxml2.o
                0x038067c4                tinyxml2::MemPoolT<52>::~MemPoolT()
 .text._ZN8tinyxml28MemPoolTILi56EED2Ev
                0x03806808       0x44 build/src/Shades/tinyxml2.o
                0x03806808                tinyxml2::MemPoolT<56>::~MemPoolT()
 .text._ZN8tinyxml28MemPoolTILi40EED2Ev
                0x0380684c       0x44 build/src/Shades/tinyxml2.o
                0x0380684c                tinyxml2::MemPoolT<40>::~MemPoolT()
 .text._ZN8tinyxml28MemPoolTILi60EED2Ev
                0x03806890       0x44 build/src/Shades/tinyxml2.o
                0x03806890                tinyxml2::MemPoolT<60>::~MemPoolT()
 .text._ZN8tinyxml211XMLDocumentD0Ev
                0x038068d4       0x14 build/src/Shades/tinyxml2.o
                0x038068d4                tinyxml2::XMLDocument::~XMLDocument()
 .text._ZN8tinyxml211XMLDocument10DeleteNodeEPNS_7XMLNodeE
                0x038068e8       0x40 build/src/Shades/tinyxml2.o
                0x038068e8                tinyxml2::XMLDocument::DeleteNode(tinyxml2::XMLNode*)
 .text._ZN8tinyxml211XMLDocument8LoadFileEPKc
                0x03806928       0x94 build/src/Shades/tinyxml2.o
                0x03806928                tinyxml2::XMLDocument::LoadFile(char const*)
 .text._ZN8tinyxml211XMLDocument8LoadFileEP7__sFILE
                0x038069bc       0xe8 build/src/Shades/tinyxml2.o
                0x038069bc                tinyxml2::XMLDocument::LoadFile(__sFILE*)
 .text._ZN8tinyxml211XMLDocument5ParseEv
                0x03806aa4       0x9c build/src/Shades/tinyxml2.o
                0x03806aa4                tinyxml2::XMLDocument::Parse()
 .text._ZN8tinyxml211XMLDocument5ParseEPKcj
                0x03806b40       0xc4 build/src/Shades/tinyxml2.o
                0x03806b40                tinyxml2::XMLDocument::Parse(char const*, unsigned int)
 .text._ZN8tinyxml28MemPoolTILi60EE5ClearEv
                0x03806c04       0x54 build/src/Shades/tinyxml2.o
                0x03806c04                tinyxml2::MemPoolT<60>::Clear()
 .text._ZN8tinyxml28MemPoolTILi40EE5ClearEv
                0x03806c58       0x54 build/src/Shades/tinyxml2.o
                0x03806c58                tinyxml2::MemPoolT<40>::Clear()
 .text._ZN8tinyxml28MemPoolTILi56EE5ClearEv
                0x03806cac       0x54 build/src/Shades/tinyxml2.o
                0x03806cac                tinyxml2::MemPoolT<56>::Clear()
 .text._ZN8tinyxml28MemPoolTILi52EE5ClearEv
                0x03806d00       0x54 build/src/Shades/tinyxml2.o
                0x03806d00                tinyxml2::MemPoolT<52>::Clear()
 .text._ZN8tinyxml27XMLNode9ToElementEv
                0x03806d54        0x8 build/src/Shades/tinyxml2.o
                0x03806d54                tinyxml2::XMLNode::ToElement()
 .text._ZN8tinyxml27XMLText6ToTextEv
                0x03806d5c        0x4 build/src/Shades/tinyxml2.o
                0x03806d5c                tinyxml2::XMLText::ToText()
 .text._ZN8tinyxml27XMLNode9ToCommentEv
                0x03806d60        0x8 build/src/Shades/tinyxml2.o
                0x03806d60                tinyxml2::XMLNode::ToComment()
 .text._ZN8tinyxml27XMLNode10ToDocumentEv
                0x03806d68        0x8 build/src/Shades/tinyxml2.o
                0x03806d68                tinyxml2::XMLNode::ToDocument()
 .text._ZN8tinyxml27XMLNode13ToDeclarationEv
                0x03806d70        0x8 build/src/Shades/tinyxml2.o
                0x03806d70                tinyxml2::XMLNode::ToDeclaration()
 .text._ZN8tinyxml27XMLNode9ToUnknownEv
                0x03806d78        0x8 build/src/Shades/tinyxml2.o
                0x03806d78                tinyxml2::XMLNode::ToUnknown()
 .text._ZNK8tinyxml27XMLNode9ToElementEv
                0x03806d80        0x8 build/src/Shades/tinyxml2.o
                0x03806d80                tinyxml2::XMLNode::ToElement() const
 .text._ZNK8tinyxml27XMLText6ToTextEv
                0x03806d88        0x4 build/src/Shades/tinyxml2.o
                0x03806d88                tinyxml2::XMLText::ToText() const
 .text._ZNK8tinyxml27XMLNode9ToCommentEv
                0x03806d8c        0x8 build/src/Shades/tinyxml2.o
                0x03806d8c                tinyxml2::XMLNode::ToComment() const
 .text._ZNK8tinyxml27XMLNode10ToDocumentEv
                0x03806d94        0x8 build/src/Shades/tinyxml2.o
                0x03806d94                tinyxml2::XMLNode::ToDocument() const
 .text._ZNK8tinyxml27XMLNode13ToDeclarationEv
                0x03806d9c        0x8 build/src/Shades/tinyxml2.o
                0x03806d9c                tinyxml2::XMLNode::ToDeclaration() const
 .text._ZNK8tinyxml27XMLNode9ToUnknownEv
                0x03806da4        0x8 build/src/Shades/tinyxml2.o
                0x03806da4                tinyxml2::XMLNode::ToUnknown() const
 .text._ZN8tinyxml27XMLNodeD2Ev
                0x03806dac       0x44 build/src/Shades/tinyxml2.o
                0x03806dac                tinyxml2::XMLComment::~XMLComment()
                0x03806dac                tinyxml2::XMLNode::~XMLNode()
                0x03806dac                tinyxml2::XMLUnknown::~XMLUnknown()
                0x03806dac                tinyxml2::XMLNode::~XMLNode()
                0x03806dac                tinyxml2::XMLComment::~XMLComment()
                0x03806dac                tinyxml2::XMLDeclaration::~XMLDeclaration()
                0x03806dac                tinyxml2::XMLUnknown::~XMLUnknown()
                0x03806dac                tinyxml2::XMLDeclaration::~XMLDeclaration()
 .text._ZN8tinyxml27XMLTextD0Ev
                0x03806df0       0x14 build/src/Shades/tinyxml2.o
                0x03806df0                tinyxml2::XMLText::~XMLText()
 .text._ZN8tinyxml27XMLNode6ToTextEv
                0x03806e04        0x8 build/src/Shades/tinyxml2.o
                0x03806e04                tinyxml2::XMLNode::ToText()
 .text._ZNK8tinyxml27XMLNode6ToTextEv
                0x03806e0c        0x8 build/src/Shades/tinyxml2.o
                0x03806e0c                tinyxml2::XMLNode::ToText() const
 .text._ZN8tinyxml210XMLComment9ToCommentEv
                0x03806e14        0x4 build/src/Shades/tinyxml2.o
                0x03806e14                tinyxml2::XMLComment::ToComment()
 .text._ZNK8tinyxml210XMLComment9ToCommentEv
                0x03806e18        0x4 build/src/Shades/tinyxml2.o
                0x03806e18                tinyxml2::XMLComment::ToComment() const
 .text._ZN8tinyxml214XMLDeclaration13ToDeclarationEv
                0x03806e1c        0x4 build/src/Shades/tinyxml2.o
                0x03806e1c                tinyxml2::XMLDeclaration::ToDeclaration()
 .text._ZNK8tinyxml214XMLDeclaration13ToDeclarationEv
                0x03806e20        0x4 build/src/Shades/tinyxml2.o
                0x03806e20                tinyxml2::XMLDeclaration::ToDeclaration() const
 .text._ZN8tinyxml210XMLUnknown9ToUnknownEv
                0x03806e24        0x4 build/src/Shades/tinyxml2.o
                0x03806e24                tinyxml2::XMLUnknown::ToUnknown()
 .text._ZNK8tinyxml210XMLUnknown9ToUnknownEv
                0x03806e28        0x4 build/src/Shades/tinyxml2.o
                0x03806e28                tinyxml2::XMLUnknown::ToUnknown() const
 .text._ZN8tinyxml210XMLElement9ToElementEv
                0x03806e2c        0x4 build/src/Shades/tinyxml2.o
                0x03806e2c                tinyxml2::XMLElement::ToElement()
 .text._ZNK8tinyxml210XMLElement9ToElementEv
                0x03806e30        0x4 build/src/Shades/tinyxml2.o
                0x03806e30                tinyxml2::XMLElement::ToElement() const
 .text._ZN8tinyxml211XMLDocument10ToDocumentEv
                0x03806e34        0x4 build/src/Shades/tinyxml2.o
                0x03806e34                tinyxml2::XMLDocument::ToDocument()
 .text._ZNK8tinyxml211XMLDocument10ToDocumentEv
                0x03806e38        0x4 build/src/Shades/tinyxml2.o
                0x03806e38                tinyxml2::XMLDocument::ToDocument() const
 .text._ZNK8tinyxml211XMLDocument12ShallowCloneEPS0_
                0x03806e3c        0x8 build/src/Shades/tinyxml2.o
                0x03806e3c                tinyxml2::XMLDocument::ShallowClone(tinyxml2::XMLDocument*) const
 .text._ZNK8tinyxml211XMLDocument12ShallowEqualEPKNS_7XMLNodeE
                0x03806e44        0x8 build/src/Shades/tinyxml2.o
                0x03806e44                tinyxml2::XMLDocument::ShallowEqual(tinyxml2::XMLNode const*) const
 .text._ZN8tinyxml212XMLAttributeD2Ev
                0x03806e4c       0x38 build/src/Shades/tinyxml2.o
                0x03806e4c                tinyxml2::XMLAttribute::~XMLAttribute()
 .text._ZN8tinyxml212XMLAttributeD0Ev
                0x03806e84       0x3c build/src/Shades/tinyxml2.o
                0x03806e84                tinyxml2::XMLAttribute::~XMLAttribute()
 .text._ZN8tinyxml28DynArrayIPNS_7XMLNodeELi10EE14EnsureCapacityEi
                0x03806ec0       0x78 build/src/Shades/tinyxml2.o
                0x03806ec0                tinyxml2::DynArray<tinyxml2::XMLNode*, 10>::EnsureCapacity(int)
 .text._ZN8tinyxml28DynArrayIPNS_8MemPoolTILi40EE5BlockELi10EE14EnsureCapacityEi
                0x03806f38       0x78 build/src/Shades/tinyxml2.o
                0x03806f38                tinyxml2::DynArray<tinyxml2::MemPoolT<40>::Block*, 10>::EnsureCapacity(int)
 .text._ZN8tinyxml28MemPoolTILi60EED0Ev
                0x03806fb0       0x14 build/src/Shades/tinyxml2.o
                0x03806fb0                tinyxml2::MemPoolT<60>::~MemPoolT()
 .text._ZNK8tinyxml28MemPoolTILi60EE8ItemSizeEv
                0x03806fc4        0x8 build/src/Shades/tinyxml2.o
                0x03806fc4                tinyxml2::MemPoolT<60>::ItemSize() const
 .text._ZN8tinyxml28MemPoolTILi60EE5AllocEv
                0x03806fcc       0xb8 build/src/Shades/tinyxml2.o
                0x03806fcc                tinyxml2::MemPoolT<60>::Alloc()
 .text._ZN8tinyxml28MemPoolTILi60EE4FreeEPv
                0x03807084       0x20 build/src/Shades/tinyxml2.o
                0x03807084                tinyxml2::MemPoolT<60>::Free(void*)
 .text._ZN8tinyxml28MemPoolTILi60EE10SetTrackedEv
                0x038070a4       0x10 build/src/Shades/tinyxml2.o
                0x038070a4                tinyxml2::MemPoolT<60>::SetTracked()
 .text._ZN8tinyxml28DynArrayIPNS_8MemPoolTILi60EE5BlockELi10EE14EnsureCapacityEi
                0x038070b4       0x78 build/src/Shades/tinyxml2.o
                0x038070b4                tinyxml2::DynArray<tinyxml2::MemPoolT<60>::Block*, 10>::EnsureCapacity(int)
 .text._ZN8tinyxml28MemPoolTILi40EED0Ev
                0x0380712c       0x14 build/src/Shades/tinyxml2.o
                0x0380712c                tinyxml2::MemPoolT<40>::~MemPoolT()
 .text._ZNK8tinyxml28MemPoolTILi40EE8ItemSizeEv
                0x03807140        0x8 build/src/Shades/tinyxml2.o
                0x03807140                tinyxml2::MemPoolT<40>::ItemSize() const
 .text._ZN8tinyxml28MemPoolTILi40EE4FreeEPv
                0x03807148       0x20 build/src/Shades/tinyxml2.o
                0x03807148                tinyxml2::MemPoolT<40>::Free(void*)
 .text._ZN8tinyxml28MemPoolTILi40EE10SetTrackedEv
                0x03807168       0x10 build/src/Shades/tinyxml2.o
                0x03807168                tinyxml2::MemPoolT<40>::SetTracked()
 .text._ZN8tinyxml28MemPoolTILi56EED0Ev
                0x03807178       0x14 build/src/Shades/tinyxml2.o
                0x03807178                tinyxml2::MemPoolT<56>::~MemPoolT()
 .text._ZNK8tinyxml28MemPoolTILi56EE8ItemSizeEv
                0x0380718c        0x8 build/src/Shades/tinyxml2.o
                0x0380718c                tinyxml2::MemPoolT<56>::ItemSize() const
 .text._ZN8tinyxml28MemPoolTILi56EE5AllocEv
                0x03807194       0xb8 build/src/Shades/tinyxml2.o
                0x03807194                tinyxml2::MemPoolT<56>::Alloc()
 .text._ZN8tinyxml28MemPoolTILi56EE4FreeEPv
                0x0380724c       0x20 build/src/Shades/tinyxml2.o
                0x0380724c                tinyxml2::MemPoolT<56>::Free(void*)
 .text._ZN8tinyxml28MemPoolTILi56EE10SetTrackedEv
                0x0380726c       0x10 build/src/Shades/tinyxml2.o
                0x0380726c                tinyxml2::MemPoolT<56>::SetTracked()
 .text._ZN8tinyxml28DynArrayIPNS_8MemPoolTILi56EE5BlockELi10EE14EnsureCapacityEi
                0x0380727c       0x78 build/src/Shades/tinyxml2.o
                0x0380727c                tinyxml2::DynArray<tinyxml2::MemPoolT<56>::Block*, 10>::EnsureCapacity(int)
 .text._ZN8tinyxml28MemPoolTILi52EED0Ev
                0x038072f4       0x14 build/src/Shades/tinyxml2.o
                0x038072f4                tinyxml2::MemPoolT<52>::~MemPoolT()
 .text._ZNK8tinyxml28MemPoolTILi52EE8ItemSizeEv
                0x03807308        0x8 build/src/Shades/tinyxml2.o
                0x03807308                tinyxml2::MemPoolT<52>::ItemSize() const
 .text._ZN8tinyxml28MemPoolTILi52EE5AllocEv
                0x03807310       0xb4 build/src/Shades/tinyxml2.o
                0x03807310                tinyxml2::MemPoolT<52>::Alloc()
 .text._ZN8tinyxml28MemPoolTILi52EE4FreeEPv
                0x038073c4       0x20 build/src/Shades/tinyxml2.o
                0x038073c4                tinyxml2::MemPoolT<52>::Free(void*)
 .text._ZN8tinyxml28MemPoolTILi52EE10SetTrackedEv
                0x038073e4       0x10 build/src/Shades/tinyxml2.o
                0x038073e4                tinyxml2::MemPoolT<52>::SetTracked()
 .text._ZN8tinyxml28DynArrayIPNS_8MemPoolTILi52EE5BlockELi10EE14EnsureCapacityEi
                0x038073f4       0x78 build/src/Shades/tinyxml2.o
                0x038073f4                tinyxml2::DynArray<tinyxml2::MemPoolT<52>::Block*, 10>::EnsureCapacity(int)
 .text.vexMain  0x0380746c       0xb0 C:\Program Files (x86)\VEX Robotics\VEXcode Pro V5\sdk/vexv5\libv5rt.a(v5_startup.c.obj)
                0x0380746c                vexMain
 .text.__vex_function_prolog
                0x0380751c       0x18 C:\Program Files (x86)\VEX Robotics\VEXcode Pro V5\sdk/vexv5\libv5rt.a(v5_startup.c.obj)
                0x0380751c                __vex_function_prolog
 .text._init    0x03807534        0x4 C:\Program Files (x86)\VEX Robotics\VEXcode Pro V5\sdk/vexv5\libv5rt.a(v5_startup.c.obj)
                0x03807534                _init
 .text._fini    0x03807538        0x4 C:\Program Files (x86)\VEX Robotics\VEXcode Pro V5\sdk/vexv5\libv5rt.a(v5_startup.c.obj)
                0x03807538                _fini
 .text.vexStdlibVersionLinked
                0x0380753c        0xc C:\Program Files (x86)\VEX Robotics\VEXcode Pro V5\sdk/vexv5\libv5rt.a(v5_util.c.obj)
                0x0380753c                vexStdlibVersionLinked
 .text.vexStdlibVersionVerify
                0x03807548       0x30 C:\Program Files (x86)\VEX Robotics\VEXcode Pro V5\sdk/vexv5\libv5rt.a(v5_util.c.obj)
                0x03807548                vexStdlibVersionVerify
 .text.vexPrivateApiEnable
                0x03807578       0x10 C:\Program Files (x86)\VEX Robotics\VEXcode Pro V5\sdk/vexv5\libv5rt.a(v5_apijump.c.obj)
                0x03807578                vexPrivateApiEnable
 .text.vexStdlibMismatchError
                0x03807588       0x3c C:\Program Files (x86)\VEX Robotics\VEXcode Pro V5\sdk/vexv5\libv5rt.a(v5_apijump.c.obj)
                0x03807588                vexStdlibMismatchError
 .text.vexScratchMemoryPtr
                0x038075c4       0x30 C:\Program Files (x86)\VEX Robotics\VEXcode Pro V5\sdk/vexv5\libv5rt.a(v5_apijump.c.obj)
                0x038075c4                vexScratchMemoryPtr
 .text.vexTaskAdd
                0x038075f4       0x10 C:\Program Files (x86)\VEX Robotics\VEXcode Pro V5\sdk/vexv5\libv5rt.a(v5_apijump.c.obj)
                0x038075f4                vexTaskAdd
 .text.vexTasksRun
                0x03807604       0x10 C:\Program Files (x86)\VEX Robotics\VEXcode Pro V5\sdk/vexv5\libv5rt.a(v5_apijump.c.obj)
                0x03807604                vexTasksRun
 .text.vexTaskYield
                0x03807614       0x10 C:\Program Files (x86)\VEX Robotics\VEXcode Pro V5\sdk/vexv5\libv5rt.a(v5_apijump.c.obj)
                0x03807614                vexTaskYield
 .text.vexTaskCheckTimeslice
                0x03807624       0x10 C:\Program Files (x86)\VEX Robotics\VEXcode Pro V5\sdk/vexv5\libv5rt.a(v5_apijump.c.obj)
                0x03807624                vexTaskCheckTimeslice
 .text.vexTaskSleep
                0x03807634       0x10 C:\Program Files (x86)\VEX Robotics\VEXcode Pro V5\sdk/vexv5\libv5rt.a(v5_apijump.c.obj)
                0x03807634                vexTaskSleep
 .text.vexTasksDump
                0x03807644       0x1c C:\Program Files (x86)\VEX Robotics\VEXcode Pro V5\sdk/vexv5\libv5rt.a(v5_apijump.c.obj)
                0x03807644                vexTasksDump
 .text.vexTaskGetTaskIndex
                0x03807660       0x10 C:\Program Files (x86)\VEX Robotics\VEXcode Pro V5\sdk/vexv5\libv5rt.a(v5_apijump.c.obj)
                0x03807660                vexTaskGetTaskIndex
 .text.vexTaskStopAll
                0x03807670       0x10 C:\Program Files (x86)\VEX Robotics\VEXcode Pro V5\sdk/vexv5\libv5rt.a(v5_apijump.c.obj)
                0x03807670                vexTaskStopAll
 .text.vexTaskRemoveAllUser
                0x03807680       0x34 C:\Program Files (x86)\VEX Robotics\VEXcode Pro V5\sdk/vexv5\libv5rt.a(v5_apijump.c.obj)
                0x03807680                vexTaskRemoveAllUser
 .text.vexTaskCompletionIdSet
                0x038076b4       0x10 C:\Program Files (x86)\VEX Robotics\VEXcode Pro V5\sdk/vexv5\libv5rt.a(v5_apijump.c.obj)
                0x038076b4                vexTaskCompletionIdSet
 .text.vexTaskStopWithId
                0x038076c4       0x10 C:\Program Files (x86)\VEX Robotics\VEXcode Pro V5\sdk/vexv5\libv5rt.a(v5_apijump.c.obj)
                0x038076c4                vexTaskStopWithId
 .text.vexEventAdd
                0x038076d4       0x34 C:\Program Files (x86)\VEX Robotics\VEXcode Pro V5\sdk/vexv5\libv5rt.a(v5_apijump.c.obj)
                0x038076d4                vexEventAdd
 .text.vexEventUserIndexGet
                0x03807708       0x1c C:\Program Files (x86)\VEX Robotics\VEXcode Pro V5\sdk/vexv5\libv5rt.a(v5_apijump.c.obj)
                0x03807708                vexEventUserIndexGet
 .text.vexEventAddWithArg
                0x03807724       0x3c C:\Program Files (x86)\VEX Robotics\VEXcode Pro V5\sdk/vexv5\libv5rt.a(v5_apijump.c.obj)
                0x03807724                vexEventAddWithArg
 .text.vexEventsCleanup
                0x03807760       0x2c C:\Program Files (x86)\VEX Robotics\VEXcode Pro V5\sdk/vexv5\libv5rt.a(v5_apijump.c.obj)
                0x03807760                vexEventsCleanup
 .text.vexDebug
                0x0380778c       0x38 C:\Program Files (x86)\VEX Robotics\VEXcode Pro V5\sdk/vexv5\libv5rt.a(v5_apijump.c.obj)
                0x0380778c                vexDebug
 .text.vex_sprintf
                0x038077c4       0x40 C:\Program Files (x86)\VEX Robotics\VEXcode Pro V5\sdk/vexv5\libv5rt.a(v5_apijump.c.obj)
                0x038077c4                vex_sprintf
 .text.vexSystemTimeGet
                0x03807804       0x1c C:\Program Files (x86)\VEX Robotics\VEXcode Pro V5\sdk/vexv5\libv5rt.a(v5_apijump.c.obj)
                0x03807804                vexSystemTimeGet
 .text.vexSystemExitRequest
                0x03807820       0x1c C:\Program Files (x86)\VEX Robotics\VEXcode Pro V5\sdk/vexv5\libv5rt.a(v5_apijump.c.obj)
                0x03807820                vexSystemExitRequest
 .text.vexDeviceGetByIndex
                0x0380783c       0x24 C:\Program Files (x86)\VEX Robotics\VEXcode Pro V5\sdk/vexv5\libv5rt.a(v5_apijump.c.obj)
                0x0380783c                vexDeviceGetByIndex
 .text.vexDisplayForegroundColor
                0x03807860       0x24 C:\Program Files (x86)\VEX Robotics\VEXcode Pro V5\sdk/vexv5\libv5rt.a(v5_apijump.c.obj)
                0x03807860                vexDisplayForegroundColor
 .text.vexDisplayBackgroundColor
                0x03807884       0x24 C:\Program Files (x86)\VEX Robotics\VEXcode Pro V5\sdk/vexv5\libv5rt.a(v5_apijump.c.obj)
                0x03807884                vexDisplayBackgroundColor
 .text.vexDisplayBackgroundColorGet
                0x038078a8       0x1c C:\Program Files (x86)\VEX Robotics\VEXcode Pro V5\sdk/vexv5\libv5rt.a(v5_apijump.c.obj)
                0x038078a8                vexDisplayBackgroundColorGet
 .text.vexDisplayCopyRect
                0x038078c4       0x5c C:\Program Files (x86)\VEX Robotics\VEXcode Pro V5\sdk/vexv5\libv5rt.a(v5_apijump.c.obj)
                0x038078c4                vexDisplayCopyRect
 .text.vexDisplayRectDraw
                0x03807920       0x4c C:\Program Files (x86)\VEX Robotics\VEXcode Pro V5\sdk/vexv5\libv5rt.a(v5_apijump.c.obj)
                0x03807920                vexDisplayRectDraw
 .text.vexDisplayRectClear
                0x0380796c       0x4c C:\Program Files (x86)\VEX Robotics\VEXcode Pro V5\sdk/vexv5\libv5rt.a(v5_apijump.c.obj)
                0x0380796c                vexDisplayRectClear
 .text.vexDisplayCircleDraw
                0x038079b8       0x40 C:\Program Files (x86)\VEX Robotics\VEXcode Pro V5\sdk/vexv5\libv5rt.a(v5_apijump.c.obj)
                0x038079b8                vexDisplayCircleDraw
 .text.vexDisplayCircleClear
                0x038079f8       0x40 C:\Program Files (x86)\VEX Robotics\VEXcode Pro V5\sdk/vexv5\libv5rt.a(v5_apijump.c.obj)
                0x038079f8                vexDisplayCircleClear
 .text.vexDisplayVPrintf
                0x03807a38       0x50 C:\Program Files (x86)\VEX Robotics\VEXcode Pro V5\sdk/vexv5\libv5rt.a(v5_apijump.c.obj)
                0x03807a38                vexDisplayVPrintf
 .text.vexDisplayTextReference
                0x03807a88       0x24 C:\Program Files (x86)\VEX Robotics\VEXcode Pro V5\sdk/vexv5\libv5rt.a(v5_apijump.c.obj)
                0x03807a88                vexDisplayTextReference
 .text.vexDisplayTextSize
                0x03807aac       0x2c C:\Program Files (x86)\VEX Robotics\VEXcode Pro V5\sdk/vexv5\libv5rt.a(v5_apijump.c.obj)
                0x03807aac                vexDisplayTextSize
 .text.vexDisplayFontNamedSet
                0x03807ad8       0x24 C:\Program Files (x86)\VEX Robotics\VEXcode Pro V5\sdk/vexv5\libv5rt.a(v5_apijump.c.obj)
                0x03807ad8                vexDisplayFontNamedSet
 .text.vexDisplayPenSizeGet
                0x03807afc       0x1c C:\Program Files (x86)\VEX Robotics\VEXcode Pro V5\sdk/vexv5\libv5rt.a(v5_apijump.c.obj)
                0x03807afc                vexDisplayPenSizeGet
 .text.vexFileOpen
                0x03807b18       0x2c C:\Program Files (x86)\VEX Robotics\VEXcode Pro V5\sdk/vexv5\libv5rt.a(v5_apijump.c.obj)
                0x03807b18                vexFileOpen
 .text.vexFileClose
                0x03807b44       0x24 C:\Program Files (x86)\VEX Robotics\VEXcode Pro V5\sdk/vexv5\libv5rt.a(v5_apijump.c.obj)
                0x03807b44                vexFileClose
 .text.vexFileRead
                0x03807b68       0x3c C:\Program Files (x86)\VEX Robotics\VEXcode Pro V5\sdk/vexv5\libv5rt.a(v5_apijump.c.obj)
                0x03807b68                vexFileRead
 .text.vexFileSize
                0x03807ba4       0x24 C:\Program Files (x86)\VEX Robotics\VEXcode Pro V5\sdk/vexv5\libv5rt.a(v5_apijump.c.obj)
                0x03807ba4                vexFileSize
 .text.vexFileDriveStatus
                0x03807bc8       0x24 C:\Program Files (x86)\VEX Robotics\VEXcode Pro V5\sdk/vexv5\libv5rt.a(v5_apijump.c.obj)
                0x03807bc8                vexFileDriveStatus
 .text.vexSystemStdlibImpureDataAddr
                0x03807bec       0x28 C:\Program Files (x86)\VEX Robotics\VEXcode Pro V5\sdk/vexv5\libv5rt.a(v5_apijump.c.obj)
                0x03807bec                vexSystemStdlibImpureDataAddr
 .text.vexSystemStdlibImpureDataSize
                0x03807c14       0x28 C:\Program Files (x86)\VEX Robotics\VEXcode Pro V5\sdk/vexv5\libv5rt.a(v5_apijump.c.obj)
                0x03807c14                vexSystemStdlibImpureDataSize
 .text.vexSystemSaveUserData
                0x03807c3c       0x3c C:\Program Files (x86)\VEX Robotics\VEXcode Pro V5\sdk/vexv5\libv5rt.a(v5_apijump.c.obj)
                0x03807c3c                vexSystemSaveUserData
 .text.vexTouchDataGet
                0x03807c78       0x10 C:\Program Files (x86)\VEX Robotics\VEXcode Pro V5\sdk/vexv5\libv5rt.a(v5_apijump.c.obj)
                0x03807c78                vexTouchDataGet
 .text.vexImageBmpRead
                0x03807c88       0x3c C:\Program Files (x86)\VEX Robotics\VEXcode Pro V5\sdk/vexv5\libv5rt.a(v5_apijump.c.obj)
                0x03807c88                vexImageBmpRead
 .text.vexImagePngRead
                0x03807cc4       0x44 C:\Program Files (x86)\VEX Robotics\VEXcode Pro V5\sdk/vexv5\libv5rt.a(v5_apijump.c.obj)
                0x03807cc4                vexImagePngRead
 .text.vexDisplayThemeIdGet
                0x03807d08       0x38 C:\Program Files (x86)\VEX Robotics\VEXcode Pro V5\sdk/vexv5\libv5rt.a(v5_apijump.c.obj)
                0x03807d08                vexDisplayThemeIdGet
 .text.vexDeviceEventMaskSet
                0x03807d40       0x48 C:\Program Files (x86)\VEX Robotics\VEXcode Pro V5\sdk/vexv5\libv5rt.a(v5_apijump.c.obj)
                0x03807d40                vexDeviceEventMaskSet
 .text.vexDeviceEventMaskGet
                0x03807d88       0x3c C:\Program Files (x86)\VEX Robotics\VEXcode Pro V5\sdk/vexv5\libv5rt.a(v5_apijump.c.obj)
                0x03807d88                vexDeviceEventMaskGet
 .text.vexDeviceEventBitsSet
                0x03807dc4       0x48 C:\Program Files (x86)\VEX Robotics\VEXcode Pro V5\sdk/vexv5\libv5rt.a(v5_apijump.c.obj)
                0x03807dc4                vexDeviceEventBitsSet
 .text.vexDeviceEventBitsGet
                0x03807e0c       0x3c C:\Program Files (x86)\VEX Robotics\VEXcode Pro V5\sdk/vexv5\libv5rt.a(v5_apijump.c.obj)
                0x03807e0c                vexDeviceEventBitsGet
 .text.vexSystemVersion
                0x03807e48       0x10 C:\Program Files (x86)\VEX Robotics\VEXcode Pro V5\sdk/vexv5\libv5rt.a(v5_apiversions.c.obj)
                0x03807e48                vexSystemVersion
 .text.vexStdlibVersion
                0x03807e58       0x10 C:\Program Files (x86)\VEX Robotics\VEXcode Pro V5\sdk/vexv5\libv5rt.a(v5_apiversions.c.obj)
                0x03807e58                vexStdlibVersion
 .text._ZN3vex4waitEdNS_9timeUnitsE
                0x03807e68       0x30 C:\Program Files (x86)\VEX Robotics\VEXcode Pro V5\sdk/vexv5\libv5rt.a(vex_global.cpp.obj)
                0x03807e68                vex::wait(double, vex::timeUnits)
 .text._ZN3vex6threadC2EPFivE
                0x03807e98       0x5c C:\Program Files (x86)\VEX Robotics\VEXcode Pro V5\sdk/vexv5\libv5rt.a(vex_thread.cpp.obj)
                0x03807e98                vex::thread::thread(int (*)())
                0x03807e98                vex::thread::thread(int (*)())
 .text._ZN3vex11this_thread9sleep_forEm
                0x03807ef4        0x4 C:\Program Files (x86)\VEX Robotics\VEXcode Pro V5\sdk/vexv5\libv5rt.a(vex_thread.cpp.obj)
                0x03807ef4                vex::this_thread::sleep_for(unsigned long)
 .text._ZZN3vex6meventC4EmmENUlvE_4_FUNEv
                0x03807ef8        0x4 C:\Program Files (x86)\VEX Robotics\VEXcode Pro V5\sdk/vexv5\libv5rt.a(vex_mevent.cpp.obj)
 .text._ZN3vex6meventC2Emm
                0x03807efc       0x70 C:\Program Files (x86)\VEX Robotics\VEXcode Pro V5\sdk/vexv5\libv5rt.a(vex_mevent.cpp.obj)
                0x03807efc                vex::mevent::mevent(unsigned long, unsigned long)
                0x03807efc                vex::mevent::mevent(unsigned long, unsigned long)
 .text._ZNK3vex6meventcviEv
                0x03807f6c       0x4c C:\Program Files (x86)\VEX Robotics\VEXcode Pro V5\sdk/vexv5\libv5rt.a(vex_mevent.cpp.obj)
                0x03807f6c                vex::mevent::operator int() const
 .text._ZN3vex5brain9_getIndexEv
                0x03807fb8       0x10 C:\Program Files (x86)\VEX Robotics\VEXcode Pro V5\sdk/vexv5\libv5rt.a(vex_brain.cpp.obj)
                0x03807fb8                vex::brain::_getIndex()
 .text._ZN3vex5brain3lcd9setCursorEll
                0x03807fc8       0x44 C:\Program Files (x86)\VEX Robotics\VEXcode Pro V5\sdk/vexv5\libv5rt.a(vex_brain.cpp.obj)
                0x03807fc8                vex::brain::lcd::setCursor(long, long)
 .text._ZN3vex5brain3lcd7setFontENS_8fontTypeE
                0x0380800c      0x23c C:\Program Files (x86)\VEX Robotics\VEXcode Pro V5\sdk/vexv5\libv5rt.a(vex_brain.cpp.obj)
                0x0380800c                vex::brain::lcd::setFont(vex::fontType)
 .text._ZN3vex5brain3lcdC2Ev
                0x03808248       0x94 C:\Program Files (x86)\VEX Robotics\VEXcode Pro V5\sdk/vexv5\libv5rt.a(vex_brain.cpp.obj)
                0x03808248                vex::brain::lcd::lcd()
                0x03808248                vex::brain::lcd::lcd()
 .text._ZN3vex5brainC2Ev
                0x038082dc       0x3c C:\Program Files (x86)\VEX Robotics\VEXcode Pro V5\sdk/vexv5\libv5rt.a(vex_brain.cpp.obj)
                0x038082dc                vex::brain::brain()
                0x038082dc                vex::brain::brain()
 .text._ZN3vex5brain3lcd7printAtEllPKcz
                0x03808318       0x54 C:\Program Files (x86)\VEX Robotics\VEXcode Pro V5\sdk/vexv5\libv5rt.a(vex_brain.cpp.obj)
                0x03808318                vex::brain::lcd::printAt(long, long, char const*, ...)
 .text._ZN3vex5brain3lcd12_clearScreenEm
                0x0380836c       0x38 C:\Program Files (x86)\VEX Robotics\VEXcode Pro V5\sdk/vexv5\libv5rt.a(vex_brain.cpp.obj)
                0x0380836c                vex::brain::lcd::_clearScreen(unsigned long)
 .text._ZN3vex5brain3lcd11clearScreenERKNS_5colorE
                0x038083a4       0x20 C:\Program Files (x86)\VEX Robotics\VEXcode Pro V5\sdk/vexv5\libv5rt.a(vex_brain.cpp.obj)
                0x038083a4                vex::brain::lcd::clearScreen(vex::color const&)
 .text._ZN3vex5brain3lcd11clearScreenEv
                0x038083c4       0x2c C:\Program Files (x86)\VEX Robotics\VEXcode Pro V5\sdk/vexv5\libv5rt.a(vex_brain.cpp.obj)
                0x038083c4                vex::brain::lcd::clearScreen()
 .text._ZN3vex5brain3lcd13drawRectangleEiiii
                0x038083f0       0xdc C:\Program Files (x86)\VEX Robotics\VEXcode Pro V5\sdk/vexv5\libv5rt.a(vex_brain.cpp.obj)
                0x038083f0                vex::brain::lcd::drawRectangle(int, int, int, int)
 .text._ZN3vex5brain3lcd14_drawRectangleEiiiim
                0x038084cc       0x74 C:\Program Files (x86)\VEX Robotics\VEXcode Pro V5\sdk/vexv5\libv5rt.a(vex_brain.cpp.obj)
                0x038084cc                vex::brain::lcd::_drawRectangle(int, int, int, int, unsigned long)
 .text._ZN3vex5brain3lcd10drawCircleEiii
                0x03808540       0xa4 C:\Program Files (x86)\VEX Robotics\VEXcode Pro V5\sdk/vexv5\libv5rt.a(vex_brain.cpp.obj)
                0x03808540                vex::brain::lcd::drawCircle(int, int, int)
 .text._ZN3vex5brain3lcd11_drawCircleEiiim
                0x038085e4       0x60 C:\Program Files (x86)\VEX Robotics\VEXcode Pro V5\sdk/vexv5\libv5rt.a(vex_brain.cpp.obj)
                0x038085e4                vex::brain::lcd::_drawCircle(int, int, int, unsigned long)
 .text._ZN3vex5brain3lcd9xPositionEv
                0x03808644       0x24 C:\Program Files (x86)\VEX Robotics\VEXcode Pro V5\sdk/vexv5\libv5rt.a(vex_brain.cpp.obj)
                0x03808644                vex::brain::lcd::xPosition()
 .text._ZN3vex5brain3lcd9yPositionEv
                0x03808668       0x24 C:\Program Files (x86)\VEX Robotics\VEXcode Pro V5\sdk/vexv5\libv5rt.a(vex_brain.cpp.obj)
                0x03808668                vex::brain::lcd::yPosition()
 .text._ZN3vex5brain3lcd20_validateImageBufferEPh
                0x0380868c       0x58 C:\Program Files (x86)\VEX Robotics\VEXcode Pro V5\sdk/vexv5\libv5rt.a(vex_brain.cpp.obj)
                0x0380868c                vex::brain::lcd::_validateImageBuffer(unsigned char*)
 .text._ZN3vex5brain3lcd17drawImageFromFileEPKcii
                0x038086e4      0x264 C:\Program Files (x86)\VEX Robotics\VEXcode Pro V5\sdk/vexv5\libv5rt.a(vex_brain.cpp.obj)
                0x038086e4                vex::brain::lcd::drawImageFromFile(char const*, int, int)
 .text._ZN3vex5brain6sdcard10isInsertedEv
                0x03808948        0x8 C:\Program Files (x86)\VEX Robotics\VEXcode Pro V5\sdk/vexv5\libv5rt.a(vex_brain.cpp.obj)
                0x03808948                vex::brain::sdcard::isInserted()
 .text._ZN3vex5brainD2Ev
                0x03808950       0x20 C:\Program Files (x86)\VEX Robotics\VEXcode Pro V5\sdk/vexv5\libv5rt.a(vex_brain.cpp.obj)
                0x03808950                vex::brain::~brain()
                0x03808950                vex::brain::~brain()
 .text._ZN3vex11competition8_disableEPv
                0x03808970       0xa4 C:\Program Files (x86)\VEX Robotics\VEXcode Pro V5\sdk/vexv5\libv5rt.a(vex_competition.cpp.obj)
                0x03808970                vex::competition::_disable(void*)
 .text._ZN3vex11competition11_autonomousEv
                0x03808a14       0x80 C:\Program Files (x86)\VEX Robotics\VEXcode Pro V5\sdk/vexv5\libv5rt.a(vex_competition.cpp.obj)
                0x03808a14                vex::competition::_autonomous()
 .text._ZN3vex11competition14_drivercontrolEv
                0x03808a94       0x80 C:\Program Files (x86)\VEX Robotics\VEXcode Pro V5\sdk/vexv5\libv5rt.a(vex_competition.cpp.obj)
                0x03808a94                vex::competition::_drivercontrol()
 .text._ZN3vex11competitionC2Ev
                0x03808b14      0x13c C:\Program Files (x86)\VEX Robotics\VEXcode Pro V5\sdk/vexv5\libv5rt.a(vex_competition.cpp.obj)
                0x03808b14                vex::competition::competition()