Archive member included because of file (symbol)

c:\Users\jatha\AppData\Roaming\Code\User\globalStorage\vexrobotics.vexcode\sdk\cpp\V5\V5_20240223_11_00_00/vexv5\libv5rt.a(v5_startup.c.obj)
                              (vexStartup)
c:\Users\jatha\AppData\Roaming\Code\User\globalStorage\vexrobotics.vexcode\sdk\cpp\V5\V5_20240223_11_00_00/vexv5\libv5rt.a(v5_util.c.obj)
                              c:\Users\jatha\AppData\Roaming\Code\User\globalStorage\vexrobotics.vexcode\sdk\cpp\V5\V5_20240223_11_00_00/vexv5\libv5rt.a(v5_startup.c.obj) (vexStdlibVersionLinked)
c:\Users\jatha\AppData\Roaming\Code\User\globalStorage\vexrobotics.vexcode\sdk\cpp\V5\V5_20240223_11_00_00/vexv5\libv5rt.a(v5_apijump.c.obj)
                              c:\Users\jatha\AppData\Roaming\Code\User\globalStorage\vexrobotics.vexcode\sdk\cpp\V5\V5_20240223_11_00_00/vexv5\libv5rt.a(v5_startup.c.obj) (vexPrivateApiEnable)
c:\Users\jatha\AppData\Roaming\Code\User\globalStorage\vexrobotics.vexcode\sdk\cpp\V5\V5_20240223_11_00_00/vexv5\libv5rt.a(v5_apiversions.c.obj)
                              c:\Users\jatha\AppData\Roaming\Code\User\globalStorage\vexrobotics.vexcode\sdk\cpp\V5\V5_20240223_11_00_00/vexv5\libv5rt.a(v5_apijump.c.obj) (vexSystemVersion)
c:\Users\jatha\AppData\Roaming\Code\User\globalStorage\vexrobotics.vexcode\sdk\cpp\V5\V5_20240223_11_00_00/vexv5\libv5rt.a(vex_global.cpp.obj)
                              build/src/main.o (vex::wait(double, vex::timeUnits))
c:\Users\jatha\AppData\Roaming\Code\User\globalStorage\vexrobotics.vexcode\sdk\cpp\V5\V5_20240223_11_00_00/vexv5\libv5rt.a(vex_device.cpp.obj)
                              build/src/ART/SmartDrive.o (vtable for vex::device)
c:\Users\jatha\AppData\Roaming\Code\User\globalStorage\vexrobotics.vexcode\sdk\cpp\V5\V5_20240223_11_00_00/vexv5\libv5rt.a(vex_motor.cpp.obj)
                              build/src/robotConfig.o (vex::motor::~motor())
c:\Users\jatha\AppData\Roaming\Code\User\globalStorage\vexrobotics.vexcode\sdk\cpp\V5\V5_20240223_11_00_00/vexv5\libv5rt.a(vex_imu.cpp.obj)
                              build/src/ART/SmartDrive.o (vex::inertial::setHeading(double, vex::rotationUnits))
c:\Users\jatha\AppData\Roaming\Code\User\globalStorage\vexrobotics.vexcode\sdk\cpp\V5\V5_20240223_11_00_00/vexv5\libv5rt.a(vex_rotation.cpp.obj)
                              build/src/robotConfig.o (vex::rotation::~rotation())
c:\Users\jatha\AppData\Roaming\Code\User\globalStorage\vexrobotics.vexcode\sdk\cpp\V5\V5_20240223_11_00_00/vexv5\libv5rt.a(vex_controller.cpp.obj)
                              build/src/robotConfig.o (vex::controller::~controller())
c:\Users\jatha\AppData\Roaming\Code\User\globalStorage\vexrobotics.vexcode\sdk\cpp\V5\V5_20240223_11_00_00/vexv5\libv5rt.a(vex_task.cpp.obj)
                              build/src/main.o (vex::task::task(int (*)()))
c:\Users\jatha\AppData\Roaming\Code\User\globalStorage\vexrobotics.vexcode\sdk\cpp\V5\V5_20240223_11_00_00/vexv5\libv5rt.a(vex_thread.cpp.obj)
                              c:\Users\jatha\AppData\Roaming\Code\User\globalStorage\vexrobotics.vexcode\sdk\cpp\V5\V5_20240223_11_00_00/vexv5\libv5rt.a(vex_global.cpp.obj) (vex::this_thread::sleep_for(unsigned long))
c:\Users\jatha\AppData\Roaming\Code\User\globalStorage\vexrobotics.vexcode\sdk\cpp\V5\V5_20240223_11_00_00/vexv5\libv5rt.a(vex_event.cpp.obj)
                              c:\Users\jatha\AppData\Roaming\Code\User\globalStorage\vexrobotics.vexcode\sdk\cpp\V5\V5_20240223_11_00_00/vexv5\libv5rt.a(vex_imu.cpp.obj) (vex::event::init(unsigned long, unsigned long, void (*)()))
c:\Users\jatha\AppData\Roaming\Code\User\globalStorage\vexrobotics.vexcode\sdk\cpp\V5\V5_20240223_11_00_00/vexv5\libv5rt.a(vex_mevent.cpp.obj)
                              c:\Users\jatha\AppData\Roaming\Code\User\globalStorage\vexrobotics.vexcode\sdk\cpp\V5\V5_20240223_11_00_00/vexv5\libv5rt.a(vex_controller.cpp.obj) (vex::mevent::mevent(unsigned long, unsigned long))
c:\Users\jatha\AppData\Roaming\Code\User\globalStorage\vexrobotics.vexcode\sdk\cpp\V5\V5_20240223_11_00_00/vexv5\libv5rt.a(vex_brain.cpp.obj)
                              build/src/main.o (vex::brain::lcd::setCursor(long, long))
c:\Users\jatha\AppData\Roaming\Code\User\globalStorage\vexrobotics.vexcode\sdk\cpp\V5\V5_20240223_11_00_00/vexv5\libv5rt.a(vex_competition.cpp.obj)
                              build/src/main.o (vex::competition::competition())
c:\Users\jatha\AppData\Roaming\Code\User\globalStorage\vexrobotics.vexcode\sdk\cpp\V5\V5_20240223_11_00_00/vexv5\libv5rt.a(vex_triport.cpp.obj)
                              c:\Users\jatha\AppData\Roaming\Code\User\globalStorage\vexrobotics.vexcode\sdk\cpp\V5\V5_20240223_11_00_00/vexv5\libv5rt.a(vex_brain.cpp.obj) (vex::triport::~triport())
c:\Users\jatha\AppData\Roaming\Code\User\globalStorage\vexrobotics.vexcode\sdk\cpp\V5\V5_20240223_11_00_00/vexv5\libv5rt.a(vex_color.cpp.obj)
[...]
Memory Configuration

Name             Origin             Length             Attributes
ps7_ddr_0_S_AXI_BASEADDR 0x03800000         0x04800000
*default*        0x00000000         0xffffffff

Linker script and memory map

                0x00002000                _STACK_SIZE = DEFINED (_STACK_SIZE)?_STACK_SIZE:0x2000
                0x00100000                _HEAP_SIZE = DEFINED (_HEAP_SIZE)?_HEAP_SIZE:0x100000
                0x00000400                _ABORT_STACK_SIZE = DEFINED (_ABORT_STACK_SIZE)?_ABORT_STACK_SIZE:0x400
                0x00000800                _SUPERVISOR_STACK_SIZE = DEFINED (_SUPERVISOR_STACK_SIZE)?_SUPERVISOR_STACK_SIZE:0x800
                0x00000400                _IRQ_STACK_SIZE = DEFINED (_IRQ_STACK_SIZE)?_IRQ_STACK_SIZE:0x400
                0x00000400                _FIQ_STACK_SIZE = DEFINED (_FIQ_STACK_SIZE)?_FIQ_STACK_SIZE:0x400
                0x00000400                _UNDEF_STACK_SIZE = DEFINED (_UNDEF_STACK_SIZE)?_UNDEF_STACK_SIZE:0x400

.text           0x03800000     0x52c8
 *(.vectors)
 *(.boot_data)
 .boot_data     0x03800000       0x20 c:\Users\jatha\AppData\Roaming\Code\User\globalStorage\vexrobotics.vexcode\sdk\cpp\V5\V5_20240223_11_00_00/vexv5\libv5rt.a(v5_startup.c.obj)
                0x03800000                vexCodeSig
                0x00000020                . = 0x20
 *(.boot)
 .boot          0x03800020       0xbc c:\Users\jatha\AppData\Roaming\Code\User\globalStorage\vexrobotics.vexcode\sdk\cpp\V5\V5_20240223_11_00_00/vexv5\libv5rt.a(v5_startup.c.obj)
                0x03800020                vexStartup
                0x03800100                . = ALIGN (0x40)
 *fill*         0x038000dc       0x24 
 *(.freertos_vectors)
 *(.text)
 .text          0x03800100       0x9a c:\Users\jatha\AppData\Roaming\Code\User\globalStorage\vexrobotics.vexcode\sdk\cpp\V5\V5_20240223_11_00_00/vexv5/gcc/libs\libc.a(lib_a-aeabi_memset-soft.o)
                0x03800100                __aeabi_memset8
                0x03800100                __aeabi_memset
                0x03800100                __aeabi_memset4
 *fill*         0x0380019a        0x2 
 .text          0x0380019c      0x21c c:\Users\jatha\AppData\Roaming\Code\User\globalStorage\vexrobotics.vexcode\sdk\cpp\V5\V5_20240223_11_00_00/vexv5/gcc/libs\libgcc.a(_arm_addsubsf3.o)
                0x0380019c                __aeabi_frsub
                0x038001a4                __subsf3
                0x038001a4                __aeabi_fsub
                0x038001a8                __addsf3
                0x038001a8                __aeabi_fadd
                0x03800308                __aeabi_ui2f
                0x03800308                __floatunsisf
                0x03800310                __floatsisf
                0x03800310                __aeabi_i2f
                0x0380032c                __aeabi_ul2f
                0x0380032c                __floatundisf
                0x0380033c                __aeabi_l2f
                0x0380033c                __floatdisf
 .text          0x038003b8       0x38 c:\Users\jatha\AppData\Roaming\Code\User\globalStorage\vexrobotics.vexcode\sdk\cpp\V5\V5_20240223_11_00_00/vexv5/gcc/libs\libgcc.a(_aeabi_ldivmod.o)
                0x038003b8                __aeabi_ldivmod
 *(.text.*)
 .text._Z10autonomousv
                0x038003f0       0x5c build/src/main.o
                0x038003f0                autonomous()
 *fill*         0x0380044c        0x4 
 .text._Z11usercontrolv
                0x03800450      0x238 build/src/main.o
                0x03800450                usercontrol()
 .text._Z8trackingv
                0x03800688       0x1c build/src/main.o
                0x03800688                tracking()
 *fill*         0x038006a4        0x4 
 .text.main     0x038006a8       0x78 build/src/main.o
                0x038006a8                main
 .text._GLOBAL__sub_I_main.cpp
                0x03800720       0x34 build/src/main.o
 .text._ZN3vex11motor_groupC2IJNS_5motorES2_EEERS2_DpRT_
                0x03800754       0x44 build/src/robotConfig.o
                0x03800754                vex::motor_group::motor_group<vex::motor, vex::motor>(vex::motor&, vex::motor&, vex::motor&)
 .text._ZN3art9TankDriveD2Ev
                0x03800798       0x20 build/src/robotConfig.o
                0x03800798                art::TankDrive::~TankDrive()
 .text._ZN3art10SmartDriveD2Ev
                0x038007b8       0x74 build/src/robotConfig.o
                0x038007b8                art::SmartDrive::~SmartDrive()
 .text._ZN3art11SimpleMotorD0Ev
                0x0380082c       0x14 build/src/robotConfig.o
                0x0380082c                art::SimpleMotor::~SimpleMotor()
 .text._GLOBAL__sub_I_robotConfig.cpp
                0x03800840      0xb00 build/src/robotConfig.o
 .text._ZN3art10SmartDriveC2ENS_9TankDriveEN3vex8inertialE
                0x03801340      0x150 build/src/ART/SmartDrive.o
                0x03801340                art::SmartDrive::SmartDrive(art::TankDrive, vex::inertial)
                0x03801340                art::SmartDrive::SmartDrive(art::TankDrive, vex::inertial)
 .text._ZN3art10SmartDrive13withWheelSizeENS_6LengthE
                0x03801490        0xc build/src/ART/SmartDrive.o
                0x03801490                art::SmartDrive::withWheelSize(art::Length)
 .text._ZN3art10SmartDrive13withGearRatioEd
                0x0380149c        0xc build/src/ART/SmartDrive.o
                0x0380149c                art::SmartDrive::withGearRatio(double)
 .text._ZN3art10SmartDrive21withHorizontalTrackerEN3vex8rotationENS_6LengthEd
                0x038014a8       0xcc build/src/ART/SmartDrive.o
                0x038014a8                art::SmartDrive::withHorizontalTracker(vex::rotation, art::Length, double)
 *fill*         0x03801574        0x4 
 .text._ZN3art10SmartDrive5trackEv
                0x03801578      0x398 build/src/ART/SmartDrive.o
                0x03801578                art::SmartDrive::track()
 .text._ZN3art10SmartDrive13getLeftTravelEv
                0x03801910       0x80 build/src/ART/SmartDrive.o
                0x03801910                art::SmartDrive::getLeftTravel()
 .text._ZN3art10SmartDrive14getRightTravelEv
                0x03801990       0x80 build/src/ART/SmartDrive.o
                0x03801990                art::SmartDrive::getRightTravel()
 .text._ZN3art10SmartDrive17HorizontalTracker9getTravelEv
                0x03801a10       0xd4 build/src/ART/SmartDrive.o
                0x03801a10                art::SmartDrive::HorizontalTracker::getTravel()
 *fill*         0x03801ae4        0x4 
 .text._ZN3art10SmartDrive11driveForPIDENS_6LengthE
                0x03801ae8      0x288 build/src/ART/SmartDrive.o
                0x03801ae8                art::SmartDrive::driveForPID(art::Length)
 .text._ZN3art10SmartDrive15withDriveForPIDENS_3PIDE
                0x03801d70       0x38 build/src/ART/SmartDrive.o
                0x03801d70                art::SmartDrive::withDriveForPID(art::PID)
 .text._ZN3art10SmartDrive14withTurnForPIDENS_3PIDE
                0x03801da8       0x38 build/src/ART/SmartDrive.o
                0x03801da8                art::SmartDrive::withTurnForPID(art::PID)
 .text._ZN3art10SmartDrive13withTurnToPIDENS_3PIDE
                0x03801de0       0x38 build/src/ART/SmartDrive.o
                0x03801de0                art::SmartDrive::withTurnToPID(art::PID)
 .text._ZN3art10SmartDrive17HorizontalTrackerC2Ev
                0x03801e18       0x84 build/src/ART/SmartDrive.o
                0x03801e18                art::SmartDrive::HorizontalTracker::HorizontalTracker()
                0x03801e18                art::SmartDrive::HorizontalTracker::HorizontalTracker()
 .text._ZN3art10SmartDrive17HorizontalTrackerC2EN3vex8rotationENS_6LengthEd
                0x03801e9c       0xe8 build/src/ART/SmartDrive.o
                0x03801e9c                art::SmartDrive::HorizontalTracker::HorizontalTracker(vex::rotation, art::Length, double)
                0x03801e9c                art::SmartDrive::HorizontalTracker::HorizontalTracker(vex::rotation, art::Length, double)
 .text._ZNSt12__shared_ptrIN3vex8rotationELN9__gnu_cxx12_Lock_policyE0EEaSEOS4_
                0x03801f84       0x74 build/src/ART/SmartDrive.o
                0x03801f84                std::__shared_ptr<vex::rotation, (__gnu_cxx::_Lock_policy)0>::operator=(std::__shared_ptr<vex::rotation, (__gnu_cxx::_Lock_policy)0>&&)
 .text._ZNSt12__shared_ptrIN3vex8rotationELN9__gnu_cxx12_Lock_policyE0EEC2ISaIS1_EJRS1_EEESt19_Sp_make_shared_tagRKT_DpOT0_
                0x03801ff8       0xcc build/src/ART/SmartDrive.o
                0x03801ff8                std::__shared_ptr<vex::rotation, (__gnu_cxx::_Lock_policy)0>::__shared_ptr<std::allocator<vex::rotation>, vex::rotation&>(std::_Sp_make_shared_tag, std::allocator<vex::rotation> const&, vex::rotation&)
 .text._ZNSt19_Sp_counted_deleterIPN3vex8rotationENSt12__shared_ptrIS1_LN9__gnu_cxx12_Lock_policyE0EE8_DeleterISaIS1_EEES8_LS5_0EED2Ev
                0x038020c4        0x4 build/src/ART/SmartDrive.o
                0x038020c4                std::_Sp_counted_deleter<vex::rotation*, std::__shared_ptr<vex::rotation, (__gnu_cxx::_Lock_policy)0>::_Deleter<std::allocator<vex::rotation> >, std::allocator<vex::rotation>, (__gnu_cxx::_Lock_policy)0>::~_Sp_counted_deleter()
 .text._ZNSt19_Sp_counted_deleterIPN3vex8rotationENSt12__shared_ptrIS1_LN9__gnu_cxx12_Lock_policyE0EE8_DeleterISaIS1_EEES8_LS5_0EED0Ev
                0x038020c8        0x4 build/src/ART/SmartDrive.o
                0x038020c8                std::_Sp_counted_deleter<vex::rotation*, std::__shared_ptr<vex::rotation, (__gnu_cxx::_Lock_policy)0>::_Deleter<std::allocator<vex::rotation> >, std::allocator<vex::rotation>, (__gnu_cxx::_Lock_policy)0>::~_Sp_counted_deleter()
 .text._ZNSt19_Sp_counted_deleterIPN3vex8rotationENSt12__shared_ptrIS1_LN9__gnu_cxx12_Lock_policyE0EE8_DeleterISaIS1_EEES8_LS5_0EE10_M_disposeEv
                0x038020cc       0x28 build/src/ART/SmartDrive.o
                0x038020cc                std::_Sp_counted_deleter<vex::rotation*, std::__shared_ptr<vex::rotation, (__gnu_cxx::_Lock_policy)0>::_Deleter<std::allocator<vex::rotation> >, std::allocator<vex::rotation>, (__gnu_cxx::_Lock_policy)0>::_M_dispose()
 .text._ZNSt19_Sp_counted_deleterIPN3vex8rotationENSt12__shared_ptrIS1_LN9__gnu_cxx12_Lock_policyE0EE8_DeleterISaIS1_EEES8_LS5_0EE10_M_destroyEv
                0x038020f4        0x4 build/src/ART/SmartDrive.o
                0x038020f4                std::_Sp_counted_deleter<vex::rotation*, std::__shared_ptr<vex::rotation, (__gnu_cxx::_Lock_policy)0>::_Deleter<std::allocator<vex::rotation> >, std::allocator<vex::rotation>, (__gnu_cxx::_Lock_policy)0>::_M_destroy()
 .text._ZNSt19_Sp_counted_deleterIPN3vex8rotationENSt12__shared_ptrIS1_LN9__gnu_cxx12_Lock_policyE0EE8_DeleterISaIS1_EEES8_LS5_0EE14_M_get_deleterERKSt9type_info
                0x038020f8        0x8 build/src/ART/SmartDrive.o
                0x038020f8                std::_Sp_counted_deleter<vex::rotation*, std::__shared_ptr<vex::rotation, (__gnu_cxx::_Lock_policy)0>::_Deleter<std::allocator<vex::rotation> >, std::allocator<vex::rotation>, (__gnu_cxx::_Lock_policy)0>::_M_get_deleter(std::type_info const&)
 .text._ZN3art4Vec2C2Ev
                0x03802100        0xc build/src/ART/Vec2.o
                0x03802100                art::Vec2::Vec2()
                0x03802100                art::Vec2::Vec2()
 .text._ZNK3art4Vec2plERKS0_
                0x0380210c       0x18 build/src/ART/Vec2.o
                0x0380210c                art::Vec2::operator+(art::Vec2 const&) const
 .text._ZN3art4Vec29dirAndMagEdd
                0x03802124       0x54 build/src/ART/Vec2.o
                0x03802124                art::Vec2::dirAndMag(double, double)
 .text._ZN3art16SimpleMotorGroupC2EN3vex11motor_groupE
                0x03802178       0x34 build/src/ART/SimpleMotorGroup.o
                0x03802178                art::SimpleMotorGroup::SimpleMotorGroup(vex::motor_group)
                0x03802178                art::SimpleMotorGroup::SimpleMotorGroup(vex::motor_group)
 *fill*         0x038021ac        0x4 
 .text._ZN3art16SimpleMotorGroup3setEd
                0x038021b0       0x80 build/src/ART/SimpleMotorGroup.o
                0x038021b0                art::SimpleMotorGroup::set(double)
 .text._ZN3art3PIDC2Ev
                0x03802230       0x58 build/src/ART/PID.o
                0x03802230                art::PID::PID()
                0x03802230                art::PID::PID()
 .text._ZN3art3PID5resetEv
                0x03802288       0x50 build/src/ART/PID.o
                0x03802288                art::PID::reset()
 .text._ZN3art3PID13withConstantsEddd
                0x038022d8       0x1c build/src/ART/PID.o
                0x038022d8                art::PID::withConstants(double, double, double)
 .text._ZN3art3PID16withIntegralZoneEd
                0x038022f4       0x10 build/src/ART/PID.o
                0x038022f4                art::PID::withIntegralZone(double)
 .text._ZN3art3PID11withTimeoutEd
                0x03802304       0x10 build/src/ART/PID.o
                0x03802304                art::PID::withTimeout(double)
 .text._ZN3art3PID14withSettleZoneEd
                0x03802314       0x10 build/src/ART/PID.o
                0x03802314                art::PID::withSettleZone(double)
 .text._ZN3art3PID17withSettleTimeoutEd
                0x03802324       0x10 build/src/ART/PID.o
                0x03802324                art::PID::withSettleTimeout(double)
 .text._ZN3art3PID9calculateEd
                0x03802334       0xa0 build/src/ART/PID.o
                0x03802334                art::PID::calculate(double)
 .text._ZN3art3PID11isCompletedEv
                0x038023d4       0xe4 build/src/ART/PID.o
                0x038023d4                art::PID::isCompleted()
 .text._ZN3art3PID15getProportionalEv
                0x038024b8       0x14 build/src/ART/PID.o
                0x038024b8                art::PID::getProportional()
 .text._ZN3art3PID11getIntegralEv
                0x038024cc       0x14 build/src/ART/PID.o
                0x038024cc                art::PID::getIntegral()
 .text._ZN3art3PID13getDerivativeEv
                0x038024e0       0x14 build/src/ART/PID.o
                0x038024e0                art::PID::getDerivative()
 .text._ZN3art11SimpleMotorC2EN3vex5motorE
                0x038024f4       0x6c build/src/ART/SimpleMotor.o
                0x038024f4                art::SimpleMotor::SimpleMotor(vex::motor)
                0x038024f4                art::SimpleMotor::SimpleMotor(vex::motor)
 .text._ZN3art11SimpleMotor13withSpeedModeEb
                0x03802560        0x8 build/src/ART/SimpleMotor.o
                0x03802560                art::SimpleMotor::withSpeedMode(bool)
 .text._ZN3art11SimpleMotor3setEd
                0x03802568       0x80 build/src/ART/SimpleMotor.o
                0x03802568                art::SimpleMotor::set(double)
 .text._ZN3art9TankDriveC2EN3vex11motor_groupES2_
                0x038025e8       0x8c build/src/ART/TankDrive.o
                0x038025e8                art::TankDrive::TankDrive(vex::motor_group, vex::motor_group)
                0x038025e8                art::TankDrive::TankDrive(vex::motor_group, vex::motor_group)
 .text._ZN3art9TankDrive6arcadeEddd
                0x03802674       0x1c build/src/ART/TankDrive.o
                0x03802674                art::TankDrive::arcade(double, double, double)
 .text._ZN3art9TankDrive6updateEv
                0x03802690       0x3c build/src/ART/TankDrive.o
                0x03802690                art::TankDrive::update()
 .text._ZN3art9TankDrive6arcadeEdd
                0x038026cc       0x18 build/src/ART/TankDrive.o
                0x038026cc                art::TankDrive::arcade(double, double)
 *fill*         0x038026e4        0x4 
 .text._ZN3art9TankDrive21LeftSplitArcadeCurvedERKN3vex10controllerE
                0x038026e8       0xc8 build/src/ART/TankDrive.o
                0x038026e8                art::TankDrive::LeftSplitArcadeCurved(vex::controller const&)
 .text._ZN3art6Length6inchesEv
                0x038027b0       0x20 build/src/ART/Units.o
                0x038027b0                art::Length::inches()
 .text._ZN3art6LengthcvdEv
                0x038027d0        0xc build/src/ART/Units.o
                0x038027d0                art::Length::operator double()
 .text._ZN3art6LengthC2Ed
                0x038027dc       0x10 build/src/ART/Units.o
                0x038027dc                art::Length::Length(double)
                0x038027dc                art::Length::Length(double)
 .text._ZN3art6InchesEd
                0x038027ec       0x14 build/src/ART/Units.o
                0x038027ec                art::Inches(double)
 .text._ZN3art7DegreesEd
                0x03802800       0x30 build/src/ART/Units.o
                0x03802800                art::Degrees(double)
 .text._ZN3art11RevolutionsEd
                0x03802830       0x20 build/src/ART/Units.o
                0x03802830                art::Revolutions(double)
 .text._ZN3art5AngleC2Ev
                0x03802850       0x10 build/src/ART/Units.o
                0x03802850                art::Angle::Angle()
                0x03802850                art::Angle::Angle()
 .text._ZN3art5AngleC2Ed
                0x03802860       0x10 build/src/ART/Units.o
                0x03802860                art::Angle::Angle(double)
                0x03802860                art::Angle::Angle(double)
 .text._ZN3art5AnglecvdEv
                0x03802870        0xc build/src/ART/Units.o
                0x03802870                art::Angle::operator double()
 *fill*         0x0380287c        0x4 
 .text._ZN3art5Angle7degreesEv
                0x03802880       0x30 build/src/ART/Units.o
                0x03802880                art::Angle::degrees()
 .text._ZN3art5Angle11revolutionsEv
                0x038028b0       0x20 build/src/ART/Units.o
                0x038028b0                art::Angle::revolutions()
 .text.vexMain  0x038028d0       0xb0 c:\Users\jatha\AppData\Roaming\Code\User\globalStorage\vexrobotics.vexcode\sdk\cpp\V5\V5_20240223_11_00_00/vexv5\libv5rt.a(v5_startup.c.obj)
                0x038028d0                vexMain
 .text.__vex_function_prolog
                0x03802980       0x18 c:\Users\jatha\AppData\Roaming\Code\User\globalStorage\vexrobotics.vexcode\sdk\cpp\V5\V5_20240223_11_00_00/vexv5\libv5rt.a(v5_startup.c.obj)
                0x03802980                __vex_function_prolog
 .text._init    0x03802998        0x4 c:\Users\jatha\AppData\Roaming\Code\User\globalStorage\vexrobotics.vexcode\sdk\cpp\V5\V5_20240223_11_00_00/vexv5\libv5rt.a(v5_startup.c.obj)
                0x03802998                _init
 .text._fini    0x0380299c        0x4 c:\Users\jatha\AppData\Roaming\Code\User\globalStorage\vexrobotics.vexcode\sdk\cpp\V5\V5_20240223_11_00_00/vexv5\libv5rt.a(v5_startup.c.obj)
                0x0380299c                _fini
 .text.vexStdlibVersionLinked
                0x038029a0        0xc c:\Users\jatha\AppData\Roaming\Code\User\globalStorage\vexrobotics.vexcode\sdk\cpp\V5\V5_20240223_11_00_00/vexv5\libv5rt.a(v5_util.c.obj)
                0x038029a0                vexStdlibVersionLinked
 .text.vexStdlibVersionVerify
                0x038029ac       0x30 c:\Users\jatha\AppData\Roaming\Code\User\globalStorage\vexrobotics.vexcode\sdk\cpp\V5\V5_20240223_11_00_00/vexv5\libv5rt.a(v5_util.c.obj)
                0x038029ac                vexStdlibVersionVerify
 .text.vexPrivateApiEnable
                0x038029dc       0x10 c:\Users\jatha\AppData\Roaming\Code\User\globalStorage\vexrobotics.vexcode\sdk\cpp\V5\V5_20240223_11_00_00/vexv5\libv5rt.a(v5_apijump.c.obj)
                0x038029dc                vexPrivateApiEnable
 .text.vexStdlibMismatchError
                0x038029ec       0x3c c:\Users\jatha\AppData\Roaming\Code\User\globalStorage\vexrobotics.vexcode\sdk\cpp\V5\V5_20240223_11_00_00/vexv5\libv5rt.a(v5_apijump.c.obj)
                0x038029ec                vexStdlibMismatchError
 .text.vexTaskAdd
                0x03802a28       0x10 c:\Users\jatha\AppData\Roaming\Code\User\globalStorage\vexrobotics.vexcode\sdk\cpp\V5\V5_20240223_11_00_00/vexv5\libv5rt.a(v5_apijump.c.obj)
                0x03802a28                vexTaskAdd
 .text.vexTasksRun
                0x03802a38       0x10 c:\Users\jatha\AppData\Roaming\Code\User\globalStorage\vexrobotics.vexcode\sdk\cpp\V5\V5_20240223_11_00_00/vexv5\libv5rt.a(v5_apijump.c.obj)
                0x03802a38                vexTasksRun
 .text.vexTaskYield
                0x03802a48       0x10 c:\Users\jatha\AppData\Roaming\Code\User\globalStorage\vexrobotics.vexcode\sdk\cpp\V5\V5_20240223_11_00_00/vexv5\libv5rt.a(v5_apijump.c.obj)
                0x03802a48                vexTaskYield
 .text.vexTaskCheckTimeslice
                0x03802a58       0x10 c:\Users\jatha\AppData\Roaming\Code\User\globalStorage\vexrobotics.vexcode\sdk\cpp\V5\V5_20240223_11_00_00/vexv5\libv5rt.a(v5_apijump.c.obj)
                0x03802a58                vexTaskCheckTimeslice
 .text.vexTaskSleep
                0x03802a68       0x10 c:\Users\jatha\AppData\Roaming\Code\User\globalStorage\vexrobotics.vexcode\sdk\cpp\V5\V5_20240223_11_00_00/vexv5\libv5rt.a(v5_apijump.c.obj)
                0x03802a68                vexTaskSleep
 .text.vexTasksDump
                0x03802a78       0x1c c:\Users\jatha\AppData\Roaming\Code\User\globalStorage\vexrobotics.vexcode\sdk\cpp\V5\V5_20240223_11_00_00/vexv5\libv5rt.a(v5_apijump.c.obj)
                0x03802a78                vexTasksDump
 .text.vexTaskGetTaskIndex
                0x03802a94       0x10 c:\Users\jatha\AppData\Roaming\Code\User\globalStorage\vexrobotics.vexcode\sdk\cpp\V5\V5_20240223_11_00_00/vexv5\libv5rt.a(v5_apijump.c.obj)
                0x03802a94                vexTaskGetTaskIndex
 .text.vexTaskStopAll
                0x03802aa4       0x10 c:\Users\jatha\AppData\Roaming\Code\User\globalStorage\vexrobotics.vexcode\sdk\cpp\V5\V5_20240223_11_00_00/vexv5\libv5rt.a(v5_apijump.c.obj)
                0x03802aa4                vexTaskStopAll
 .text.vexTaskRemoveAllUser
                0x03802ab4       0x34 c:\Users\jatha\AppData\Roaming\Code\User\globalStorage\vexrobotics.vexcode\sdk\cpp\V5\V5_20240223_11_00_00/vexv5\libv5rt.a(v5_apijump.c.obj)
                0x03802ab4                vexTaskRemoveAllUser
 .text.vexTaskCompletionIdSet
                0x03802ae8       0x10 c:\Users\jatha\AppData\Roaming\Code\User\globalStorage\vexrobotics.vexcode\sdk\cpp\V5\V5_20240223_11_00_00/vexv5\libv5rt.a(v5_apijump.c.obj)
                0x03802ae8                vexTaskCompletionIdSet
 .text.vexTaskStopWithId
                0x03802af8       0x10 c:\Users\jatha\AppData\Roaming\Code\User\globalStorage\vexrobotics.vexcode\sdk\cpp\V5\V5_20240223_11_00_00/vexv5\libv5rt.a(v5_apijump.c.obj)
                0x03802af8                vexTaskStopWithId
 .text.vexCriticalSection
                0x03802b08       0x2c c:\Users\jatha\AppData\Roaming\Code\User\globalStorage\vexrobotics.vexcode\sdk\cpp\V5\V5_20240223_11_00_00/vexv5\libv5rt.a(v5_apijump.c.obj)
                0x03802b08                vexCriticalSection
 .text.vexEventAdd
                0x03802b34       0x34 c:\Users\jatha\AppData\Roaming\Code\User\globalStorage\vexrobotics.vexcode\sdk\cpp\V5\V5_20240223_11_00_00/vexv5\libv5rt.a(v5_apijump.c.obj)
                0x03802b34                vexEventAdd
 .text.vexEventUserIndexGet
                0x03802b68       0x1c c:\Users\jatha\AppData\Roaming\Code\User\globalStorage\vexrobotics.vexcode\sdk\cpp\V5\V5_20240223_11_00_00/vexv5\libv5rt.a(v5_apijump.c.obj)
                0x03802b68                vexEventUserIndexGet
 .text.vexEventAddWithArg
                0x03802b84       0x3c c:\Users\jatha\AppData\Roaming\Code\User\globalStorage\vexrobotics.vexcode\sdk\cpp\V5\V5_20240223_11_00_00/vexv5\libv5rt.a(v5_apijump.c.obj)
                0x03802b84                vexEventAddWithArg
 .text.vexEventsCleanup
                0x03802bc0       0x2c c:\Users\jatha\AppData\Roaming\Code\User\globalStorage\vexrobotics.vexcode\sdk\cpp\V5\V5_20240223_11_00_00/vexv5\libv5rt.a(v5_apijump.c.obj)
                0x03802bc0                vexEventsCleanup
 .text.vexDebug
                0x03802bec       0x38 c:\Users\jatha\AppData\Roaming\Code\User\globalStorage\vexrobotics.vexcode\sdk\cpp\V5\V5_20240223_11_00_00/vexv5\libv5rt.a(v5_apijump.c.obj)
                0x03802bec                vexDebug
 .text.vex_sprintf
                0x03802c24       0x40 c:\Users\jatha\AppData\Roaming\Code\User\globalStorage\vexrobotics.vexcode\sdk\cpp\V5\V5_20240223_11_00_00/vexv5\libv5rt.a(v5_apijump.c.obj)
                0x03802c24                vex_sprintf
 .text.vex_vsnprintf
                0x03802c64       0x3c c:\Users\jatha\AppData\Roaming\Code\User\globalStorage\vexrobotics.vexcode\sdk\cpp\V5\V5_20240223_11_00_00/vexv5\libv5rt.a(v5_apijump.c.obj)
                0x03802c64                vex_vsnprintf
 .text.vexSystemTimeGet
                0x03802ca0       0x1c c:\Users\jatha\AppData\Roaming\Code\User\globalStorage\vexrobotics.vexcode\sdk\cpp\V5\V5_20240223_11_00_00/vexv5\libv5rt.a(v5_apijump.c.obj)
                0x03802ca0                vexSystemTimeGet
 .text.vexSystemExitRequest
                0x03802cbc       0x1c c:\Users\jatha\AppData\Roaming\Code\User\globalStorage\vexrobotics.vexcode\sdk\cpp\V5\V5_20240223_11_00_00/vexv5\libv5rt.a(v5_apijump.c.obj)
                0x03802cbc                vexSystemExitRequest
 .text.vexDeviceGetByIndex
                0x03802cd8       0x24 c:\Users\jatha\AppData\Roaming\Code\User\globalStorage\vexrobotics.vexcode\sdk\cpp\V5\V5_20240223_11_00_00/vexv5\libv5rt.a(v5_apijump.c.obj)
                0x03802cd8                vexDeviceGetByIndex
 .text.vexControllerGet
                0x03802cfc       0x2c c:\Users\jatha\AppData\Roaming\Code\User\globalStorage\vexrobotics.vexcode\sdk\cpp\V5\V5_20240223_11_00_00/vexv5\libv5rt.a(v5_apijump.c.obj)
                0x03802cfc                vexControllerGet
 .text.vexDeviceAdiPortConfigSet
                0x03802d28       0x34 c:\Users\jatha\AppData\Roaming\Code\User\globalStorage\vexrobotics.vexcode\sdk\cpp\V5\V5_20240223_11_00_00/vexv5\libv5rt.a(v5_apijump.c.obj)
                0x03802d28                vexDeviceAdiPortConfigSet
 .text.vexDeviceAdiPortConfigGet
                0x03802d5c       0x2c c:\Users\jatha\AppData\Roaming\Code\User\globalStorage\vexrobotics.vexcode\sdk\cpp\V5\V5_20240223_11_00_00/vexv5\libv5rt.a(v5_apijump.c.obj)
                0x03802d5c                vexDeviceAdiPortConfigGet
 .text.vexDeviceAdiValueSet
                0x03802d88       0x34 c:\Users\jatha\AppData\Roaming\Code\User\globalStorage\vexrobotics.vexcode\sdk\cpp\V5\V5_20240223_11_00_00/vexv5\libv5rt.a(v5_apijump.c.obj)
                0x03802d88                vexDeviceAdiValueSet
 .text.vexDeviceMotorVelocitySet
                0x03802dbc       0x2c c:\Users\jatha\AppData\Roaming\Code\User\globalStorage\vexrobotics.vexcode\sdk\cpp\V5\V5_20240223_11_00_00/vexv5\libv5rt.a(v5_apijump.c.obj)
                0x03802dbc                vexDeviceMotorVelocitySet
 .text.vexDeviceMotorVoltageSet
                0x03802de8       0x2c c:\Users\jatha\AppData\Roaming\Code\User\globalStorage\vexrobotics.vexcode\sdk\cpp\V5\V5_20240223_11_00_00/vexv5\libv5rt.a(v5_apijump.c.obj)
                0x03802de8                vexDeviceMotorVoltageSet
 .text.vexDeviceMotorActualVelocityGet
                0x03802e14       0x24 c:\Users\jatha\AppData\Roaming\Code\User\globalStorage\vexrobotics.vexcode\sdk\cpp\V5\V5_20240223_11_00_00/vexv5\libv5rt.a(v5_apijump.c.obj)
                0x03802e14                vexDeviceMotorActualVelocityGet
 .text.vexDeviceMotorReverseFlagSet
                0x03802e38       0x2c c:\Users\jatha\AppData\Roaming\Code\User\globalStorage\vexrobotics.vexcode\sdk\cpp\V5\V5_20240223_11_00_00/vexv5\libv5rt.a(v5_apijump.c.obj)
                0x03802e38                vexDeviceMotorReverseFlagSet
 .text.vexDeviceMotorEncoderUnitsSet
                0x03802e64       0x2c c:\Users\jatha\AppData\Roaming\Code\User\globalStorage\vexrobotics.vexcode\sdk\cpp\V5\V5_20240223_11_00_00/vexv5\libv5rt.a(v5_apijump.c.obj)
                0x03802e64                vexDeviceMotorEncoderUnitsSet
 .text.vexDeviceMotorBrakeModeSet
                0x03802e90       0x2c c:\Users\jatha\AppData\Roaming\Code\User\globalStorage\vexrobotics.vexcode\sdk\cpp\V5\V5_20240223_11_00_00/vexv5\libv5rt.a(v5_apijump.c.obj)
                0x03802e90                vexDeviceMotorBrakeModeSet
 .text.vexDeviceMotorPositionSet
                0x03802ebc       0x34 c:\Users\jatha\AppData\Roaming\Code\User\globalStorage\vexrobotics.vexcode\sdk\cpp\V5\V5_20240223_11_00_00/vexv5\libv5rt.a(v5_apijump.c.obj)
                0x03802ebc                vexDeviceMotorPositionSet
 .text.vexDeviceMotorPositionGet
                0x03802ef0       0x24 c:\Users\jatha\AppData\Roaming\Code\User\globalStorage\vexrobotics.vexcode\sdk\cpp\V5\V5_20240223_11_00_00/vexv5\libv5rt.a(v5_apijump.c.obj)
                0x03802ef0                vexDeviceMotorPositionGet
 .text.vexDeviceMotorGearingSet
                0x03802f14       0x2c c:\Users\jatha\AppData\Roaming\Code\User\globalStorage\vexrobotics.vexcode\sdk\cpp\V5\V5_20240223_11_00_00/vexv5\libv5rt.a(v5_apijump.c.obj)
                0x03802f14                vexDeviceMotorGearingSet
 .text.vexDeviceMotorGearingGet
                0x03802f40       0x24 c:\Users\jatha\AppData\Roaming\Code\User\globalStorage\vexrobotics.vexcode\sdk\cpp\V5\V5_20240223_11_00_00/vexv5\libv5rt.a(v5_apijump.c.obj)
                0x03802f40                vexDeviceMotorGearingGet
 .text.vexDeviceImuReset
                0x03802f64       0x24 c:\Users\jatha\AppData\Roaming\Code\User\globalStorage\vexrobotics.vexcode\sdk\cpp\V5\V5_20240223_11_00_00/vexv5\libv5rt.a(v5_apijump.c.obj)
                0x03802f64                vexDeviceImuReset
 .text.vexDeviceImuHeadingGet
                0x03802f88       0x24 c:\Users\jatha\AppData\Roaming\Code\User\globalStorage\vexrobotics.vexcode\sdk\cpp\V5\V5_20240223_11_00_00/vexv5\libv5rt.a(v5_apijump.c.obj)
                0x03802f88                vexDeviceImuHeadingGet
 .text.vexDeviceImuDegreesGet
                0x03802fac       0x24 c:\Users\jatha\AppData\Roaming\Code\User\globalStorage\vexrobotics.vexcode\sdk\cpp\V5\V5_20240223_11_00_00/vexv5\libv5rt.a(v5_apijump.c.obj)
                0x03802fac                vexDeviceImuDegreesGet
 .text.vexDeviceImuStatusGet
                0x03802fd0       0x24 c:\Users\jatha\AppData\Roaming\Code\User\globalStorage\vexrobotics.vexcode\sdk\cpp\V5\V5_20240223_11_00_00/vexv5\libv5rt.a(v5_apijump.c.obj)
                0x03802fd0                vexDeviceImuStatusGet
 .text.vexDeviceAbsEncPositionSet
                0x03802ff4       0x2c c:\Users\jatha\AppData\Roaming\Code\User\globalStorage\vexrobotics.vexcode\sdk\cpp\V5\V5_20240223_11_00_00/vexv5\libv5rt.a(v5_apijump.c.obj)
                0x03802ff4                vexDeviceAbsEncPositionSet
 .text.vexDeviceAbsEncPositionGet
                0x03803020       0x24 c:\Users\jatha\AppData\Roaming\Code\User\globalStorage\vexrobotics.vexcode\sdk\cpp\V5\V5_20240223_11_00_00/vexv5\libv5rt.a(v5_apijump.c.obj)
                0x03803020                vexDeviceAbsEncPositionGet
 .text.vexDeviceAbsEncAngleGet
                0x03803044       0x24 c:\Users\jatha\AppData\Roaming\Code\User\globalStorage\vexrobotics.vexcode\sdk\cpp\V5\V5_20240223_11_00_00/vexv5\libv5rt.a(v5_apijump.c.obj)
                0x03803044                vexDeviceAbsEncAngleGet
 .text.vexDeviceAbsEncReverseFlagSet
                0x03803068       0x2c c:\Users\jatha\AppData\Roaming\Code\User\globalStorage\vexrobotics.vexcode\sdk\cpp\V5\V5_20240223_11_00_00/vexv5\libv5rt.a(v5_apijump.c.obj)
                0x03803068                vexDeviceAbsEncReverseFlagSet
 .text.vexDisplayForegroundColor
                0x03803094       0x24 c:\Users\jatha\AppData\Roaming\Code\User\globalStorage\vexrobotics.vexcode\sdk\cpp\V5\V5_20240223_11_00_00/vexv5\libv5rt.a(v5_apijump.c.obj)
                0x03803094                vexDisplayForegroundColor
 .text.vexDisplayBackgroundColor
                0x038030b8       0x24 c:\Users\jatha\AppData\Roaming\Code\User\globalStorage\vexrobotics.vexcode\sdk\cpp\V5\V5_20240223_11_00_00/vexv5\libv5rt.a(v5_apijump.c.obj)
                0x038030b8                vexDisplayBackgroundColor
 .text.vexDisplayVPrintf
                0x038030dc       0x50 c:\Users\jatha\AppData\Roaming\Code\User\globalStorage\vexrobotics.vexcode\sdk\cpp\V5\V5_20240223_11_00_00/vexv5\libv5rt.a(v5_apijump.c.obj)
                0x038030dc                vexDisplayVPrintf
 .text.vexDisplayTextReference
                0x0380312c       0x24 c:\Users\jatha\AppData\Roaming\Code\User\globalStorage\vexrobotics.vexcode\sdk\cpp\V5\V5_20240223_11_00_00/vexv5\libv5rt.a(v5_apijump.c.obj)
                0x0380312c                vexDisplayTextReference
 .text.vexDisplayTextSize
                0x03803150       0x2c c:\Users\jatha\AppData\Roaming\Code\User\globalStorage\vexrobotics.vexcode\sdk\cpp\V5\V5_20240223_11_00_00/vexv5\libv5rt.a(v5_apijump.c.obj)
                0x03803150                vexDisplayTextSize
 .text.vexDisplayFontNamedSet
                0x0380317c       0x24 c:\Users\jatha\AppData\Roaming\Code\User\globalStorage\vexrobotics.vexcode\sdk\cpp\V5\V5_20240223_11_00_00/vexv5\libv5rt.a(v5_apijump.c.obj)
                0x0380317c                vexDisplayFontNamedSet
 .text.vexDisplayStringWidthGet
                0x038031a0       0x24 c:\Users\jatha\AppData\Roaming\Code\User\globalStorage\vexrobotics.vexcode\sdk\cpp\V5\V5_20240223_11_00_00/vexv5\libv5rt.a(v5_apijump.c.obj)
                0x038031a0                vexDisplayStringWidthGet
 .text.vexSystemStdlibImpureDataAddr
                0x038031c4       0x28 c:\Users\jatha\AppData\Roaming\Code\User\globalStorage\vexrobotics.vexcode\sdk\cpp\V5\V5_20240223_11_00_00/vexv5\libv5rt.a(v5_apijump.c.obj)
                0x038031c4                vexSystemStdlibImpureDataAddr
 .text.vexSystemStdlibImpureDataSize
                0x038031ec       0x28 c:\Users\jatha\AppData\Roaming\Code\User\globalStorage\vexrobotics.vexcode\sdk\cpp\V5\V5_20240223_11_00_00/vexv5\libv5rt.a(v5_apijump.c.obj)
                0x038031ec                vexSystemStdlibImpureDataSize
 .text.vexSystemSaveUserData
                0x03803214       0x3c c:\Users\jatha\AppData\Roaming\Code\User\globalStorage\vexrobotics.vexcode\sdk\cpp\V5\V5_20240223_11_00_00/vexv5\libv5rt.a(v5_apijump.c.obj)
                0x03803214                vexSystemSaveUserData
 .text.vexDisplayThemeIdGet
                0x03803250       0x38 c:\Users\jatha\AppData\Roaming\Code\User\globalStorage\vexrobotics.vexcode\sdk\cpp\V5\V5_20240223_11_00_00/vexv5\libv5rt.a(v5_apijump.c.obj)
                0x03803250                vexDisplayThemeIdGet
 .text.vexDeviceEventMaskSet
                0x03803288       0x48 c:\Users\jatha\AppData\Roaming\Code\User\globalStorage\vexrobotics.vexcode\sdk\cpp\V5\V5_20240223_11_00_00/vexv5\libv5rt.a(v5_apijump.c.obj)
                0x03803288                vexDeviceEventMaskSet
 .text.vexDeviceEventMaskGet
                0x038032d0       0x3c c:\Users\jatha\AppData\Roaming\Code\User\globalStorage\vexrobotics.vexcode\sdk\cpp\V5\V5_20240223_11_00_00/vexv5\libv5rt.a(v5_apijump.c.obj)
                0x038032d0                vexDeviceEventMaskGet
 .text.vexDeviceEventBitsSet
                0x0380330c       0x48 c:\Users\jatha\AppData\Roaming\Code\User\globalStorage\vexrobotics.vexcode\sdk\cpp\V5\V5_20240223_11_00_00/vexv5\libv5rt.a(v5_apijump.c.obj)
                0x0380330c                vexDeviceEventBitsSet
 .text.vexDeviceEventBitsGet
                0x03803354       0x3c c:\Users\jatha\AppData\Roaming\Code\User\globalStorage\vexrobotics.vexcode\sdk\cpp\V5\V5_20240223_11_00_00/vexv5\libv5rt.a(v5_apijump.c.obj)
                0x03803354                vexDeviceEventBitsGet
 .text.vexSystemVersion
                0x03803390       0x10 c:\Users\jatha\AppData\Roaming\Code\User\globalStorage\vexrobotics.vexcode\sdk\cpp\V5\V5_20240223_11_00_00/vexv5\libv5rt.a(v5_apiversions.c.obj)
                0x03803390                vexSystemVersion
 .text.vexStdlibVersion
                0x038033a0       0x10 c:\Users\jatha\AppData\Roaming\Code\User\globalStorage\vexrobotics.vexcode\sdk\cpp\V5\V5_20240223_11_00_00/vexv5\libv5rt.a(v5_apiversions.c.obj)
                0x038033a0                vexStdlibVersion
 .text._ZN3vex4waitEdNS_9timeUnitsE
                0x038033b0       0x30 c:\Users\jatha\AppData\Roaming\Code\User\globalStorage\vexrobotics.vexcode\sdk\cpp\V5\V5_20240223_11_00_00/vexv5\libv5rt.a(vex_global.cpp.obj)
                0x038033b0                vex::wait(double, vex::timeUnits)
 .text._ZN3vex6deviceD2Ev
                0x038033e0        0x4 c:\Users\jatha\AppData\Roaming\Code\User\globalStorage\vexrobotics.vexcode\sdk\cpp\V5\V5_20240223_11_00_00/vexv5\libv5rt.a(vex_device.cpp.obj)
                0x038033e0                vex::device::~device()
                0x038033e0                vex::device::~device()
 .text._ZN3vex6device5valueEv
                0x038033e4        0x8 c:\Users\jatha\AppData\Roaming\Code\User\globalStorage\vexrobotics.vexcode\sdk\cpp\V5\V5_20240223_11_00_00/vexv5\libv5rt.a(vex_device.cpp.obj)
                0x038033e4                vex::device::value()
 .text._ZN3vex6deviceD0Ev
                0x038033ec       0x14 c:\Users\jatha\AppData\Roaming\Code\User\globalStorage\vexrobotics.vexcode\sdk\cpp\V5\V5_20240223_11_00_00/vexv5\libv5rt.a(vex_device.cpp.obj)
                0x038033ec                vex::device::~device()
 .text._ZN3vex6device4initEl
                0x03803400       0x30 c:\Users\jatha\AppData\Roaming\Code\User\globalStorage\vexrobotics.vexcode\sdk\cpp\V5\V5_20240223_11_00_00/vexv5\libv5rt.a(vex_device.cpp.obj)
                0x03803400                vex::device::init(long)
 .text._ZN3vex6deviceC2El
                0x03803430       0x20 c:\Users\jatha\AppData\Roaming\Code\User\globalStorage\vexrobotics.vexcode\sdk\cpp\V5\V5_20240223_11_00_00/vexv5\libv5rt.a(vex_device.cpp.obj)
                0x03803430                vex::device::device(long)
                0x03803430                vex::device::device(long)
 .text._ZN3vex6device4typeEv
                0x03803450       0x10 c:\Users\jatha\AppData\Roaming\Code\User\globalStorage\vexrobotics.vexcode\sdk\cpp\V5\V5_20240223_11_00_00/vexv5\libv5rt.a(vex_device.cpp.obj)
                0x03803450                vex::device::type()
 .text._ZN3vex6device9installedEv
                0x03803460       0x14 c:\Users\jatha\AppData\Roaming\Code\User\globalStorage\vexrobotics.vexcode\sdk\cpp\V5\V5_20240223_11_00_00/vexv5\libv5rt.a(vex_device.cpp.obj)
                0x03803460                vex::device::installed()
 .text._ZN3vex5motorD2Ev
                0x03803474       0x20 c:\Users\jatha\AppData\Roaming\Code\User\globalStorage\vexrobotics.vexcode\sdk\cpp\V5\V5_20240223_11_00_00/vexv5\libv5rt.a(vex_motor.cpp.obj)
                0x03803474                vex::motor::~motor()
                0x03803474                vex::motor::~motor()
 .text._ZN3vex5motorD0Ev
                0x03803494       0x1c c:\Users\jatha\AppData\Roaming\Code\User\globalStorage\vexrobotics.vexcode\sdk\cpp\V5\V5_20240223_11_00_00/vexv5\libv5rt.a(vex_motor.cpp.obj)
                0x03803494                vex::motor::~motor()
 .text._ZN3vex5motor9installedEv
                0x038034b0       0x18 c:\Users\jatha\AppData\Roaming\Code\User\globalStorage\vexrobotics.vexcode\sdk\cpp\V5\V5_20240223_11_00_00/vexv5\libv5rt.a(vex_motor.cpp.obj)
                0x038034b0                vex::motor::installed()
 .text._ZN3vex5motor15defaultStoppingENS_9brakeTypeE
                0x038034c8       0x30 c:\Users\jatha\AppData\Roaming\Code\User\globalStorage\vexrobotics.vexcode\sdk\cpp\V5\V5_20240223_11_00_00/vexv5\libv5rt.a(vex_motor.cpp.obj)
                0x038034c8                vex::motor::defaultStopping(vex::brakeType)
 .text._ZN3vex5motorC2El
                0x038034f8       0x78 c:\Users\jatha\AppData\Roaming\Code\User\globalStorage\vexrobotics.vexcode\sdk\cpp\V5\V5_20240223_11_00_00/vexv5\libv5rt.a(vex_motor.cpp.obj)
                0x038034f8                vex::motor::motor(long)
                0x038034f8                vex::motor::motor(long)
 .text._ZN3vex5motorC2ElNS_11gearSettingEb
                0x03803570       0x34 c:\Users\jatha\AppData\Roaming\Code\User\globalStorage\vexrobotics.vexcode\sdk\cpp\V5\V5_20240223_11_00_00/vexv5\libv5rt.a(vex_motor.cpp.obj)
                0x03803570                vex::motor::motor(long, vex::gearSetting, bool)
                0x03803570                vex::motor::motor(long, vex::gearSetting, bool)
 *fill*         0x038035a4        0x4 
 .text._ZN3vex5motor4spinENS_13directionTypeEdNS_12voltageUnitsE
                0x038035a8       0x50 c:\Users\jatha\AppData\Roaming\Code\User\globalStorage\vexrobotics.vexcode\sdk\cpp\V5\V5_20240223_11_00_00/vexv5\libv5rt.a(vex_motor.cpp.obj)
                0x038035a8                vex::motor::spin(vex::directionType, double, vex::voltageUnits)
 .text._ZN3vex5motor16velocityToScaledEdNS_13velocityUnitsE
                0x038035f8       0x5c c:\Users\jatha\AppData\Roaming\Code\User\globalStorage\vexrobotics.vexcode\sdk\cpp\V5\V5_20240223_11_00_00/vexv5\libv5rt.a(vex_motor.cpp.obj)
                0x038035f8                vex::motor::velocityToScaled(double, vex::velocityUnits)
 .text._ZN3vex5motor8velocityENS_13velocityUnitsE
                0x03803654       0x30 c:\Users\jatha\AppData\Roaming\Code\User\globalStorage\vexrobotics.vexcode\sdk\cpp\V5\V5_20240223_11_00_00/vexv5\libv5rt.a(vex_motor.cpp.obj)
                0x03803654                vex::motor::velocity(vex::velocityUnits)
 .text._ZN3vex5motor5valueEv
                0x03803684       0x1c c:\Users\jatha\AppData\Roaming\Code\User\globalStorage\vexrobotics.vexcode\sdk\cpp\V5\V5_20240223_11_00_00/vexv5\libv5rt.a(vex_motor.cpp.obj)
                0x03803684                vex::motor::value()
 .text._ZN3vex5motor16scaledToVelocityEdNS_13velocityUnitsE
                0x038036a0       0xa4 c:\Users\jatha\AppData\Roaming\Code\User\globalStorage\vexrobotics.vexcode\sdk\cpp\V5\V5_20240223_11_00_00/vexv5\libv5rt.a(vex_motor.cpp.obj)
                0x038036a0                vex::motor::scaledToVelocity(double, vex::velocityUnits)
 .text._ZN3vex5motor4spinENS_13directionTypeEdNS_13velocityUnitsE
                0x03803744       0x5c c:\Users\jatha\AppData\Roaming\Code\User\globalStorage\vexrobotics.vexcode\sdk\cpp\V5\V5_20240223_11_00_00/vexv5\libv5rt.a(vex_motor.cpp.obj)
                0x03803744                vex::motor::spin(vex::directionType, double, vex::velocityUnits)
 .text._ZN3vex5motor16setRotationUnitsENS_13rotationUnitsE
                0x038037a0       0x1c c:\Users\jatha\AppData\Roaming\Code\User\globalStorage\vexrobotics.vexcode\sdk\cpp\V5\V5_20240223_11_00_00/vexv5\libv5rt.a(vex_motor.cpp.obj)
                0x038037a0                vex::motor::setRotationUnits(vex::rotationUnits)
 .text._ZN3vex5motor8positionENS_13rotationUnitsE
                0x038037bc       0x44 c:\Users\jatha\AppData\Roaming\Code\User\globalStorage\vexrobotics.vexcode\sdk\cpp\V5\V5_20240223_11_00_00/vexv5\libv5rt.a(vex_motor.cpp.obj)
                0x038037bc                vex::motor::position(vex::rotationUnits)
 .text._ZN3vex8inertial11getTurnTypeEv
                0x03803800        0x8 c:\Users\jatha\AppData\Roaming\Code\User\globalStorage\vexrobotics.vexcode\sdk\cpp\V5\V5_20240223_11_00_00/vexv5\libv5rt.a(vex_imu.cpp.obj)
                0x03803800                vex::inertial::getTurnType()
 .text._ZThn16_N3vex8inertial11getTurnTypeEv
                0x03803808        0x8 c:\Users\jatha\AppData\Roaming\Code\User\globalStorage\vexrobotics.vexcode\sdk\cpp\V5\V5_20240223_11_00_00/vexv5\libv5rt.a(vex_imu.cpp.obj)
                0x03803808                non-virtual thunk to vex::inertial::getTurnType()
 .text._ZN3vex8inertial10setHeadingEdNS_13rotationUnitsE
                0x03803810       0x58 c:\Users\jatha\AppData\Roaming\Code\User\globalStorage\vexrobotics.vexcode\sdk\cpp\V5\V5_20240223_11_00_00/vexv5\libv5rt.a(vex_imu.cpp.obj)
                0x03803810                vex::inertial::setHeading(double, vex::rotationUnits)
 .text._ZThn16_N3vex8inertial10setHeadingEdNS_13rotationUnitsE
                0x03803868        0x8 c:\Users\jatha\AppData\Roaming\Code\User\globalStorage\vexrobotics.vexcode\sdk\cpp\V5\V5_20240223_11_00_00/vexv5\libv5rt.a(vex_imu.cpp.obj)
                0x03803868                non-virtual thunk to vex::inertial::setHeading(double, vex::rotationUnits)
 .text._ZN3vex8inertial11setRotationEdNS_13rotationUnitsE
                0x03803870       0x58 c:\Users\jatha\AppData\Roaming\Code\User\globalStorage\vexrobotics.vexcode\sdk\cpp\V5\V5_20240223_11_00_00/vexv5\libv5rt.a(vex_imu.cpp.obj)
                0x03803870                vex::inertial::setRotation(double, vex::rotationUnits)
 .text._ZThn16_N3vex8inertial11setRotationEdNS_13rotationUnitsE
                0x038038c8        0x8 c:\Users\jatha\AppData\Roaming\Code\User\globalStorage\vexrobotics.vexcode\sdk\cpp\V5\V5_20240223_11_00_00/vexv5\libv5rt.a(vex_imu.cpp.obj)
                0x038038c8                non-virtual thunk to vex::inertial::setRotation(double, vex::rotationUnits)
 .text._ZN3vex8inertialD2Ev
                0x038038d0       0x20 c:\Users\jatha\AppData\Roaming\Code\User\globalStorage\vexrobotics.vexcode\sdk\cpp\V5\V5_20240223_11_00_00/vexv5\libv5rt.a(vex_imu.cpp.obj)
                0x038038d0                vex::inertial::~inertial()
                0x038038d0                vex::inertial::~inertial()
 .text._ZThn16_N3vex8inertialD1Ev
                0x038038f0        0x8 c:\Users\jatha\AppData\Roaming\Code\User\globalStorage\vexrobotics.vexcode\sdk\cpp\V5\V5_20240223_11_00_00/vexv5\libv5rt.a(vex_imu.cpp.obj)
                0x038038f0                non-virtual thunk to vex::inertial::~inertial()
 .text._ZN3vex8inertialD0Ev
                0x038038f8       0x1c c:\Users\jatha\AppData\Roaming\Code\User\globalStorage\vexrobotics.vexcode\sdk\cpp\V5\V5_20240223_11_00_00/vexv5\libv5rt.a(vex_imu.cpp.obj)
                0x038038f8                vex::inertial::~inertial()
 .text._ZThn16_N3vex8inertialD0Ev
                0x03803914        0x8 c:\Users\jatha\AppData\Roaming\Code\User\globalStorage\vexrobotics.vexcode\sdk\cpp\V5\V5_20240223_11_00_00/vexv5\libv5rt.a(vex_imu.cpp.obj)
                0x03803914                non-virtual thunk to vex::inertial::~inertial()
 .text._ZN3vex8inertial9installedEv
                0x0380391c       0x18 c:\Users\jatha\AppData\Roaming\Code\User\globalStorage\vexrobotics.vexcode\sdk\cpp\V5\V5_20240223_11_00_00/vexv5\libv5rt.a(vex_imu.cpp.obj)
                0x0380391c                vex::inertial::installed()
 .text._ZN3vex8inertial5angleENS_13rotationUnitsE
                0x03803934       0x6c c:\Users\jatha\AppData\Roaming\Code\User\globalStorage\vexrobotics.vexcode\sdk\cpp\V5\V5_20240223_11_00_00/vexv5\libv5rt.a(vex_imu.cpp.obj)
                0x03803934                vex::inertial::angle(vex::rotationUnits)
 .text._ZThn16_N3vex8inertial5angleENS_13rotationUnitsE
                0x038039a0        0x8 c:\Users\jatha\AppData\Roaming\Code\User\globalStorage\vexrobotics.vexcode\sdk\cpp\V5\V5_20240223_11_00_00/vexv5\libv5rt.a(vex_imu.cpp.obj)
                0x038039a0                non-virtual thunk to vex::inertial::angle(vex::rotationUnits)
 .text._ZN3vex8inertial7headingENS_13rotationUnitsE
                0x038039a8        0x4 c:\Users\jatha\AppData\Roaming\Code\User\globalStorage\vexrobotics.vexcode\sdk\cpp\V5\V5_20240223_11_00_00/vexv5\libv5rt.a(vex_imu.cpp.obj)
                0x038039a8                vex::inertial::heading(vex::rotationUnits)
 .text._ZThn16_N3vex8inertial7headingENS_13rotationUnitsE
                0x038039ac        0x8 c:\Users\jatha\AppData\Roaming\Code\User\globalStorage\vexrobotics.vexcode\sdk\cpp\V5\V5_20240223_11_00_00/vexv5\libv5rt.a(vex_imu.cpp.obj)
                0x038039ac                non-virtual thunk to vex::inertial::heading(vex::rotationUnits)
 .text._ZN3vex8inertial5valueEv
                0x038039b4       0x1c c:\Users\jatha\AppData\Roaming\Code\User\globalStorage\vexrobotics.vexcode\sdk\cpp\V5\V5_20240223_11_00_00/vexv5\libv5rt.a(vex_imu.cpp.obj)
                0x038039b4                vex::inertial::value()
 .text._ZN3vex8inertial8rotationENS_13rotationUnitsE
                0x038039d0       0x48 c:\Users\jatha\AppData\Roaming\Code\User\globalStorage\vexrobotics.vexcode\sdk\cpp\V5\V5_20240223_11_00_00/vexv5\libv5rt.a(vex_imu.cpp.obj)
                0x038039d0                vex::inertial::rotation(vex::rotationUnits)
 .text._ZThn16_N3vex8inertial8rotationENS_13rotationUnitsE
                0x03803a18        0x8 c:\Users\jatha\AppData\Roaming\Code\User\globalStorage\vexrobotics.vexcode\sdk\cpp\V5\V5_20240223_11_00_00/vexv5\libv5rt.a(vex_imu.cpp.obj)
                0x03803a18                non-virtual thunk to vex::inertial::rotation(vex::rotationUnits)
 .text._ZN3vex8inertial13isCalibratingEv
                0x03803a20       0x38 c:\Users\jatha\AppData\Roaming\Code\User\globalStorage\vexrobotics.vexcode\sdk\cpp\V5\V5_20240223_11_00_00/vexv5\libv5rt.a(vex_imu.cpp.obj)
                0x03803a20                vex::inertial::isCalibrating()
 .text._ZThn16_N3vex8inertial13isCalibratingEv
                0x03803a58        0x8 c:\Users\jatha\AppData\Roaming\Code\User\globalStorage\vexrobotics.vexcode\sdk\cpp\V5\V5_20240223_11_00_00/vexv5\libv5rt.a(vex_imu.cpp.obj)
                0x03803a58                non-virtual thunk to vex::inertial::isCalibrating()
 .text._ZN3vex8inertialC2ElNS_8turnTypeE
                0x03803a60       0x4c c:\Users\jatha\AppData\Roaming\Code\User\globalStorage\vexrobotics.vexcode\sdk\cpp\V5\V5_20240223_11_00_00/vexv5\libv5rt.a(vex_imu.cpp.obj)
                0x03803a60                vex::inertial::inertial(long, vex::turnType)
                0x03803a60                vex::inertial::inertial(long, vex::turnType)
 .text._ZN3vex8inertial16startCalibrationEl
                0x03803aac       0x20 c:\Users\jatha\AppData\Roaming\Code\User\globalStorage\vexrobotics.vexcode\sdk\cpp\V5\V5_20240223_11_00_00/vexv5\libv5rt.a(vex_imu.cpp.obj)
                0x03803aac                vex::inertial::startCalibration(long)
 .text._ZN3vex8inertial9calibrateEl
                0x03803acc        0xc c:\Users\jatha\AppData\Roaming\Code\User\globalStorage\vexrobotics.vexcode\sdk\cpp\V5\V5_20240223_11_00_00/vexv5\libv5rt.a(vex_imu.cpp.obj)
                0x03803acc                vex::inertial::calibrate(long)
                0x03803ad0                non-virtual thunk to vex::inertial::calibrate(long)
 .text._ZN3vex8rotationD2Ev
                0x03803ad8       0x20 c:\Users\jatha\AppData\Roaming\Code\User\globalStorage\vexrobotics.vexcode\sdk\cpp\V5\V5_20240223_11_00_00/vexv5\libv5rt.a(vex_rotation.cpp.obj)
                0x03803ad8                vex::rotation::~rotation()
                0x03803ad8                vex::rotation::~rotation()
 .text._ZN3vex8rotationD0Ev
                0x03803af8       0x1c c:\Users\jatha\AppData\Roaming\Code\User\globalStorage\vexrobotics.vexcode\sdk\cpp\V5\V5_20240223_11_00_00/vexv5\libv5rt.a(vex_rotation.cpp.obj)
                0x03803af8                vex::rotation::~rotation()
 .text._ZN3vex8rotation9installedEv
                0x03803b14       0x18 c:\Users\jatha\AppData\Roaming\Code\User\globalStorage\vexrobotics.vexcode\sdk\cpp\V5\V5_20240223_11_00_00/vexv5\libv5rt.a(vex_rotation.cpp.obj)
                0x03803b14                vex::rotation::installed()
 .text._ZN3vex8rotation5valueEv
                0x03803b2c        0x8 c:\Users\jatha\AppData\Roaming\Code\User\globalStorage\vexrobotics.vexcode\sdk\cpp\V5\V5_20240223_11_00_00/vexv5\libv5rt.a(vex_rotation.cpp.obj)
                0x03803b2c                vex::rotation::value()
 .text._ZN3vex8rotationC2Elb
                0x03803b34       0x30 c:\Users\jatha\AppData\Roaming\Code\User\globalStorage\vexrobotics.vexcode\sdk\cpp\V5\V5_20240223_11_00_00/vexv5\libv5rt.a(vex_rotation.cpp.obj)
                0x03803b34                vex::rotation::rotation(long, bool)
                0x03803b34                vex::rotation::rotation(long, bool)
 *fill*         0x03803b64        0x4 
 .text._ZN3vex8rotation11setPositionEdNS_13rotationUnitsE
                0x03803b68       0x48 c:\Users\jatha\AppData\Roaming\Code\User\globalStorage\vexrobotics.vexcode\sdk\cpp\V5\V5_20240223_11_00_00/vexv5\libv5rt.a(vex_rotation.cpp.obj)
                0x03803b68                vex::rotation::setPosition(double, vex::rotationUnits)
 .text._ZN3vex8rotation8positionENS_13rotationUnitsE
                0x03803bb0       0x50 c:\Users\jatha\AppData\Roaming\Code\User\globalStorage\vexrobotics.vexcode\sdk\cpp\V5\V5_20240223_11_00_00/vexv5\libv5rt.a(vex_rotation.cpp.obj)
                0x03803bb0                vex::rotation::position(vex::rotationUnits)
 .text._ZN3vex10controllerD2Ev
                0x03803c00        0x4 c:\Users\jatha\AppData\Roaming\Code\User\globalStorage\vexrobotics.vexcode\sdk\cpp\V5\V5_20240223_11_00_00/vexv5\libv5rt.a(vex_controller.cpp.obj)
                0x03803c00                vex::controller::~controller()
                0x03803c00                vex::controller::~controller()
 .text._ZN3vex10controller5valueE19_V5_ControllerIndex
                0x03803c04        0x8 c:\Users\jatha\AppData\Roaming\Code\User\globalStorage\vexrobotics.vexcode\sdk\cpp\V5\V5_20240223_11_00_00/vexv5\libv5rt.a(vex_controller.cpp.obj)
                0x03803c04                vex::controller::value(_V5_ControllerIndex)
 .text._ZNK3vex10controller6button8pressingEv
                0x03803c0c       0xc8 c:\Users\jatha\AppData\Roaming\Code\User\globalStorage\vexrobotics.vexcode\sdk\cpp\V5\V5_20240223_11_00_00/vexv5\libv5rt.a(vex_controller.cpp.obj)
                0x03803c0c                vex::controller::button::pressing() const
 .text._ZNK3vex10controller6button21_buttonToPressedEventEv
                0x03803cd4       0x20 c:\Users\jatha\AppData\Roaming\Code\User\globalStorage\vexrobotics.vexcode\sdk\cpp\V5\V5_20240223_11_00_00/vexv5\libv5rt.a(vex_controller.cpp.obj)
                0x03803cd4                vex::controller::button::_buttonToPressedEvent() const
 .text._ZNK3vex10controller6button22_buttonToReleasedEventEv
                0x03803cf4       0x20 c:\Users\jatha\AppData\Roaming\Code\User\globalStorage\vexrobotics.vexcode\sdk\cpp\V5\V5_20240223_11_00_00/vexv5\libv5rt.a(vex_controller.cpp.obj)
                0x03803cf4                vex::controller::button::_buttonToReleasedEvent() const
 .text._ZN3vex10controller6buttonC2ENS0_11tButtonTypeEPS0_
                0x03803d14       0x48 c:\Users\jatha\AppData\Roaming\Code\User\globalStorage\vexrobotics.vexcode\sdk\cpp\V5\V5_20240223_11_00_00/vexv5\libv5rt.a(vex_controller.cpp.obj)
                0x03803d14                vex::controller::button::button(vex::controller::tButtonType, vex::controller*)
                0x03803d14                vex::controller::button::button(vex::controller::tButtonType, vex::controller*)
 .text._ZNK3vex10controller4axis5valueEv
                0x03803d5c       0x58 c:\Users\jatha\AppData\Roaming\Code\User\globalStorage\vexrobotics.vexcode\sdk\cpp\V5\V5_20240223_11_00_00/vexv5\libv5rt.a(vex_controller.cpp.obj)
                0x03803d5c                vex::controller::axis::value() const
 .text._ZNK3vex10controller4axis8positionENS_12percentUnitsE
                0x03803db4       0x1c c:\Users\jatha\AppData\Roaming\Code\User\globalStorage\vexrobotics.vexcode\sdk\cpp\V5\V5_20240223_11_00_00/vexv5\libv5rt.a(vex_controller.cpp.obj)
                0x03803db4                vex::controller::axis::position(vex::percentUnits) const
 .text._ZNK3vex10controller4axis23_joystickToChangedEventEv
                0x03803dd0       0x20 c:\Users\jatha\AppData\Roaming\Code\User\globalStorage\vexrobotics.vexcode\sdk\cpp\V5\V5_20240223_11_00_00/vexv5\libv5rt.a(vex_controller.cpp.obj)
                0x03803dd0                vex::controller::axis::_joystickToChangedEvent() const
 .text._ZN3vex10controller4axisC2ENS0_9tAxisTypeEPS0_
                0x03803df0       0x2c c:\Users\jatha\AppData\Roaming\Code\User\globalStorage\vexrobotics.vexcode\sdk\cpp\V5\V5_20240223_11_00_00/vexv5\libv5rt.a(vex_controller.cpp.obj)
                0x03803df0                vex::controller::axis::axis(vex::controller::tAxisType, vex::controller*)
                0x03803df0                vex::controller::axis::axis(vex::controller::tAxisType, vex::controller*)
 .text._ZN3vex10controllerC2Ev
                0x03803e1c      0x164 c:\Users\jatha\AppData\Roaming\Code\User\globalStorage\vexrobotics.vexcode\sdk\cpp\V5\V5_20240223_11_00_00/vexv5\libv5rt.a(vex_controller.cpp.obj)
                0x03803e1c                vex::controller::controller()
                0x03803e1c                vex::controller::controller()
 .text._ZN3vex4taskC2EPFivE
                0x03803f80       0x5c c:\Users\jatha\AppData\Roaming\Code\User\globalStorage\vexrobotics.vexcode\sdk\cpp\V5\V5_20240223_11_00_00/vexv5\libv5rt.a(vex_task.cpp.obj)
                0x03803f80                vex::task::task(int (*)())
                0x03803f80                vex::task::task(int (*)())
 .text._ZN3vex4taskD2Ev
                0x03803fdc        0x4 c:\Users\jatha\AppData\Roaming\Code\User\globalStorage\vexrobotics.vexcode\sdk\cpp\V5\V5_20240223_11_00_00/vexv5\libv5rt.a(vex_task.cpp.obj)
                0x03803fdc                vex::task::~task()
                0x03803fdc                vex::task::~task()
 .text._ZN3vex4task4stopEPvi
                0x03803fe0       0x1c c:\Users\jatha\AppData\Roaming\Code\User\globalStorage\vexrobotics.vexcode\sdk\cpp\V5\V5_20240223_11_00_00/vexv5\libv5rt.a(vex_task.cpp.obj)
                0x03803fe0                vex::task::stop(void*, int)
 .text._ZN3vex4task6_indexEPFivE
                0x03803ffc       0x14 c:\Users\jatha\AppData\Roaming\Code\User\globalStorage\vexrobotics.vexcode\sdk\cpp\V5\V5_20240223_11_00_00/vexv5\libv5rt.a(vex_task.cpp.obj)
                0x03803ffc                vex::task::_index(int (*)())
 .text._ZN3vex4task8_stopAllEv
                0x03804010       0x3c c:\Users\jatha\AppData\Roaming\Code\User\globalStorage\vexrobotics.vexcode\sdk\cpp\V5\V5_20240223_11_00_00/vexv5\libv5rt.a(vex_task.cpp.obj)
                0x03804010                vex::task::_stopAll()
 .text._ZN3vex11this_thread9sleep_forEm
                0x0380404c        0x4 c:\Users\jatha\AppData\Roaming\Code\User\globalStorage\vexrobotics.vexcode\sdk\cpp\V5\V5_20240223_11_00_00/vexv5\libv5rt.a(vex_thread.cpp.obj)
                0x0380404c                vex::this_thread::sleep_for(unsigned long)
 .text._ZN3vex5event4initEmmPFvvE
                0x03804050        0x4 c:\Users\jatha\AppData\Roaming\Code\User\globalStorage\vexrobotics.vexcode\sdk\cpp\V5\V5_20240223_11_00_00/vexv5\libv5rt.a(vex_event.cpp.obj)
                0x03804050                vex::event::init(unsigned long, unsigned long, void (*)())
 .text._ZN3vex5event4initEmmPFvPvES1_
                0x03804054        0x4 c:\Users\jatha\AppData\Roaming\Code\User\globalStorage\vexrobotics.vexcode\sdk\cpp\V5\V5_20240223_11_00_00/vexv5\libv5rt.a(vex_event.cpp.obj)
                0x03804054                vex::event::init(unsigned long, unsigned long, void (*)(void*), void*)
 .text._ZN3vex5event9userindexEv
                0x03804058        0x4 c:\Users\jatha\AppData\Roaming\Code\User\globalStorage\vexrobotics.vexcode\sdk\cpp\V5\V5_20240223_11_00_00/vexv5\libv5rt.a(vex_event.cpp.obj)
                0x03804058                vex::event::userindex()
 .text._ZZN3vex6meventC4EmmENUlvE_4_FUNEv
                0x0380405c        0x4 c:\Users\jatha\AppData\Roaming\Code\User\globalStorage\vexrobotics.vexcode\sdk\cpp\V5\V5_20240223_11_00_00/vexv5\libv5rt.a(vex_mevent.cpp.obj)
 .text._ZN3vex6meventC2Emm
                0x03804060       0x70 c:\Users\jatha\AppData\Roaming\Code\User\globalStorage\vexrobotics.vexcode\sdk\cpp\V5\V5_20240223_11_00_00/vexv5\libv5rt.a(vex_mevent.cpp.obj)
                0x03804060                vex::mevent::mevent(unsigned long, unsigned long)
                0x03804060                vex::mevent::mevent(unsigned long, unsigned long)
 .text._ZNK3vex6meventcviEv
                0x038040d0       0x4c c:\Users\jatha\AppData\Roaming\Code\User\globalStorage\vexrobotics.vexcode\sdk\cpp\V5\V5_20240223_11_00_00/vexv5\libv5rt.a(vex_mevent.cpp.obj)
                0x038040d0                vex::mevent::operator int() const
 .text._ZN3vex5brain9_getIndexEv
                0x0380411c       0x10 c:\Users\jatha\AppData\Roaming\Code\User\globalStorage\vexrobotics.vexcode\sdk\cpp\V5\V5_20240223_11_00_00/vexv5\libv5rt.a(vex_brain.cpp.obj)
                0x0380411c                vex::brain::_getIndex()
 .text._ZN3vex5brain3lcd9setCursorEll
                0x0380412c       0x44 c:\Users\jatha\AppData\Roaming\Code\User\globalStorage\vexrobotics.vexcode\sdk\cpp\V5\V5_20240223_11_00_00/vexv5\libv5rt.a(vex_brain.cpp.obj)
                0x0380412c                vex::brain::lcd::setCursor(long, long)
 .text._ZN3vex5brain3lcd7setFontENS_8fontTypeE
                0x03804170      0x23c c:\Users\jatha\AppData\Roaming\Code\User\globalStorage\vexrobotics.vexcode\sdk\cpp\V5\V5_20240223_11_00_00/vexv5\libv5rt.a(vex_brain.cpp.obj)
                0x03804170                vex::brain::lcd::setFont(vex::fontType)
 .text._ZN3vex5brain3lcdC2Ev
                0x038043ac       0x94 c:\Users\jatha\AppData\Roaming\Code\User\globalStorage\vexrobotics.vexcode\sdk\cpp\V5\V5_20240223_11_00_00/vexv5\libv5rt.a(vex_brain.cpp.obj)
                0x038043ac                vex::brain::lcd::lcd()
                0x038043ac                vex::brain::lcd::lcd()
 .text._ZN3vex5brainC2Ev
                0x03804440       0x3c c:\Users\jatha\AppData\Roaming\Code\User\globalStorage\vexrobotics.vexcode\sdk\cpp\V5\V5_20240223_11_00_00/vexv5\libv5rt.a(vex_brain.cpp.obj)
                0x03804440                vex::brain::brain()
                0x03804440                vex::brain::brain()
 .text._ZN3vex5brain3lcd10rowToPixelEl
                0x0380447c       0x34 c:\Users\jatha\AppData\Roaming\Code\User\globalStorage\vexrobotics.vexcode\sdk\cpp\V5\V5_20240223_11_00_00/vexv5\libv5rt.a(vex_brain.cpp.obj)
                0x0380447c                vex::brain::lcd::rowToPixel(long)
 .text._ZN3vex5brain3lcd5printEPKcz
                0x038044b0       0xb8 c:\Users\jatha\AppData\Roaming\Code\User\globalStorage\vexrobotics.vexcode\sdk\cpp\V5\V5_20240223_11_00_00/vexv5\libv5rt.a(vex_brain.cpp.obj)
                0x038044b0                vex::brain::lcd::print(char const*, ...)
 .text._ZN3vex5brainD2Ev
                0x03804568       0x20 c:\Users\jatha\AppData\Roaming\Code\User\globalStorage\vexrobotics.vexcode\sdk\cpp\V5\V5_20240223_11_00_00/vexv5\libv5rt.a(vex_brain.cpp.obj)
                0x03804568                vex::brain::~brain()
                0x03804568                vex::brain::~brain()
 .text._ZN3vex11competition8_disableEPv
                0x03804588       0xa4 c:\Users\jatha\AppData\Roaming\Code\User\globalStorage\vexrobotics.vexcode\sdk\cpp\V5\V5_20240223_11_00_00/vexv5\libv5rt.a(vex_competition.cpp.obj)
                0x03804588                vex::competition::_disable(void*)
 .text._ZN3vex11competition11_autonomousEv
                0x0380462c       0x80 c:\Users\jatha\AppData\Roaming\Code\User\globalStorage\vexrobotics.vexcode\sdk\cpp\V5\V5_20240223_11_00_00/vexv5\libv5rt.a(vex_competition.cpp.obj)
                0x0380462c                vex::competition::_autonomous()
 .text._ZN3vex11competition14_drivercontrolEv
                0x038046ac       0x80 c:\Users\jatha\AppData\Roaming\Code\User\globalStorage\vexrobotics.vexcode\sdk\cpp\V5\V5_20240223_11_00_00/vexv5\libv5rt.a(vex_competition.cpp.obj)
                0x038046ac                vex::competition::_drivercontrol()
 .text._ZN3vex11competitionC2Ev
                0x0380472c      0x13c c:\Users\jatha\AppData\Roaming\Code\User\globalStorage\vexrobotics.vexcode\sdk\cpp\V5\V5_20240223_11_00_00/vexv5\libv5rt.a(vex_competition.cpp.obj)
                0x0380472c                vex::competition::competition()
                0x0380472c                vex::competition::competition()
 .text._ZN3vex11competitionD2Ev
                0x03804868        0x4 c:\Users\jatha\AppData\Roaming\Code\User\globalStorage\vexrobotics.vexcode\sdk\cpp\V5\V5_20240223_11_00_00/vexv5\libv5rt.a(vex_competition.cpp.obj)
                0x03804868                vex::competition::~competition()
                0x03804868                vex::competition::~competition()
 .text._ZN3vex11competition10autonomousEPFvvE
                0x0380486c       0x44 c:\Users\jatha\AppData\Roaming\Code\User\globalStorage\vexrobotics.vexcode\sdk\cpp\V5\V5_20240223_11_00_00/vexv5\libv5rt.a(vex_competition.cpp.obj)
                0x0380486c                vex::competition::autonomous(void (*)())
 .text._ZN3vex11competition13drivercontrolEPFvvE
                0x038048b0       0x44 c:\Users\jatha\AppData\Roaming\Code\User\globalStorage\vexrobotics.vexcode\sdk\cpp\V5\V5_20240223_11_00_00/vexv5\libv5rt.a(vex_competition.cpp.obj)
                0x038048b0                vex::competition::drivercontrol(void (*)())
 .text._ZN3vex7triportD2Ev
                0x038048f4       0x38 c:\Users\jatha\AppData\Roaming\Code\User\globalStorage\vexrobotics.vexcode\sdk\cpp\V5\V5_20240223_11_00_00/vexv5\libv5rt.a(vex_triport.cpp.obj)
                0x038048f4                vex::triport::~triport()
                0x038048f4                vex::triport::~triport()
 .text._ZN3vex7triportD0Ev
                0x0380492c       0x1c c:\Users\jatha\AppData\Roaming\Code\User\globalStorage\vexrobotics.vexcode\sdk\cpp\V5\V5_20240223_11_00_00/vexv5\libv5rt.a(vex_triport.cpp.obj)
                0x0380492c                vex::triport::~triport()
 .text._ZN3vex7triport9installedEv
                0x03804948       0x18 c:\Users\jatha\AppData\Roaming\Code\User\globalStorage\vexrobotics.vexcode\sdk\cpp\V5\V5_20240223_11_00_00/vexv5\libv5rt.a(vex_triport.cpp.obj)
                0x03804948                vex::triport::installed()
 .text._ZN3vex7triport4portC2ElPS0_
                0x03804960       0x74 c:\Users\jatha\AppData\Roaming\Code\User\globalStorage\vexrobotics.vexcode\sdk\cpp\V5\V5_20240223_11_00_00/vexv5\libv5rt.a(vex_triport.cpp.obj)
                0x03804960                vex::triport::port::port(long, vex::triport*)
                0x03804960                vex::triport::port::port(long, vex::triport*)
 .text._ZN3vex7triportC2El
                0x038049d4       0xf0 c:\Users\jatha\AppData\Roaming\Code\User\globalStorage\vexrobotics.vexcode\sdk\cpp\V5\V5_20240223_11_00_00/vexv5\libv5rt.a(vex_triport.cpp.obj)
                0x038049d4                vex::triport::triport(long)
                0x038049d4                vex::triport::triport(long)
 .text._ZN3vex7triport4port4typeENS_11triportTypeE
                0x03804ac4       0x30 c:\Users\jatha\AppData\Roaming\Code\User\globalStorage\vexrobotics.vexcode\sdk\cpp\V5\V5_20240223_11_00_00/vexv5\libv5rt.a(vex_triport.cpp.obj)
                0x03804ac4                vex::triport::port::type(vex::triportType)
 .text._ZN3vex7triport4port4typeEv
                0x03804af4       0x38 c:\Users\jatha\AppData\Roaming\Code\User\globalStorage\vexrobotics.vexcode\sdk\cpp\V5\V5_20240223_11_00_00/vexv5\libv5rt.a(vex_triport.cpp.obj)
                0x03804af4                vex::triport::port::type()
 .text._ZN3vex7triport4port5valueEl
                0x03804b2c       0x18 c:\Users\jatha\AppData\Roaming\Code\User\globalStorage\vexrobotics.vexcode\sdk\cpp\V5\V5_20240223_11_00_00/vexv5\libv5rt.a(vex_triport.cpp.obj)
                0x03804b2c                vex::triport::port::value(long)
 .text._ZN3vex11__trideviceC2ERNS_7triport4portENS_11triportTypeE
                0x03804b44       0x5c c:\Users\jatha\AppData\Roaming\Code\User\globalStorage\vexrobotics.vexcode\sdk\cpp\V5\V5_20240223_11_00_00/vexv5\libv5rt.a(vex_triport.cpp.obj)
                0x03804b44                vex::__tridevice::__tridevice(vex::triport::port&, vex::triportType)
                0x03804b44                vex::__tridevice::__tridevice(vex::triport::port&, vex::triportType)
 .text._ZN3vex11digital_outC2ERNS_7triport4portE
                0x03804ba0       0x18 c:\Users\jatha\AppData\Roaming\Code\User\globalStorage\vexrobotics.vexcode\sdk\cpp\V5\V5_20240223_11_00_00/vexv5\libv5rt.a(vex_triport.cpp.obj)
                0x03804ba0                vex::digital_out::digital_out(vex::triport::port&)
                0x03804ba0                vex::digital_out::digital_out(vex::triport::port&)
 .text._ZN3vex11digital_outD2Ev
                0x03804bb8        0x4 c:\Users\jatha\AppData\Roaming\Code\User\globalStorage\vexrobotics.vexcode\sdk\cpp\V5\V5_20240223_11_00_00/vexv5\libv5rt.a(vex_triport.cpp.obj)
                0x03804bb8                vex::digital_out::~digital_out()
                0x03804bb8                vex::digital_out::~digital_out()
 .text._ZN3vex11digital_out3setEb
                0x03804bbc        0x8 c:\Users\jatha\AppData\Roaming\Code\User\globalStorage\vexrobotics.vexcode\sdk\cpp\V5\V5_20240223_11_00_00/vexv5\libv5rt.a(vex_triport.cpp.obj)
                0x03804bbc                vex::digital_out::set(bool)
 .text._ZN3vex5colorD2Ev
                0x03804bc4        0x4 c:\Users\jatha\AppData\Roaming\Code\User\globalStorage\vexrobotics.vexcode\sdk\cpp\V5\V5_20240223_11_00_00/vexv5\libv5rt.a(vex_color.cpp.obj)
                0x03804bc4                vex::color::~color()
                0x03804bc4                vex::color::~color()
 .text.startup._GLOBAL__sub_I__ZN3vex5color5blackE
                0x03804bc8      0x164 c:\Users\jatha\AppData\Roaming\Code\User\globalStorage\vexrobotics.vexcode\sdk\cpp\V5\V5_20240223_11_00_00/vexv5\libv5rt.a(vex_color.cpp.obj)
 .text._ZN3vex5timerD2Ev
                0x03804d2c        0x4 c:\Users\jatha\AppData\Roaming\Code\User\globalStorage\vexrobotics.vexcode\sdk\cpp\V5\V5_20240223_11_00_00/vexv5\libv5rt.a(vex_timer.cpp.obj)
                0x03804d2c                vex::timer::~timer()
                0x03804d2c                vex::timer::~timer()
 .text._ZN3vex5timer5clearEv
                0x03804d30       0x1c c:\Users\jatha\AppData\Roaming\Code\User\globalStorage\vexrobotics.vexcode\sdk\cpp\V5\V5_20240223_11_00_00/vexv5\libv5rt.a(vex_timer.cpp.obj)
                0x03804d30                vex::timer::clear()
 .text._ZN3vex5timerC2Ev
                0x03804d4c       0x14 c:\Users\jatha\AppData\Roaming\Code\User\globalStorage\vexrobotics.vexcode\sdk\cpp\V5\V5_20240223_11_00_00/vexv5\libv5rt.a(vex_timer.cpp.obj)
                0x03804d4c                vex::timer::timer()
                0x03804d4c                vex::timer::timer()
 .text._ZN3vex11motor_group18motor_group_motorsC2Ev
                0x03804d60       0x28 c:\Users\jatha\AppData\Roaming\Code\User\globalStorage\vexrobotics.vexcode\sdk\cpp\V5\V5_20240223_11_00_00/vexv5\libv5rt.a(vex_motorgroup.cpp.obj)
                0x03804d60                vex::motor_group::motor_group_motors::motor_group_motors()
                0x03804d60                vex::motor_group::motor_group_motors::motor_group_motors()
 .text._ZN3vex11motor_group18motor_group_motorsC2ERKS1_
                0x03804d88       0x20 c:\Users\jatha\AppData\Roaming\Code\User\globalStorage\vexrobotics.vexcode\sdk\cpp\V5\V5_20240223_11_00_00/vexv5\libv5rt.a(vex_motorgroup.cpp.obj)
                0x03804d88                vex::motor_group::motor_group_motors::motor_group_motors(vex::motor_group::motor_group_motors const&)
                0x03804d88                vex::motor_group::motor_group_motors::motor_group_motors(vex::motor_group::motor_group_motors const&)
 .text._ZN3vex11motor_groupC2Ev
                0x03804da8       0x1c c:\Users\jatha\AppData\Roaming\Code\User\globalStorage\vexrobotics.vexcode\sdk\cpp\V5\V5_20240223_11_00_00/vexv5\libv5rt.a(vex_motorgroup.cpp.obj)
                0x03804da8                vex::motor_group::motor_group()
                0x03804da8                vex::motor_group::motor_group()
 .text._ZN3vex11motor_groupD2Ev
                0x03804dc4        0x4 c:\Users\jatha\AppData\Roaming\Code\User\globalStorage\vexrobotics.vexcode\sdk\cpp\V5\V5_20240223_11_00_00/vexv5\libv5rt.a(vex_motorgroup.cpp.obj)
                0x03804dc4                vex::motor_group::~motor_group()
                0x03804dc4                vex::motor_group::~motor_group()
 .text._ZN3vex11motor_group9_addMotorERNS_5motorE
                0x03804dc8       0x20 c:\Users\jatha\AppData\Roaming\Code\User\globalStorage\vexrobotics.vexcode\sdk\cpp\V5\V5_20240223_11_00_00/vexv5\libv5rt.a(vex_motorgroup.cpp.obj)
                0x03804dc8                vex::motor_group::_addMotor(vex::motor&)
 .text._ZN3vex11motor_group4spinENS_13directionTypeEdNS_13velocityUnitsE
                0x03804de8       0x54 c:\Users\jatha\AppData\Roaming\Code\User\globalStorage\vexrobotics.vexcode\sdk\cpp\V5\V5_20240223_11_00_00/vexv5\libv5rt.a(vex_motorgroup.cpp.obj)
                0x03804de8                vex::motor_group::spin(vex::directionType, double, vex::velocityUnits)
 .text._ZN3vex11motor_group4spinENS_13directionTypeEdNS_12voltageUnitsE
                0x03804e3c       0x54 c:\Users\jatha\AppData\Roaming\Code\User\globalStorage\vexrobotics.vexcode\sdk\cpp\V5\V5_20240223_11_00_00/vexv5\libv5rt.a(vex_motorgroup.cpp.obj)
                0x03804e3c                vex::motor_group::spin(vex::directionType, double, vex::voltageUnits)
 .text._ZN3vex11motor_group8positionENS_13rotationUnitsE
                0x03804e90        0xc c:\Users\jatha\AppData\Roaming\Code\User\globalStorage\vexrobotics.vexcode\sdk\cpp\V5\V5_20240223_11_00_00/vexv5\libv5rt.a(vex_motorgroup.cpp.obj)
                0x03804e90                vex::motor_group::position(vex::rotationUnits)
 .text.vexAdiPortConfigSet
                0x03804e9c       0x28 c:\Users\jatha\AppData\Roaming\Code\User\globalStorage\vexrobotics.vexcode\sdk\cpp\V5\V5_20240223_11_00_00/vexv5\libv5rt.a(v5_apiuser.c.obj)
                0x03804e9c                vexAdiPortConfigSet
 .text.vexAdiPortConfigGet
                0x03804ec4       0x28 c:\Users\jatha\AppData\Roaming\Code\User\globalStorage\vexrobotics.vexcode\sdk\cpp\V5\V5_20240223_11_00_00/vexv5\libv5rt.a(v5_apiuser.c.obj)
                0x03804ec4                vexAdiPortConfigGet
 .text.vexAdiValueSet
                0x03804eec       0x28 c:\Users\jatha\AppData\Roaming\Code\User\globalStorage\vexrobotics.vexcode\sdk\cpp\V5\V5_20240223_11_00_00/vexv5\libv5rt.a(v5_apiuser.c.obj)
                0x03804eec                vexAdiValueSet
 .text.vexMotorVelocitySet
                0x03804f14       0x20 c:\Users\jatha\AppData\Roaming\Code\User\globalStorage\vexrobotics.vexcode\sdk\cpp\V5\V5_20240223_11_00_00/vexv5\libv5rt.a(v5_apiuser.c.obj)
                0x03804f14                vexMotorVelocitySet
 .text.vexMotorVoltageSet
                0x03804f34       0x20 c:\Users\jatha\AppData\Roaming\Code\User\globalStorage\vexrobotics.vexcode\sdk\cpp\V5\V5_20240223_11_00_00/vexv5\libv5rt.a(v5_apiuser.c.obj)
                0x03804f34                vexMotorVoltageSet
 .text.vexMotorActualVelocityGet
                0x03804f54       0x24 c:\Users\jatha\AppData\Roaming\Code\User\globalStorage\vexrobotics.vexcode\sdk\cpp\V5\V5_20240223_11_00_00/vexv5\libv5rt.a(v5_apiuser.c.obj)
                0x03804f54                vexMotorActualVelocityGet
 .text.vexMotorReverseFlagSet
                0x03804f78       0x20 c:\Users\jatha\AppData\Roaming\Code\User\globalStorage\vexrobotics.vexcode\sdk\cpp\V5\V5_20240223_11_00_00/vexv5\libv5rt.a(v5_apiuser.c.obj)
                0x03804f78                vexMotorReverseFlagSet
 .text.vexMotorEncoderUnitsSet
                0x03804f98       0x20 c:\Users\jatha\AppData\Roaming\Code\User\globalStorage\vexrobotics.vexcode\sdk\cpp\V5\V5_20240223_11_00_00/vexv5\libv5rt.a(v5_apiuser.c.obj)
                0x03804f98                vexMotorEncoderUnitsSet
 .text.vexMotorBrakeModeSet
                0x03804fb8       0x20 c:\Users\jatha\AppData\Roaming\Code\User\globalStorage\vexrobotics.vexcode\sdk\cpp\V5\V5_20240223_11_00_00/vexv5\libv5rt.a(v5_apiuser.c.obj)
                0x03804fb8                vexMotorBrakeModeSet
 .text.vexMotorPositionSet
                0x03804fd8       0x28 c:\Users\jatha\AppData\Roaming\Code\User\globalStorage\vexrobotics.vexcode\sdk\cpp\V5\V5_20240223_11_00_00/vexv5\libv5rt.a(v5_apiuser.c.obj)
                0x03804fd8                vexMotorPositionSet
 .text.vexMotorPositionGet
                0x03805000       0x24 c:\Users\jatha\AppData\Roaming\Code\User\globalStorage\vexrobotics.vexcode\sdk\cpp\V5\V5_20240223_11_00_00/vexv5\libv5rt.a(v5_apiuser.c.obj)
                0x03805000                vexMotorPositionGet
 .text.vexMotorGearingSet
                0x03805024       0x20 c:\Users\jatha\AppData\Roaming\Code\User\globalStorage\vexrobotics.vexcode\sdk\cpp\V5\V5_20240223_11_00_00/vexv5\libv5rt.a(v5_apiuser.c.obj)
                0x03805024                vexMotorGearingSet
 .text.vexMotorGearingGet
                0x03805044       0x18 c:\Users\jatha\AppData\Roaming\Code\User\globalStorage\vexrobotics.vexcode\sdk\cpp\V5\V5_20240223_11_00_00/vexv5\libv5rt.a(v5_apiuser.c.obj)
                0x03805044                vexMotorGearingGet
 .text.vexImuReset
                0x0380505c       0x10 c:\Users\jatha\AppData\Roaming\Code\User\globalStorage\vexrobotics.vexcode\sdk\cpp\V5\V5_20240223_11_00_00/vexv5\libv5rt.a(v5_apiuser.c.obj)
                0x0380505c                vexImuReset
 .text.vexImuHeadingGet
                0x0380506c       0x10 c:\Users\jatha\AppData\Roaming\Code\User\globalStorage\vexrobotics.vexcode\sdk\cpp\V5\V5_20240223_11_00_00/vexv5\libv5rt.a(v5_apiuser.c.obj)
                0x0380506c                vexImuHeadingGet
 .text.vexImuDegreesGet
                0x0380507c       0x10 c:\Users\jatha\AppData\Roaming\Code\User\globalStorage\vexrobotics.vexcode\sdk\cpp\V5\V5_20240223_11_00_00/vexv5\libv5rt.a(v5_apiuser.c.obj)
                0x0380507c                vexImuDegreesGet
 .text.vexImuStatusGet
                0x0380508c       0x10 c:\Users\jatha\AppData\Roaming\Code\User\globalStorage\vexrobotics.vexcode\sdk\cpp\V5\V5_20240223_11_00_00/vexv5\libv5rt.a(v5_apiuser.c.obj)
                0x0380508c                vexImuStatusGet
 .text.vexAbsEncPositionSet
                0x0380509c       0x18 c:\Users\jatha\AppData\Roaming\Code\User\globalStorage\vexrobotics.vexcode\sdk\cpp\V5\V5_20240223_11_00_00/vexv5\libv5rt.a(v5_apiuser.c.obj)
                0x0380509c                vexAbsEncPositionSet
 .text.vexAbsEncPositionGet
                0x038050b4       0x10 c:\Users\jatha\AppData\Roaming\Code\User\globalStorage\vexrobotics.vexcode\sdk\cpp\V5\V5_20240223_11_00_00/vexv5\libv5rt.a(v5_apiuser.c.obj)
                0x038050b4                vexAbsEncPositionGet
 .text.vexAbsEncAngleGet
                0x038050c4       0x10 c:\Users\jatha\AppData\Roaming\Code\User\globalStorage\vexrobotics.vexcode\sdk\cpp\V5\V5_20240223_11_00_00/vexv5\libv5rt.a(v5_apiuser.c.obj)
                0x038050c4                vexAbsEncAngleGet
 .text.vexAbsEncReverseFlagSet
                0x038050d4       0x18 c:\Users\jatha\AppData\Roaming\Code\User\globalStorage\vexrobotics.vexcode\sdk\cpp\V5\V5_20240223_11_00_00/vexv5\libv5rt.a(v5_apiuser.c.obj)
                0x038050d4                vexAbsEncReverseFlagSet
 .text.vexEventMaskSet
                0x038050ec       0x28 c:\Users\jatha\AppData\Roaming\Code\User\globalStorage\vexrobotics.vexcode\sdk\cpp\V5\V5_20240223_11_00_00/vexv5\libv5rt.a(v5_apiuser.c.obj)
                0x038050ec                vexEventMaskSet
 .text.vexEventMaskGet
                0x03805114       0x18 c:\Users\jatha\AppData\Roaming\Code\User\globalStorage\vexrobotics.vexcode\sdk\cpp\V5\V5_20240223_11_00_00/vexv5\libv5rt.a(v5_apiuser.c.obj)
                0x03805114                vexEventMaskGet
 .text.vexEventBitsSet
                0x0380512c       0x28 c:\Users\jatha\AppData\Roaming\Code\User\globalStorage\vexrobotics.vexcode\sdk\cpp\V5\V5_20240223_11_00_00/vexv5\libv5rt.a(v5_apiuser.c.obj)
                0x0380512c                vexEventBitsSet
 .text.vexEventBitsGet
                0x03805154       0x18 c:\Users\jatha\AppData\Roaming\Code\User\globalStorage\vexrobotics.vexcode\sdk\cpp\V5\V5_20240223_11_00_00/vexv5\libv5rt.a(v5_apiuser.c.obj)
                0x03805154                vexEventBitsGet
 .text.__aeabi_memclr
                0x0380516c        0x8 c:\Users\jatha\AppData\Roaming\Code\User\globalStorage\vexrobotics.vexcode\sdk\cpp\V5\V5_20240223_11_00_00/vexv5/gcc/libs\libc.a(lib_a-aeabi_memclr.o)
                0x0380516c                __aeabi_memclr4
                0x0380516c                __aeabi_memclr
                0x0380516c                __aeabi_memclr8
 .text.__aeabi_memcpy
                0x03805174        0x4 c:\Users\jatha\AppData\Roaming\Code\User\globalStorage\vexrobotics.vexcode\sdk\cpp\V5\V5_20240223_11_00_00/vexv5/gcc/libs\libc.a(lib_a-aeabi_memcpy.o)
                0x03805174                __aeabi_memcpy
                0x03805174                __aeabi_memcpy8
                0x03805174                __aeabi_memcpy4
 .text.__libc_fini_array
                0x03805178       0x30 c:\Users\jatha\AppData\Roaming\Code\User\globalStorage\vexrobotics.vexcode\sdk\cpp\V5\V5_20240223_11_00_00/vexv5/gcc/libs\libc.a(lib_a-fini.o)
                0x03805178                __libc_fini_array
 .text.__libc_init_array
                0x038051a8       0x58 c:\Users\jatha\AppData\Roaming\Code\User\globalStorage\vexrobotics.vexcode\sdk\cpp\V5\V5_20240223_11_00_00/vexv5/gcc/libs\libc.a(lib_a-init.o)
                0x038051a8                __libc_init_array
 .text.memcpy   0x03805200       0xa8 c:\Users\jatha\AppData\Roaming\Code\User\globalStorage\vexrobotics.vexcode\sdk\cpp\V5\V5_20240223_11_00_00/vexv5/gcc/libs\libc.a(lib_a-memcpy.o)
                0x03805200                memcpy
 .text.memcpy.__stub
                0x038052a8       0x20 linker stubs
 *(.gnu.linkonce.t.*)
 *(.plt)
 *(.gnu_warning)
 *(.gcc_except_table)
 *(.glue_7)
 .glue_7        0x00000000        0x0 linker stubs
 *(.glue_7t)
 .glue_7t       0x00000000        0x0 linker stubs
 *(.vfp11_veneer)
 .vfp11_veneer  0x00000000        0x0 linker stubs
 *(.ARM.extab)
 *(.gnu.linkonce.armextab.*)

.v4_bx          0x038052c8        0x0
 .v4_bx         0x00000000        0x0 linker stubs

.iplt           0x038052c8        0x0
 .iplt          0x00000000        0x0 build/src/main.o

.init
 *(.init)

.fini
 *(.fini)

.rodata         0x038052c8      0x21c
                0x038052c8                __rodata_start = .
 *(.rodata)
 *(.rodata.*)
 .rodata.str1.1
                0x038052c8       0x14 build/src/main.o
 .rodata._ZTVN3art11SimpleMotorE
                0x038052dc       0x18 build/src/robotConfig.o
                0x038052dc                vtable for art::SimpleMotor
 .rodata.str1.1
                0x038052f4       0x12 build/src/ART/SmartDrive.o
 *fill*         0x03805306        0x2 
 .rodata._ZTVSt19_Sp_counted_deleterIPN3vex8rotationENSt12__shared_ptrIS1_LN9__gnu_cxx12_Lock_policyE0EE8_DeleterISaIS1_EEES8_LS5_0EE
                0x03805308       0x1c build/src/ART/SmartDrive.o
                0x03805308                vtable for std::_Sp_counted_deleter<vex::rotation*, std::__shared_ptr<vex::rotation, (__gnu_cxx::_Lock_policy)0>::_Deleter<std::allocator<vex::rotation> >, std::allocator<vex::rotation>, (__gnu_cxx::_Lock_policy)0>
 .rodata.str1.1
                0x03805324       0x2e c:\Users\jatha\AppData\Roaming\Code\User\globalStorage\vexrobotics.vexcode\sdk\cpp\V5\V5_20240223_11_00_00/vexv5\libv5rt.a(v5_startup.c.obj)
 *fill*         0x03805352        0x2 
 .rodata._ZN3vex3fwdE
                0x03805354        0x4 c:\Users\jatha\AppData\Roaming\Code\User\globalStorage\vexrobotics.vexcode\sdk\cpp\V5\V5_20240223_11_00_00/vexv5\libv5rt.a(vex_global.cpp.obj)
                0x03805354                vex::fwd
 .rodata._ZN3vex5PORT1E
                0x03805358        0x4 c:\Users\jatha\AppData\Roaming\Code\User\globalStorage\vexrobotics.vexcode\sdk\cpp\V5\V5_20240223_11_00_00/vexv5\libv5rt.a(vex_global.cpp.obj)
                0x03805358                vex::PORT1
 .rodata._ZN3vex4voltE
                0x0380535c        0x4 c:\Users\jatha\AppData\Roaming\Code\User\globalStorage\vexrobotics.vexcode\sdk\cpp\V5\V5_20240223_11_00_00/vexv5\libv5rt.a(vex_global.cpp.obj)
                0x0380535c                vex::volt
 .rodata._ZN3vex6PORT10E
                0x03805360        0x4 c:\Users\jatha\AppData\Roaming\Code\User\globalStorage\vexrobotics.vexcode\sdk\cpp\V5\V5_20240223_11_00_00/vexv5\libv5rt.a(vex_global.cpp.obj)
                0x03805360                vex::PORT10
 .rodata._ZN3vex6PORT14E
                0x03805364        0x4 c:\Users\jatha\AppData\Roaming\Code\User\globalStorage\vexrobotics.vexcode\sdk\cpp\V5\V5_20240223_11_00_00/vexv5\libv5rt.a(vex_global.cpp.obj)
                0x03805364                vex::PORT14
 .rodata._ZN3vex3pctE
                0x03805368        0x4 c:\Users\jatha\AppData\Roaming\Code\User\globalStorage\vexrobotics.vexcode\sdk\cpp\V5\V5_20240223_11_00_00/vexv5\libv5rt.a(vex_global.cpp.obj)
                0x03805368                vex::pct
 .rodata._ZN3vex4msecE
                0x0380536c        0x4 c:\Users\jatha\AppData\Roaming\Code\User\globalStorage\vexrobotics.vexcode\sdk\cpp\V5\V5_20240223_11_00_00/vexv5\libv5rt.a(vex_global.cpp.obj)
                0x0380536c                vex::msec
 .rodata._ZN3vex6PORT18E
                0x03805370        0x4 c:\Users\jatha\AppData\Roaming\Code\User\globalStorage\vexrobotics.vexcode\sdk\cpp\V5\V5_20240223_11_00_00/vexv5\libv5rt.a(vex_global.cpp.obj)
                0x03805370                vex::PORT18
 .rodata._ZN3vex5PORT9E
                0x03805374        0x4 c:\Users\jatha\AppData\Roaming\Code\User\globalStorage\vexrobotics.vexcode\sdk\cpp\V5\V5_20240223_11_00_00/vexv5\libv5rt.a(vex_global.cpp.obj)
                0x03805374                vex::PORT9
 .rodata._ZN3vex5PORT2E
                0x03805378        0x4 c:\Users\jatha\AppData\Roaming\Code\User\globalStorage\vexrobotics.vexcode\sdk\cpp\V5\V5_20240223_11_00_00/vexv5\libv5rt.a(vex_global.cpp.obj)
                0x03805378                vex::PORT2
 .rodata._ZN3vex3degE
                0x0380537c        0x4 c:\Users\jatha\AppData\Roaming\Code\User\globalStorage\vexrobotics.vexcode\sdk\cpp\V5\V5_20240223_11_00_00/vexv5\libv5rt.a(vex_global.cpp.obj)
                0x0380537c                vex::deg
 .rodata._ZN3vex7degreesE
                0x03805380        0x4 c:\Users\jatha\AppData\Roaming\Code\User\globalStorage\vexrobotics.vexcode\sdk\cpp\V5\V5_20240223_11_00_00/vexv5\libv5rt.a(vex_global.cpp.obj)
                0x03805380                vex::degrees
 .rodata._ZN3vex6PORT22E
                0x03805384        0x4 c:\Users\jatha\AppData\Roaming\Code\User\globalStorage\vexrobotics.vexcode\sdk\cpp\V5\V5_20240223_11_00_00/vexv5\libv5rt.a(vex_global.cpp.obj)
                0x03805384                vex::PORT22
 .rodata._ZN3vex6PORT16E
                0x03805388        0x4 c:\Users\jatha\AppData\Roaming\Code\User\globalStorage\vexrobotics.vexcode\sdk\cpp\V5\V5_20240223_11_00_00/vexv5\libv5rt.a(vex_global.cpp.obj)
                0x03805388                vex::PORT16
 .rodata._ZN3vex5PORT8E
                0x0380538c        0x4 c:\Users\jatha\AppData\Roaming\Code\User\globalStorage\vexrobotics.vexcode\sdk\cpp\V5\V5_20240223_11_00_00/vexv5\libv5rt.a(vex_global.cpp.obj)
                0x0380538c                vex::PORT8
 .rodata._ZN3vex6PORT17E
                0x03805390        0x4 c:\Users\jatha\AppData\Roaming\Code\User\globalStorage\vexrobotics.vexcode\sdk\cpp\V5\V5_20240223_11_00_00/vexv5\libv5rt.a(vex_global.cpp.obj)
                0x03805390                vex::PORT17
 *fill*         0x03805394        0x4 
 .rodata._ZTVN3vex6deviceE
                0x03805398       0x18 c:\Users\jatha\AppData\Roaming\Code\User\globalStorage\vexrobotics.vexcode\sdk\cpp\V5\V5_20240223_11_00_00/vexv5\libv5rt.a(vex_device.cpp.obj)
                0x03805398                vtable for vex::device
 .rodata._ZTVN3vex5motorE
                0x038053b0       0x18 c:\Users\jatha\AppData\Roaming\Code\User\globalStorage\vexrobotics.vexcode\sdk\cpp\V5\V5_20240223_11_00_00/vexv5\libv5rt.a(vex_motor.cpp.obj)
                0x038053b0                vtable for vex::motor
 .rodata._ZTVN3vex8inertialE
                0x038053c8       0x68 c:\Users\jatha\AppData\Roaming\Code\User\globalStorage\vexrobotics.vexcode\sdk\cpp\V5\V5_20240223_11_00_00/vexv5\libv5rt.a(vex_imu.cpp.obj)
                0x038053c8                vtable for vex::inertial
 .rodata._ZTVN3vex8rotationE
                0x03805430       0x18 c:\Users\jatha\AppData\Roaming\Code\User\globalStorage\vexrobotics.vexcode\sdk\cpp\V5\V5_20240223_11_00_00/vexv5\libv5rt.a(vex_rotation.cpp.obj)
                0x03805430                vtable for vex::rotation
 .rodata.CSWTCH.16
                0x03805448        0xb c:\Users\jatha\AppData\Roaming\Code\User\globalStorage\vexrobotics.vexcode\sdk\cpp\V5\V5_20240223_11_00_00/vexv5\libv5rt.a(vex_controller.cpp.obj)
 .rodata.CSWTCH.18
                0x03805453        0xb c:\Users\jatha\AppData\Roaming\Code\User\globalStorage\vexrobotics.vexcode\sdk\cpp\V5\V5_20240223_11_00_00/vexv5\libv5rt.a(vex_controller.cpp.obj)
 .rodata.CSWTCH.24
                0x0380545e        0x3 c:\Users\jatha\AppData\Roaming\Code\User\globalStorage\vexrobotics.vexcode\sdk\cpp\V5\V5_20240223_11_00_00/vexv5\libv5rt.a(vex_controller.cpp.obj)
 .rodata.str1.1
                0x03805461       0x14 c:\Users\jatha\AppData\Roaming\Code\User\globalStorage\vexrobotics.vexcode\sdk\cpp\V5\V5_20240223_11_00_00/vexv5\libv5rt.a(vex_task.cpp.obj)
 .rodata.str1.1
                0x03805475       0x2d c:\Users\jatha\AppData\Roaming\Code\User\globalStorage\vexrobotics.vexcode\sdk\cpp\V5\V5_20240223_11_00_00/vexv5\libv5rt.a(vex_brain.cpp.obj)
 *fill*         0x038054a2        0x6 
 .rodata._ZTVN3vex7triportE
                0x038054a8       0x18 c:\Users\jatha\AppData\Roaming\Code\User\globalStorage\vexrobotics.vexcode\sdk\cpp\V5\V5_20240223_11_00_00/vexv5\libv5rt.a(vex_triport.cpp.obj)
                0x038054a8                vtable for vex::triport
 .rodata.CSWTCH.39
                0x038054c0        0xe c:\Users\jatha\AppData\Roaming\Code\User\globalStorage\vexrobotics.vexcode\sdk\cpp\V5\V5_20240223_11_00_00/vexv5\libv5rt.a(vex_triport.cpp.obj)
 .rodata.CSWTCH.44
                0x038054ce       0x10 c:\Users\jatha\AppData\Roaming\Code\User\globalStorage\vexrobotics.vexcode\sdk\cpp\V5\V5_20240223_11_00_00/vexv5\libv5rt.a(vex_triport.cpp.obj)
 *fill*         0x038054de        0x2 
 .rodata.str1.4
                0x038054e0        0x4 c:\Users\jatha\AppData\Roaming\Code\User\globalStorage\vexrobotics.vexcode\sdk\cpp\V5\V5_20240223_11_00_00/vexv5/gcc/libs\libc.a(lib_a-impure.o)
                                  0x2 (size before relaxing)
 *(.gnu.linkonce.r.*)
                0x038054e4                __rodata_end = .

.rodata1        0x038054e4        0x0
                0x038054e4                __rodata1_start = .
 *(.rodata1)
 *(.rodata1.*)
                0x038054e4                __rodata1_end = .

.sdata2         0x038054e4        0x0
                0x038054e4                __sdata2_start = .
 *(.sdata2)
 *(.sdata2.*)
 *(.gnu.linkonce.s2.*)
                0x038054e4                __sdata2_end = .

.sbss2          0x038054e4        0x0
                0x038054e4                __sbss2_start = .
 *(.sbss2)
 *(.sbss2.*)
 *(.gnu.linkonce.sb2.*)
                0x038054e4                __sbss2_end = .

.data           0x038054e8      0x43c
                0x038054e8                __data_start = .
 *(.data)
 *(.data.*)
 .data.appRunning
                0x038054e8        0x4 c:\Users\jatha\AppData\Roaming\Code\User\globalStorage\vexrobotics.vexcode\sdk\cpp\V5\V5_20240223_11_00_00/vexv5\libv5rt.a(v5_startup.c.obj)
                0x038054e8                appRunning
 .data.__yoff   0x038054ec        0x4 c:\Users\jatha\AppData\Roaming\Code\User\globalStorage\vexrobotics.vexcode\sdk\cpp\V5\V5_20240223_11_00_00/vexv5\libv5rt.a(v5_apijump.c.obj)
 .data._ZN3vex24__default_motor_velocityE
                0x038054f0        0x4 c:\Users\jatha\AppData\Roaming\Code\User\globalStorage\vexrobotics.vexcode\sdk\cpp\V5\V5_20240223_11_00_00/vexv5\libv5rt.a(vex_motor.cpp.obj)
                0x038054f0                vex::__default_motor_velocity
 *fill*         0x038054f4        0x4 
 .data.impure_data
                0x038054f8      0x428 c:\Users\jatha\AppData\Roaming\Code\User\globalStorage\vexrobotics.vexcode\sdk\cpp\V5\V5_20240223_11_00_00/vexv5/gcc/libs\libc.a(lib_a-impure.o)
 .data._impure_ptr
                0x03805920        0x4 c:\Users\jatha\AppData\Roaming\Code\User\globalStorage\vexrobotics.vexcode\sdk\cpp\V5\V5_20240223_11_00_00/vexv5/gcc/libs\libc.a(lib_a-impure.o)
                0x03805920                _impure_ptr
 *(.gnu.linkonce.d.*)
 *(.jcr)
 *(.got)
 *(.got.plt)
                0x03805924                __data_end = .

.igot.plt       0x03805924        0x0
 .igot.plt      0x00000000        0x0 build/src/main.o

.data1          0x03805924        0x0
                0x03805924                __data1_start = .
 *(.data1)
 *(.data1.*)
                0x03805924                __data1_end = .

.got
 *(.got)

.ctors          0x03805924        0x0
                0x03805924                __CTOR_LIST__ = .
                0x03805924                ___CTORS_LIST___ = .
 *crtbegin.o(.ctors)
 *(EXCLUDE_FILE(*crtend.o) .ctors)
 *(SORT(.ctors.*))
 *(.ctors)
                0x03805924                __CTOR_END__ = .
                0x03805924                ___CTORS_END___ = .

.dtors          0x03805924        0x0
                0x03805924                __DTOR_LIST__ = .
                0x03805924                ___DTORS_LIST___ = .
 *crtbegin.o(.dtors)
 *(EXCLUDE_FILE(*crtend.o) .dtors)
 *(SORT(.dtors.*))
 *(.dtors)
                0x03805924                __DTOR_END__ = .
                0x03805924                ___DTORS_END___ = .

.fixup          0x03805924        0x0
                0x03805924                __fixup_start = .
 *(.fixup)
                0x03805924                __fixup_end = .

.eh_frame
 *(.eh_frame)

.eh_framehdr    0x03805924        0x0